Archive member included to satisfy reference by file (symbol)

/package/eda/altera/altera17.0/nios2eds/bin/gnu/H-x86_64-pc-linux-gnu/bin/../lib/gcc/nios2-elf/5.3.0/mno-hw-mul/libgcc.a(lib2-mul.o)
                              obj/default/hello_world.o (__mulsi3)
/package/eda/altera/altera17.0/nios2eds/bin/gnu/H-x86_64-pc-linux-gnu/bin/../lib/gcc/nios2-elf/5.3.0/../../../../../H-x86_64-pc-linux-gnu/nios2-elf/lib/mno-hw-mul/libc.a(lib_a-printf.o)
                              obj/default/hello_world.o (printf)
/package/eda/altera/altera17.0/nios2eds/bin/gnu/H-x86_64-pc-linux-gnu/bin/../lib/gcc/nios2-elf/5.3.0/../../../../../H-x86_64-pc-linux-gnu/nios2-elf/lib/mno-hw-mul/libc.a(lib_a-putchar.o)
                              obj/default/hello_world.o (putchar)
/package/eda/altera/altera17.0/nios2eds/bin/gnu/H-x86_64-pc-linux-gnu/bin/../lib/gcc/nios2-elf/5.3.0/../../../../../H-x86_64-pc-linux-gnu/nios2-elf/lib/mno-hw-mul/libc.a(lib_a-vfprintf.o)
                              /package/eda/altera/altera17.0/nios2eds/bin/gnu/H-x86_64-pc-linux-gnu/bin/../lib/gcc/nios2-elf/5.3.0/../../../../../H-x86_64-pc-linux-gnu/nios2-elf/lib/mno-hw-mul/libc.a(lib_a-printf.o) (___vfprintf_internal_r)
/package/eda/altera/altera17.0/nios2eds/bin/gnu/H-x86_64-pc-linux-gnu/bin/../lib/gcc/nios2-elf/5.3.0/../../../../../H-x86_64-pc-linux-gnu/nios2-elf/lib/mno-hw-mul/libc.a(lib_a-wsetup.o)
                              /package/eda/altera/altera17.0/nios2eds/bin/gnu/H-x86_64-pc-linux-gnu/bin/../lib/gcc/nios2-elf/5.3.0/../../../../../H-x86_64-pc-linux-gnu/nios2-elf/lib/mno-hw-mul/libc.a(lib_a-vfprintf.o) (__swsetup_r)
/package/eda/altera/altera17.0/nios2eds/bin/gnu/H-x86_64-pc-linux-gnu/bin/../lib/gcc/nios2-elf/5.3.0/../../../../../H-x86_64-pc-linux-gnu/nios2-elf/lib/mno-hw-mul/libc.a(lib_a-dtoa.o)
                              /package/eda/altera/altera17.0/nios2eds/bin/gnu/H-x86_64-pc-linux-gnu/bin/../lib/gcc/nios2-elf/5.3.0/../../../../../H-x86_64-pc-linux-gnu/nios2-elf/lib/mno-hw-mul/libc.a(lib_a-vfprintf.o) (_dtoa_r)
/package/eda/altera/altera17.0/nios2eds/bin/gnu/H-x86_64-pc-linux-gnu/bin/../lib/gcc/nios2-elf/5.3.0/../../../../../H-x86_64-pc-linux-gnu/nios2-elf/lib/mno-hw-mul/libc.a(lib_a-fflush.o)
                              /package/eda/altera/altera17.0/nios2eds/bin/gnu/H-x86_64-pc-linux-gnu/bin/../lib/gcc/nios2-elf/5.3.0/../../../../../H-x86_64-pc-linux-gnu/nios2-elf/lib/mno-hw-mul/libc.a(lib_a-vfprintf.o) (_fflush_r)
/package/eda/altera/altera17.0/nios2eds/bin/gnu/H-x86_64-pc-linux-gnu/bin/../lib/gcc/nios2-elf/5.3.0/../../../../../H-x86_64-pc-linux-gnu/nios2-elf/lib/mno-hw-mul/libc.a(lib_a-findfp.o)
                              /package/eda/altera/altera17.0/nios2eds/bin/gnu/H-x86_64-pc-linux-gnu/bin/../lib/gcc/nios2-elf/5.3.0/../../../../../H-x86_64-pc-linux-gnu/nios2-elf/lib/mno-hw-mul/libc.a(lib_a-vfprintf.o) (__sinit)
/package/eda/altera/altera17.0/nios2eds/bin/gnu/H-x86_64-pc-linux-gnu/bin/../lib/gcc/nios2-elf/5.3.0/../../../../../H-x86_64-pc-linux-gnu/nios2-elf/lib/mno-hw-mul/libc.a(lib_a-freer.o)
                              /package/eda/altera/altera17.0/nios2eds/bin/gnu/H-x86_64-pc-linux-gnu/bin/../lib/gcc/nios2-elf/5.3.0/../../../../../H-x86_64-pc-linux-gnu/nios2-elf/lib/mno-hw-mul/libc.a(lib_a-wsetup.o) (_free_r)
/package/eda/altera/altera17.0/nios2eds/bin/gnu/H-x86_64-pc-linux-gnu/bin/../lib/gcc/nios2-elf/5.3.0/../../../../../H-x86_64-pc-linux-gnu/nios2-elf/lib/mno-hw-mul/libc.a(lib_a-fwalk.o)
                              /package/eda/altera/altera17.0/nios2eds/bin/gnu/H-x86_64-pc-linux-gnu/bin/../lib/gcc/nios2-elf/5.3.0/../../../../../H-x86_64-pc-linux-gnu/nios2-elf/lib/mno-hw-mul/libc.a(lib_a-findfp.o) (_fwalk)
/package/eda/altera/altera17.0/nios2eds/bin/gnu/H-x86_64-pc-linux-gnu/bin/../lib/gcc/nios2-elf/5.3.0/../../../../../H-x86_64-pc-linux-gnu/nios2-elf/lib/mno-hw-mul/libc.a(lib_a-impure.o)
                              /package/eda/altera/altera17.0/nios2eds/bin/gnu/H-x86_64-pc-linux-gnu/bin/../lib/gcc/nios2-elf/5.3.0/../../../../../H-x86_64-pc-linux-gnu/nios2-elf/lib/mno-hw-mul/libc.a(lib_a-fflush.o) (_global_impure_ptr)
/package/eda/altera/altera17.0/nios2eds/bin/gnu/H-x86_64-pc-linux-gnu/bin/../lib/gcc/nios2-elf/5.3.0/../../../../../H-x86_64-pc-linux-gnu/nios2-elf/lib/mno-hw-mul/libc.a(lib_a-locale.o)
                              /package/eda/altera/altera17.0/nios2eds/bin/gnu/H-x86_64-pc-linux-gnu/bin/../lib/gcc/nios2-elf/5.3.0/../../../../../H-x86_64-pc-linux-gnu/nios2-elf/lib/mno-hw-mul/libc.a(lib_a-vfprintf.o) (_localeconv_r)
/package/eda/altera/altera17.0/nios2eds/bin/gnu/H-x86_64-pc-linux-gnu/bin/../lib/gcc/nios2-elf/5.3.0/../../../../../H-x86_64-pc-linux-gnu/nios2-elf/lib/mno-hw-mul/libc.a(lib_a-makebuf.o)
                              /package/eda/altera/altera17.0/nios2eds/bin/gnu/H-x86_64-pc-linux-gnu/bin/../lib/gcc/nios2-elf/5.3.0/../../../../../H-x86_64-pc-linux-gnu/nios2-elf/lib/mno-hw-mul/libc.a(lib_a-wsetup.o) (__smakebuf_r)
[...]
Memory Configuration

Name             Origin             Length             Attributes
reset            0x0000000008000000 0x0000000000000020
new_sdram_controller_0 0x0000000008000020 0x0000000007ffffe0
*default*        0x0000000000000000 0xffffffffffffffff

Linker script and memory map

LOAD ../crc_custom_instruction_multicycle_bsp//obj/HAL/src/crt0.o
LOAD obj/default/hello_world.o
LOAD /package/eda/altera/altera17.0/nios2eds/bin/gnu/H-x86_64-pc-linux-gnu/bin/../lib/gcc/nios2-elf/5.3.0/../../../../../H-x86_64-pc-linux-gnu/nios2-elf/lib/mno-hw-mul/libstdc++.a
LOAD /package/eda/altera/altera17.0/nios2eds/bin/gnu/H-x86_64-pc-linux-gnu/bin/../lib/gcc/nios2-elf/5.3.0/../../../../../H-x86_64-pc-linux-gnu/nios2-elf/lib/mno-hw-mul/libm.a
LOAD /package/eda/altera/altera17.0/nios2eds/bin/gnu/H-x86_64-pc-linux-gnu/bin/../lib/gcc/nios2-elf/5.3.0/mno-hw-mul/libgcc.a
START GROUP
LOAD /package/eda/altera/altera17.0/nios2eds/bin/gnu/H-x86_64-pc-linux-gnu/bin/../lib/gcc/nios2-elf/5.3.0/../../../../../H-x86_64-pc-linux-gnu/nios2-elf/lib/mno-hw-mul/libc.a
LOAD /package/eda/altera/altera17.0/nios2eds/bin/gnu/H-x86_64-pc-linux-gnu/bin/../lib/gcc/nios2-elf/5.3.0/mno-hw-mul/libgcc.a
LOAD ../crc_custom_instruction_multicycle_bsp//libhal_bsp.a
LOAD /package/eda/altera/altera17.0/nios2eds/bin/gnu/H-x86_64-pc-linux-gnu/bin/../lib/gcc/nios2-elf/5.3.0/../../../../../H-x86_64-pc-linux-gnu/nios2-elf/lib/mno-hw-mul/libm.a
END GROUP
LOAD /package/eda/altera/altera17.0/nios2eds/bin/gnu/H-x86_64-pc-linux-gnu/bin/../lib/gcc/nios2-elf/5.3.0/mno-hw-mul/libgcc.a
                0x0000000008000000                __alt_mem_new_sdram_controller_0 = 0x8000000

.entry          0x0000000008000000       0x20
 *(.entry)
 .entry         0x0000000008000000       0x20 ../crc_custom_instruction_multicycle_bsp//obj/HAL/src/crt0.o
                0x0000000008000000                __reset

.exceptions     0x0000000008000020      0x1a0
                0x0000000008000020                PROVIDE (__ram_exceptions_start, ABSOLUTE (.))
                0x0000000008000020                . = ALIGN (0x20)
 *(.irq)
 *(.exceptions.entry.label)
 .exceptions.entry.label
                0x0000000008000020        0x0 ../crc_custom_instruction_multicycle_bsp//libhal_bsp.a(alt_irq_entry.o)
                0x0000000008000020                alt_irq_entry
 .exceptions.entry.label
                0x0000000008000020        0x0 ../crc_custom_instruction_multicycle_bsp//libhal_bsp.a(alt_exception_entry.o)
                0x0000000008000020                alt_exception
 *(.exceptions.entry.user)
 *(.exceptions.entry.ecc_fatal)
 *(.exceptions.entry)
 .exceptions.entry
                0x0000000008000020       0x54 ../crc_custom_instruction_multicycle_bsp//libhal_bsp.a(alt_exception_entry.o)
 *(.exceptions.irqtest.user)
 *(.exceptions.irqtest)
 .exceptions.irqtest
                0x0000000008000074       0x10 ../crc_custom_instruction_multicycle_bsp//libhal_bsp.a(alt_irq_entry.o)
 *(.exceptions.irqhandler.user)
 *(.exceptions.irqhandler)
 .exceptions.irqhandler
                0x0000000008000084        0x4 ../crc_custom_instruction_multicycle_bsp//libhal_bsp.a(alt_irq_entry.o)
 *(.exceptions.irqreturn.user)
 *(.exceptions.irqreturn)
 .exceptions.irqreturn
                0x0000000008000088        0x4 ../crc_custom_instruction_multicycle_bsp//libhal_bsp.a(alt_irq_entry.o)
 *(.exceptions.notirq.label)
 .exceptions.notirq.label
                0x000000000800008c        0x0 ../crc_custom_instruction_multicycle_bsp//libhal_bsp.a(alt_irq_entry.o)
 *(.exceptions.notirq.user)
 *(.exceptions.notirq)
 .exceptions.notirq
                0x000000000800008c        0x8 ../crc_custom_instruction_multicycle_bsp//libhal_bsp.a(alt_exception_entry.o)
 *(.exceptions.soft.user)
 *(.exceptions.soft)
 *(.exceptions.unknown.user)
 *(.exceptions.unknown)
 .exceptions.unknown
                0x0000000008000094        0x4 ../crc_custom_instruction_multicycle_bsp//libhal_bsp.a(alt_exception_entry.o)
 *(.exceptions.exit.label)
 .exceptions.exit.label
                0x0000000008000098        0x0 ../crc_custom_instruction_multicycle_bsp//libhal_bsp.a(alt_irq_entry.o)
 .exceptions.exit.label
                0x0000000008000098        0x0 ../crc_custom_instruction_multicycle_bsp//libhal_bsp.a(alt_exception_entry.o)
 *(.exceptions.exit.user)
 *(.exceptions.exit)
 .exceptions.exit
                0x0000000008000098       0x54 ../crc_custom_instruction_multicycle_bsp//libhal_bsp.a(alt_exception_entry.o)
 *(.exceptions)
 .exceptions    0x00000000080000ec       0xd4 ../crc_custom_instruction_multicycle_bsp//libhal_bsp.a(alt_irq_handler.o)
                0x00000000080000ec                alt_irq_handler
                0x00000000080001c0                PROVIDE (__ram_exceptions_end, ABSOLUTE (.))
                0x0000000008000020                PROVIDE (__flash_exceptions_start, LOADADDR (.exceptions))

.text           0x00000000080001c0    0x10ab8
                [!provide]                        PROVIDE (stext, ABSOLUTE (.))
 *(.interp)
 *(.hash)
 *(.dynsym)
 *(.dynstr)
 *(.gnu.version)
 *(.gnu.version_d)
 *(.gnu.version_r)
 *(.rel.init)
 *(.rela.init)
 *(.rel.text .rel.text.* .rel.gnu.linkonce.t.*)
 *(.rela.text .rela.text.* .rela.gnu.linkonce.t.*)
 *(.rel.fini)
 *(.rela.fini)
 *(.rel.rodata .rel.rodata.* .rel.gnu.linkonce.r.*)
 *(.rela.rodata .rela.rodata.* .rela.gnu.linkonce.r.*)
 *(.rel.data .rel.data.* .rel.gnu.linkonce.d.*)
 *(.rela.data .rela.data.* .rela.gnu.linkonce.d.*)
 *(.rel.tdata .rel.tdata.* .rel.gnu.linkonce.td.*)
 *(.rela.tdata .rela.tdata.* .rela.gnu.linkonce.td.*)
 *(.rel.tbss .rel.tbss.* .rel.gnu.linkonce.tb.*)
 *(.rela.tbss .rela.tbss.* .rela.gnu.linkonce.tb.*)
 *(.rel.ctors)
 *(.rela.ctors)
 *(.rel.dtors)
 *(.rela.dtors)
 *(.rel.got)
 *(.rela.got)
 *(.rel.sdata .rel.sdata.* .rel.gnu.linkonce.s.*)
 *(.rela.sdata .rela.sdata.* .rela.gnu.linkonce.s.*)
 *(.rel.sbss .rel.sbss.* .rel.gnu.linkonce.sb.*)
 *(.rela.sbss .rela.sbss.* .rela.gnu.linkonce.sb.*)
 *(.rel.sdata2 .rel.sdata2.* .rel.gnu.linkonce.s2.*)
 *(.rela.sdata2 .rela.sdata2.* .rela.gnu.linkonce.s2.*)
 *(.rel.sbss2 .rel.sbss2.* .rel.gnu.linkonce.sb2.*)
 *(.rela.sbss2 .rela.sbss2.* .rela.gnu.linkonce.sb2.*)
 *(.rel.bss .rel.bss.* .rel.gnu.linkonce.b.*)
 *(.rela.bss .rela.bss.* .rela.gnu.linkonce.b.*)
 *(.rel.plt)
 *(.rela.plt)
 *(.rel.dyn)
 *(.init)
 *(.plt)
 *(.text .stub .text.* .gnu.linkonce.t.*)
 .text          0x00000000080001c0       0x3c ../crc_custom_instruction_multicycle_bsp//obj/HAL/src/crt0.o
                0x00000000080001c0                _start
 .text          0x00000000080001fc     0x1000 obj/default/hello_world.o
                0x00000000080001fc                sbox_setup
                0x0000000008000368                get_wep_byte
                0x000000000800048c                wep_encrypt
                0x0000000008000524                get_crc_CI_multicycle
                0x00000000080007b8                get_crc_CI_multicycle_adv
                0x0000000008000b04                get_crc
                0x0000000008000bf0                main
 .text          0x00000000080011fc       0x28 /package/eda/altera/altera17.0/nios2eds/bin/gnu/H-x86_64-pc-linux-gnu/bin/../lib/gcc/nios2-elf/5.3.0/mno-hw-mul/libgcc.a(lib2-mul.o)
                0x00000000080011fc                __mulsi3
 .text          0x0000000008001224        0x0 /package/eda/altera/altera17.0/nios2eds/bin/gnu/H-x86_64-pc-linux-gnu/bin/../lib/gcc/nios2-elf/5.3.0/../../../../../H-x86_64-pc-linux-gnu/nios2-elf/lib/mno-hw-mul/libc.a(lib_a-printf.o)
 .text._printf_r
                0x0000000008001224       0x30 /package/eda/altera/altera17.0/nios2eds/bin/gnu/H-x86_64-pc-linux-gnu/bin/../lib/gcc/nios2-elf/5.3.0/../../../../../H-x86_64-pc-linux-gnu/nios2-elf/lib/mno-hw-mul/libc.a(lib_a-printf.o)
                0x0000000008001224                _printf_r
 .text.printf   0x0000000008001254       0x3c /package/eda/altera/altera17.0/nios2eds/bin/gnu/H-x86_64-pc-linux-gnu/bin/../lib/gcc/nios2-elf/5.3.0/../../../../../H-x86_64-pc-linux-gnu/nios2-elf/lib/mno-hw-mul/libc.a(lib_a-printf.o)
                0x0000000008001254                printf
 .text          0x0000000008001290        0x0 /package/eda/altera/altera17.0/nios2eds/bin/gnu/H-x86_64-pc-linux-gnu/bin/../lib/gcc/nios2-elf/5.3.0/../../../../../H-x86_64-pc-linux-gnu/nios2-elf/lib/mno-hw-mul/libc.a(lib_a-putchar.o)
 .text._putchar_r
                0x0000000008001290        0x8 /package/eda/altera/altera17.0/nios2eds/bin/gnu/H-x86_64-pc-linux-gnu/bin/../lib/gcc/nios2-elf/5.3.0/../../../../../H-x86_64-pc-linux-gnu/nios2-elf/lib/mno-hw-mul/libc.a(lib_a-putchar.o)
                0x0000000008001290                _putchar_r
 .text.putchar  0x0000000008001298       0x18 /package/eda/altera/altera17.0/nios2eds/bin/gnu/H-x86_64-pc-linux-gnu/bin/../lib/gcc/nios2-elf/5.3.0/../../../../../H-x86_64-pc-linux-gnu/nios2-elf/lib/mno-hw-mul/libc.a(lib_a-putchar.o)
                0x0000000008001298                putchar
 .text          0x00000000080012b0        0x0 /package/eda/altera/altera17.0/nios2eds/bin/gnu/H-x86_64-pc-linux-gnu/bin/../lib/gcc/nios2-elf/5.3.0/../../../../../H-x86_64-pc-linux-gnu/nios2-elf/lib/mno-hw-mul/libc.a(lib_a-vfprintf.o)
 .text.___vfprintf_internal_r
                0x00000000080012b0     0x22dc /package/eda/altera/altera17.0/nios2eds/bin/gnu/H-x86_64-pc-linux-gnu/bin/../lib/gcc/nios2-elf/5.3.0/../../../../../H-x86_64-pc-linux-gnu/nios2-elf/lib/mno-hw-mul/libc.a(lib_a-vfprintf.o)
                0x00000000080012b0                ___vfprintf_internal_r
 .text.__vfprintf_internal
                0x000000000800358c       0x1c /package/eda/altera/altera17.0/nios2eds/bin/gnu/H-x86_64-pc-linux-gnu/bin/../lib/gcc/nios2-elf/5.3.0/../../../../../H-x86_64-pc-linux-gnu/nios2-elf/lib/mno-hw-mul/libc.a(lib_a-vfprintf.o)
                0x000000000800358c                __vfprintf_internal
 .text.__sbprintf
                0x00000000080035a8       0xbc /package/eda/altera/altera17.0/nios2eds/bin/gnu/H-x86_64-pc-linux-gnu/bin/../lib/gcc/nios2-elf/5.3.0/../../../../../H-x86_64-pc-linux-gnu/nios2-elf/lib/mno-hw-mul/libc.a(lib_a-vfprintf.o)
 .text          0x0000000008003664        0x0 /package/eda/altera/altera17.0/nios2eds/bin/gnu/H-x86_64-pc-linux-gnu/bin/../lib/gcc/nios2-elf/5.3.0/../../../../../H-x86_64-pc-linux-gnu/nios2-elf/lib/mno-hw-mul/libc.a(lib_a-wsetup.o)
 .text.__swsetup_r
                0x0000000008003664      0x154 /package/eda/altera/altera17.0/nios2eds/bin/gnu/H-x86_64-pc-linux-gnu/bin/../lib/gcc/nios2-elf/5.3.0/../../../../../H-x86_64-pc-linux-gnu/nios2-elf/lib/mno-hw-mul/libc.a(lib_a-wsetup.o)
                0x0000000008003664                __swsetup_r
 .text          0x00000000080037b8        0x0 /package/eda/altera/altera17.0/nios2eds/bin/gnu/H-x86_64-pc-linux-gnu/bin/../lib/gcc/nios2-elf/5.3.0/../../../../../H-x86_64-pc-linux-gnu/nios2-elf/lib/mno-hw-mul/libc.a(lib_a-dtoa.o)
 .text.quorem   0x00000000080037b8      0x228 /package/eda/altera/altera17.0/nios2eds/bin/gnu/H-x86_64-pc-linux-gnu/bin/../lib/gcc/nios2-elf/5.3.0/../../../../../H-x86_64-pc-linux-gnu/nios2-elf/lib/mno-hw-mul/libc.a(lib_a-dtoa.o)
 .text._dtoa_r  0x00000000080039e0     0x1688 /package/eda/altera/altera17.0/nios2eds/bin/gnu/H-x86_64-pc-linux-gnu/bin/../lib/gcc/nios2-elf/5.3.0/../../../../../H-x86_64-pc-linux-gnu/nios2-elf/lib/mno-hw-mul/libc.a(lib_a-dtoa.o)
                0x00000000080039e0                _dtoa_r
 .text          0x0000000008005068        0x0 /package/eda/altera/altera17.0/nios2eds/bin/gnu/H-x86_64-pc-linux-gnu/bin/../lib/gcc/nios2-elf/5.3.0/../../../../../H-x86_64-pc-linux-gnu/nios2-elf/lib/mno-hw-mul/libc.a(lib_a-fflush.o)
 .text.__sflush_r
                0x0000000008005068      0x21c /package/eda/altera/altera17.0/nios2eds/bin/gnu/H-x86_64-pc-linux-gnu/bin/../lib/gcc/nios2-elf/5.3.0/../../../../../H-x86_64-pc-linux-gnu/nios2-elf/lib/mno-hw-mul/libc.a(lib_a-fflush.o)
                0x0000000008005068                __sflush_r
 .text._fflush_r
                0x0000000008005284       0x5c /package/eda/altera/altera17.0/nios2eds/bin/gnu/H-x86_64-pc-linux-gnu/bin/../lib/gcc/nios2-elf/5.3.0/../../../../../H-x86_64-pc-linux-gnu/nios2-elf/lib/mno-hw-mul/libc.a(lib_a-fflush.o)
                0x0000000008005284                _fflush_r
 .text.fflush   0x00000000080052e0       0x30 /package/eda/altera/altera17.0/nios2eds/bin/gnu/H-x86_64-pc-linux-gnu/bin/../lib/gcc/nios2-elf/5.3.0/../../../../../H-x86_64-pc-linux-gnu/nios2-elf/lib/mno-hw-mul/libc.a(lib_a-fflush.o)
                0x00000000080052e0                fflush
 .text          0x0000000008005310        0x0 /package/eda/altera/altera17.0/nios2eds/bin/gnu/H-x86_64-pc-linux-gnu/bin/../lib/gcc/nios2-elf/5.3.0/../../../../../H-x86_64-pc-linux-gnu/nios2-elf/lib/mno-hw-mul/libc.a(lib_a-findfp.o)
 .text.__fp_unlock
                0x0000000008005310        0x8 /package/eda/altera/altera17.0/nios2eds/bin/gnu/H-x86_64-pc-linux-gnu/bin/../lib/gcc/nios2-elf/5.3.0/../../../../../H-x86_64-pc-linux-gnu/nios2-elf/lib/mno-hw-mul/libc.a(lib_a-findfp.o)
 .text._cleanup_r
                0x0000000008005318        0xc /package/eda/altera/altera17.0/nios2eds/bin/gnu/H-x86_64-pc-linux-gnu/bin/../lib/gcc/nios2-elf/5.3.0/../../../../../H-x86_64-pc-linux-gnu/nios2-elf/lib/mno-hw-mul/libc.a(lib_a-findfp.o)
                0x0000000008005318                _cleanup_r
 .text.__sinit.part.1
                0x0000000008005324      0x19c /package/eda/altera/altera17.0/nios2eds/bin/gnu/H-x86_64-pc-linux-gnu/bin/../lib/gcc/nios2-elf/5.3.0/../../../../../H-x86_64-pc-linux-gnu/nios2-elf/lib/mno-hw-mul/libc.a(lib_a-findfp.o)
 .text.__fp_lock
                0x00000000080054c0        0x8 /package/eda/altera/altera17.0/nios2eds/bin/gnu/H-x86_64-pc-linux-gnu/bin/../lib/gcc/nios2-elf/5.3.0/../../../../../H-x86_64-pc-linux-gnu/nios2-elf/lib/mno-hw-mul/libc.a(lib_a-findfp.o)
 .text.__sfmoreglue
                0x00000000080054c8       0x78 /package/eda/altera/altera17.0/nios2eds/bin/gnu/H-x86_64-pc-linux-gnu/bin/../lib/gcc/nios2-elf/5.3.0/../../../../../H-x86_64-pc-linux-gnu/nios2-elf/lib/mno-hw-mul/libc.a(lib_a-findfp.o)
                0x00000000080054c8                __sfmoreglue
 .text.__sfp    0x0000000008005540      0x118 /package/eda/altera/altera17.0/nios2eds/bin/gnu/H-x86_64-pc-linux-gnu/bin/../lib/gcc/nios2-elf/5.3.0/../../../../../H-x86_64-pc-linux-gnu/nios2-elf/lib/mno-hw-mul/libc.a(lib_a-findfp.o)
                0x0000000008005540                __sfp
 .text._cleanup
                0x0000000008005658       0x18 /package/eda/altera/altera17.0/nios2eds/bin/gnu/H-x86_64-pc-linux-gnu/bin/../lib/gcc/nios2-elf/5.3.0/../../../../../H-x86_64-pc-linux-gnu/nios2-elf/lib/mno-hw-mul/libc.a(lib_a-findfp.o)
                0x0000000008005658                _cleanup
 .text.__sinit  0x0000000008005670       0x10 /package/eda/altera/altera17.0/nios2eds/bin/gnu/H-x86_64-pc-linux-gnu/bin/../lib/gcc/nios2-elf/5.3.0/../../../../../H-x86_64-pc-linux-gnu/nios2-elf/lib/mno-hw-mul/libc.a(lib_a-findfp.o)
                0x0000000008005670                __sinit
 .text.__sfp_lock_acquire
                0x0000000008005680        0x4 /package/eda/altera/altera17.0/nios2eds/bin/gnu/H-x86_64-pc-linux-gnu/bin/../lib/gcc/nios2-elf/5.3.0/../../../../../H-x86_64-pc-linux-gnu/nios2-elf/lib/mno-hw-mul/libc.a(lib_a-findfp.o)
                0x0000000008005680                __sfp_lock_acquire
 .text.__sfp_lock_release
                0x0000000008005684        0x4 /package/eda/altera/altera17.0/nios2eds/bin/gnu/H-x86_64-pc-linux-gnu/bin/../lib/gcc/nios2-elf/5.3.0/../../../../../H-x86_64-pc-linux-gnu/nios2-elf/lib/mno-hw-mul/libc.a(lib_a-findfp.o)
                0x0000000008005684                __sfp_lock_release
 .text.__sinit_lock_acquire
                0x0000000008005688        0x4 /package/eda/altera/altera17.0/nios2eds/bin/gnu/H-x86_64-pc-linux-gnu/bin/../lib/gcc/nios2-elf/5.3.0/../../../../../H-x86_64-pc-linux-gnu/nios2-elf/lib/mno-hw-mul/libc.a(lib_a-findfp.o)
                0x0000000008005688                __sinit_lock_acquire
 .text.__sinit_lock_release
                0x000000000800568c        0x4 /package/eda/altera/altera17.0/nios2eds/bin/gnu/H-x86_64-pc-linux-gnu/bin/../lib/gcc/nios2-elf/5.3.0/../../../../../H-x86_64-pc-linux-gnu/nios2-elf/lib/mno-hw-mul/libc.a(lib_a-findfp.o)
                0x000000000800568c                __sinit_lock_release
 .text.__fp_lock_all
                0x0000000008005690       0x18 /package/eda/altera/altera17.0/nios2eds/bin/gnu/H-x86_64-pc-linux-gnu/bin/../lib/gcc/nios2-elf/5.3.0/../../../../../H-x86_64-pc-linux-gnu/nios2-elf/lib/mno-hw-mul/libc.a(lib_a-findfp.o)
                0x0000000008005690                __fp_lock_all
 .text.__fp_unlock_all
                0x00000000080056a8       0x18 /package/eda/altera/altera17.0/nios2eds/bin/gnu/H-x86_64-pc-linux-gnu/bin/../lib/gcc/nios2-elf/5.3.0/../../../../../H-x86_64-pc-linux-gnu/nios2-elf/lib/mno-hw-mul/libc.a(lib_a-findfp.o)
                0x00000000080056a8                __fp_unlock_all
 .text          0x00000000080056c0        0x0 /package/eda/altera/altera17.0/nios2eds/bin/gnu/H-x86_64-pc-linux-gnu/bin/../lib/gcc/nios2-elf/5.3.0/../../../../../H-x86_64-pc-linux-gnu/nios2-elf/lib/mno-hw-mul/libc.a(lib_a-freer.o)
 .text._malloc_trim_r
                0x00000000080056c0      0x124 /package/eda/altera/altera17.0/nios2eds/bin/gnu/H-x86_64-pc-linux-gnu/bin/../lib/gcc/nios2-elf/5.3.0/../../../../../H-x86_64-pc-linux-gnu/nios2-elf/lib/mno-hw-mul/libc.a(lib_a-freer.o)
                0x00000000080056c0                _malloc_trim_r
 .text._free_r  0x00000000080057e4      0x310 /package/eda/altera/altera17.0/nios2eds/bin/gnu/H-x86_64-pc-linux-gnu/bin/../lib/gcc/nios2-elf/5.3.0/../../../../../H-x86_64-pc-linux-gnu/nios2-elf/lib/mno-hw-mul/libc.a(lib_a-freer.o)
                0x00000000080057e4                _free_r
 .text          0x0000000008005af4        0x0 /package/eda/altera/altera17.0/nios2eds/bin/gnu/H-x86_64-pc-linux-gnu/bin/../lib/gcc/nios2-elf/5.3.0/../../../../../H-x86_64-pc-linux-gnu/nios2-elf/lib/mno-hw-mul/libc.a(lib_a-fwalk.o)
 .text._fwalk   0x0000000008005af4       0xc4 /package/eda/altera/altera17.0/nios2eds/bin/gnu/H-x86_64-pc-linux-gnu/bin/../lib/gcc/nios2-elf/5.3.0/../../../../../H-x86_64-pc-linux-gnu/nios2-elf/lib/mno-hw-mul/libc.a(lib_a-fwalk.o)
                0x0000000008005af4                _fwalk
 .text._fwalk_reent
                0x0000000008005bb8       0xc4 /package/eda/altera/altera17.0/nios2eds/bin/gnu/H-x86_64-pc-linux-gnu/bin/../lib/gcc/nios2-elf/5.3.0/../../../../../H-x86_64-pc-linux-gnu/nios2-elf/lib/mno-hw-mul/libc.a(lib_a-fwalk.o)
                0x0000000008005bb8                _fwalk_reent
 .text          0x0000000008005c7c        0x0 /package/eda/altera/altera17.0/nios2eds/bin/gnu/H-x86_64-pc-linux-gnu/bin/../lib/gcc/nios2-elf/5.3.0/../../../../../H-x86_64-pc-linux-gnu/nios2-elf/lib/mno-hw-mul/libc.a(lib_a-impure.o)
 .text          0x0000000008005c7c        0x0 /package/eda/altera/altera17.0/nios2eds/bin/gnu/H-x86_64-pc-linux-gnu/bin/../lib/gcc/nios2-elf/5.3.0/../../../../../H-x86_64-pc-linux-gnu/nios2-elf/lib/mno-hw-mul/libc.a(lib_a-locale.o)
 .text._setlocale_r
                0x0000000008005c7c       0x7c /package/eda/altera/altera17.0/nios2eds/bin/gnu/H-x86_64-pc-linux-gnu/bin/../lib/gcc/nios2-elf/5.3.0/../../../../../H-x86_64-pc-linux-gnu/nios2-elf/lib/mno-hw-mul/libc.a(lib_a-locale.o)
                0x0000000008005c7c                _setlocale_r
 .text.__locale_charset
                0x0000000008005cf8        0xc /package/eda/altera/altera17.0/nios2eds/bin/gnu/H-x86_64-pc-linux-gnu/bin/../lib/gcc/nios2-elf/5.3.0/../../../../../H-x86_64-pc-linux-gnu/nios2-elf/lib/mno-hw-mul/libc.a(lib_a-locale.o)
                0x0000000008005cf8                __locale_charset
 .text.__locale_mb_cur_max
                0x0000000008005d04       0x10 /package/eda/altera/altera17.0/nios2eds/bin/gnu/H-x86_64-pc-linux-gnu/bin/../lib/gcc/nios2-elf/5.3.0/../../../../../H-x86_64-pc-linux-gnu/nios2-elf/lib/mno-hw-mul/libc.a(lib_a-locale.o)
                0x0000000008005d04                __locale_mb_cur_max
 .text.__locale_msgcharset
                0x0000000008005d14        0xc /package/eda/altera/altera17.0/nios2eds/bin/gnu/H-x86_64-pc-linux-gnu/bin/../lib/gcc/nios2-elf/5.3.0/../../../../../H-x86_64-pc-linux-gnu/nios2-elf/lib/mno-hw-mul/libc.a(lib_a-locale.o)
                0x0000000008005d14                __locale_msgcharset
 .text.__locale_cjk_lang
                0x0000000008005d20        0x8 /package/eda/altera/altera17.0/nios2eds/bin/gnu/H-x86_64-pc-linux-gnu/bin/../lib/gcc/nios2-elf/5.3.0/../../../../../H-x86_64-pc-linux-gnu/nios2-elf/lib/mno-hw-mul/libc.a(lib_a-locale.o)
                0x0000000008005d20                __locale_cjk_lang
 .text._localeconv_r
                0x0000000008005d28        0xc /package/eda/altera/altera17.0/nios2eds/bin/gnu/H-x86_64-pc-linux-gnu/bin/../lib/gcc/nios2-elf/5.3.0/../../../../../H-x86_64-pc-linux-gnu/nios2-elf/lib/mno-hw-mul/libc.a(lib_a-locale.o)
                0x0000000008005d28                _localeconv_r
 .text.setlocale
                0x0000000008005d34       0x18 /package/eda/altera/altera17.0/nios2eds/bin/gnu/H-x86_64-pc-linux-gnu/bin/../lib/gcc/nios2-elf/5.3.0/../../../../../H-x86_64-pc-linux-gnu/nios2-elf/lib/mno-hw-mul/libc.a(lib_a-locale.o)
                0x0000000008005d34                setlocale
 .text.localeconv
                0x0000000008005d4c        0xc /package/eda/altera/altera17.0/nios2eds/bin/gnu/H-x86_64-pc-linux-gnu/bin/../lib/gcc/nios2-elf/5.3.0/../../../../../H-x86_64-pc-linux-gnu/nios2-elf/lib/mno-hw-mul/libc.a(lib_a-locale.o)
                0x0000000008005d4c                localeconv
 .text          0x0000000008005d58        0x0 /package/eda/altera/altera17.0/nios2eds/bin/gnu/H-x86_64-pc-linux-gnu/bin/../lib/gcc/nios2-elf/5.3.0/../../../../../H-x86_64-pc-linux-gnu/nios2-elf/lib/mno-hw-mul/libc.a(lib_a-makebuf.o)
 .text.__smakebuf_r
                0x0000000008005d58      0x1bc /package/eda/altera/altera17.0/nios2eds/bin/gnu/H-x86_64-pc-linux-gnu/bin/../lib/gcc/nios2-elf/5.3.0/../../../../../H-x86_64-pc-linux-gnu/nios2-elf/lib/mno-hw-mul/libc.a(lib_a-makebuf.o)
                0x0000000008005d58                __smakebuf_r
 .text          0x0000000008005f14        0x0 /package/eda/altera/altera17.0/nios2eds/bin/gnu/H-x86_64-pc-linux-gnu/bin/../lib/gcc/nios2-elf/5.3.0/../../../../../H-x86_64-pc-linux-gnu/nios2-elf/lib/mno-hw-mul/libc.a(lib_a-mallocr.o)
 .text._malloc_r
                0x0000000008005f14      0x80c /package/eda/altera/altera17.0/nios2eds/bin/gnu/H-x86_64-pc-linux-gnu/bin/../lib/gcc/nios2-elf/5.3.0/../../../../../H-x86_64-pc-linux-gnu/nios2-elf/lib/mno-hw-mul/libc.a(lib_a-mallocr.o)
                0x0000000008005f14                _malloc_r
 .text          0x0000000008006720        0x0 /package/eda/altera/altera17.0/nios2eds/bin/gnu/H-x86_64-pc-linux-gnu/bin/../lib/gcc/nios2-elf/5.3.0/../../../../../H-x86_64-pc-linux-gnu/nios2-elf/lib/mno-hw-mul/libc.a(lib_a-memchr.o)
 .text.memchr   0x0000000008006720       0xe4 /package/eda/altera/altera17.0/nios2eds/bin/gnu/H-x86_64-pc-linux-gnu/bin/../lib/gcc/nios2-elf/5.3.0/../../../../../H-x86_64-pc-linux-gnu/nios2-elf/lib/mno-hw-mul/libc.a(lib_a-memchr.o)
                0x0000000008006720                memchr
 .text          0x0000000008006804        0x0 /package/eda/altera/altera17.0/nios2eds/bin/gnu/H-x86_64-pc-linux-gnu/bin/../lib/gcc/nios2-elf/5.3.0/../../../../../H-x86_64-pc-linux-gnu/nios2-elf/lib/mno-hw-mul/libc.a(lib_a-memcpy.o)
 .text.memcpy   0x0000000008006804      0x148 /package/eda/altera/altera17.0/nios2eds/bin/gnu/H-x86_64-pc-linux-gnu/bin/../lib/gcc/nios2-elf/5.3.0/../../../../../H-x86_64-pc-linux-gnu/nios2-elf/lib/mno-hw-mul/libc.a(lib_a-memcpy.o)
                0x0000000008006804                memcpy
 .text          0x000000000800694c        0x0 /package/eda/altera/altera17.0/nios2eds/bin/gnu/H-x86_64-pc-linux-gnu/bin/../lib/gcc/nios2-elf/5.3.0/../../../../../H-x86_64-pc-linux-gnu/nios2-elf/lib/mno-hw-mul/libc.a(lib_a-memset.o)
 .text.memset   0x000000000800694c      0x128 /package/eda/altera/altera17.0/nios2eds/bin/gnu/H-x86_64-pc-linux-gnu/bin/../lib/gcc/nios2-elf/5.3.0/../../../../../H-x86_64-pc-linux-gnu/nios2-elf/lib/mno-hw-mul/libc.a(lib_a-memset.o)
                0x000000000800694c                memset
 .text          0x0000000008006a74        0x0 /package/eda/altera/altera17.0/nios2eds/bin/gnu/H-x86_64-pc-linux-gnu/bin/../lib/gcc/nios2-elf/5.3.0/../../../../../H-x86_64-pc-linux-gnu/nios2-elf/lib/mno-hw-mul/libc.a(lib_a-mprec.o)
 .text._Balloc  0x0000000008006a74       0xa8 /package/eda/altera/altera17.0/nios2eds/bin/gnu/H-x86_64-pc-linux-gnu/bin/../lib/gcc/nios2-elf/5.3.0/../../../../../H-x86_64-pc-linux-gnu/nios2-elf/lib/mno-hw-mul/libc.a(lib_a-mprec.o)
                0x0000000008006a74                _Balloc
 .text._Bfree   0x0000000008006b1c       0x28 /package/eda/altera/altera17.0/nios2eds/bin/gnu/H-x86_64-pc-linux-gnu/bin/../lib/gcc/nios2-elf/5.3.0/../../../../../H-x86_64-pc-linux-gnu/nios2-elf/lib/mno-hw-mul/libc.a(lib_a-mprec.o)
                0x0000000008006b1c                _Bfree
 .text.__multadd
                0x0000000008006b44      0x148 /package/eda/altera/altera17.0/nios2eds/bin/gnu/H-x86_64-pc-linux-gnu/bin/../lib/gcc/nios2-elf/5.3.0/../../../../../H-x86_64-pc-linux-gnu/nios2-elf/lib/mno-hw-mul/libc.a(lib_a-mprec.o)
                0x0000000008006b44                __multadd
 .text.__s2b    0x0000000008006c8c      0x104 /package/eda/altera/altera17.0/nios2eds/bin/gnu/H-x86_64-pc-linux-gnu/bin/../lib/gcc/nios2-elf/5.3.0/../../../../../H-x86_64-pc-linux-gnu/nios2-elf/lib/mno-hw-mul/libc.a(lib_a-mprec.o)
                0x0000000008006c8c                __s2b
 .text.__hi0bits
                0x0000000008006d90       0x68 /package/eda/altera/altera17.0/nios2eds/bin/gnu/H-x86_64-pc-linux-gnu/bin/../lib/gcc/nios2-elf/5.3.0/../../../../../H-x86_64-pc-linux-gnu/nios2-elf/lib/mno-hw-mul/libc.a(lib_a-mprec.o)
                0x0000000008006d90                __hi0bits
 .text.__lo0bits
                0x0000000008006df8       0xb0 /package/eda/altera/altera17.0/nios2eds/bin/gnu/H-x86_64-pc-linux-gnu/bin/../lib/gcc/nios2-elf/5.3.0/../../../../../H-x86_64-pc-linux-gnu/nios2-elf/lib/mno-hw-mul/libc.a(lib_a-mprec.o)
                0x0000000008006df8                __lo0bits
 .text.__i2b    0x0000000008006ea8       0x3c /package/eda/altera/altera17.0/nios2eds/bin/gnu/H-x86_64-pc-linux-gnu/bin/../lib/gcc/nios2-elf/5.3.0/../../../../../H-x86_64-pc-linux-gnu/nios2-elf/lib/mno-hw-mul/libc.a(lib_a-mprec.o)
                0x0000000008006ea8                __i2b
 .text.__multiply
                0x0000000008006ee4      0x28c /package/eda/altera/altera17.0/nios2eds/bin/gnu/H-x86_64-pc-linux-gnu/bin/../lib/gcc/nios2-elf/5.3.0/../../../../../H-x86_64-pc-linux-gnu/nios2-elf/lib/mno-hw-mul/libc.a(lib_a-mprec.o)
                0x0000000008006ee4                __multiply
 .text.__pow5mult
                0x0000000008007170      0x140 /package/eda/altera/altera17.0/nios2eds/bin/gnu/H-x86_64-pc-linux-gnu/bin/../lib/gcc/nios2-elf/5.3.0/../../../../../H-x86_64-pc-linux-gnu/nios2-elf/lib/mno-hw-mul/libc.a(lib_a-mprec.o)
                0x0000000008007170                __pow5mult
 .text.__lshift
                0x00000000080072b0      0x148 /package/eda/altera/altera17.0/nios2eds/bin/gnu/H-x86_64-pc-linux-gnu/bin/../lib/gcc/nios2-elf/5.3.0/../../../../../H-x86_64-pc-linux-gnu/nios2-elf/lib/mno-hw-mul/libc.a(lib_a-mprec.o)
                0x00000000080072b0                __lshift
 .text.__mcmp   0x00000000080073f8       0x60 /package/eda/altera/altera17.0/nios2eds/bin/gnu/H-x86_64-pc-linux-gnu/bin/../lib/gcc/nios2-elf/5.3.0/../../../../../H-x86_64-pc-linux-gnu/nios2-elf/lib/mno-hw-mul/libc.a(lib_a-mprec.o)
                0x00000000080073f8                __mcmp
 .text.__mdiff  0x0000000008007458      0x1fc /package/eda/altera/altera17.0/nios2eds/bin/gnu/H-x86_64-pc-linux-gnu/bin/../lib/gcc/nios2-elf/5.3.0/../../../../../H-x86_64-pc-linux-gnu/nios2-elf/lib/mno-hw-mul/libc.a(lib_a-mprec.o)
                0x0000000008007458                __mdiff
 .text.__ulp    0x0000000008007654       0x64 /package/eda/altera/altera17.0/nios2eds/bin/gnu/H-x86_64-pc-linux-gnu/bin/../lib/gcc/nios2-elf/5.3.0/../../../../../H-x86_64-pc-linux-gnu/nios2-elf/lib/mno-hw-mul/libc.a(lib_a-mprec.o)
                0x0000000008007654                __ulp
 .text.__b2d    0x00000000080076b8      0x10c /package/eda/altera/altera17.0/nios2eds/bin/gnu/H-x86_64-pc-linux-gnu/bin/../lib/gcc/nios2-elf/5.3.0/../../../../../H-x86_64-pc-linux-gnu/nios2-elf/lib/mno-hw-mul/libc.a(lib_a-mprec.o)
                0x00000000080076b8                __b2d
 .text.__d2b    0x00000000080077c4      0x14c /package/eda/altera/altera17.0/nios2eds/bin/gnu/H-x86_64-pc-linux-gnu/bin/../lib/gcc/nios2-elf/5.3.0/../../../../../H-x86_64-pc-linux-gnu/nios2-elf/lib/mno-hw-mul/libc.a(lib_a-mprec.o)
                0x00000000080077c4                __d2b
 .text.__ratio  0x0000000008007910       0xa4 /package/eda/altera/altera17.0/nios2eds/bin/gnu/H-x86_64-pc-linux-gnu/bin/../lib/gcc/nios2-elf/5.3.0/../../../../../H-x86_64-pc-linux-gnu/nios2-elf/lib/mno-hw-mul/libc.a(lib_a-mprec.o)
                0x0000000008007910                __ratio
 .text._mprec_log10
                0x00000000080079b4       0x74 /package/eda/altera/altera17.0/nios2eds/bin/gnu/H-x86_64-pc-linux-gnu/bin/../lib/gcc/nios2-elf/5.3.0/../../../../../H-x86_64-pc-linux-gnu/nios2-elf/lib/mno-hw-mul/libc.a(lib_a-mprec.o)
                0x00000000080079b4                _mprec_log10
 .text.__copybits
                0x0000000008007a28       0x78 /package/eda/altera/altera17.0/nios2eds/bin/gnu/H-x86_64-pc-linux-gnu/bin/../lib/gcc/nios2-elf/5.3.0/../../../../../H-x86_64-pc-linux-gnu/nios2-elf/lib/mno-hw-mul/libc.a(lib_a-mprec.o)
                0x0000000008007a28                __copybits
 .text.__any_on
                0x0000000008007aa0       0x8c /package/eda/altera/altera17.0/nios2eds/bin/gnu/H-x86_64-pc-linux-gnu/bin/../lib/gcc/nios2-elf/5.3.0/../../../../../H-x86_64-pc-linux-gnu/nios2-elf/lib/mno-hw-mul/libc.a(lib_a-mprec.o)
                0x0000000008007aa0                __any_on
 .text          0x0000000008007b2c        0x0 /package/eda/altera/altera17.0/nios2eds/bin/gnu/H-x86_64-pc-linux-gnu/bin/../lib/gcc/nios2-elf/5.3.0/../../../../../H-x86_64-pc-linux-gnu/nios2-elf/lib/mno-hw-mul/libc.a(lib_a-putc.o)
 .text._putc_r  0x0000000008007b2c       0xa0 /package/eda/altera/altera17.0/nios2eds/bin/gnu/H-x86_64-pc-linux-gnu/bin/../lib/gcc/nios2-elf/5.3.0/../../../../../H-x86_64-pc-linux-gnu/nios2-elf/lib/mno-hw-mul/libc.a(lib_a-putc.o)
                0x0000000008007b2c                _putc_r
 .text.putc     0x0000000008007bcc       0xc8 /package/eda/altera/altera17.0/nios2eds/bin/gnu/H-x86_64-pc-linux-gnu/bin/../lib/gcc/nios2-elf/5.3.0/../../../../../H-x86_64-pc-linux-gnu/nios2-elf/lib/mno-hw-mul/libc.a(lib_a-putc.o)
                0x0000000008007bcc                putc
 .text          0x0000000008007c94        0x0 /package/eda/altera/altera17.0/nios2eds/bin/gnu/H-x86_64-pc-linux-gnu/bin/../lib/gcc/nios2-elf/5.3.0/../../../../../H-x86_64-pc-linux-gnu/nios2-elf/lib/mno-hw-mul/libc.a(lib_a-s_fpclassify.o)
 .text.__fpclassifyd
                0x0000000008007c94       0x74 /package/eda/altera/altera17.0/nios2eds/bin/gnu/H-x86_64-pc-linux-gnu/bin/../lib/gcc/nios2-elf/5.3.0/../../../../../H-x86_64-pc-linux-gnu/nios2-elf/lib/mno-hw-mul/libc.a(lib_a-s_fpclassify.o)
                0x0000000008007c94                __fpclassifyd
 .text          0x0000000008007d08        0x0 /package/eda/altera/altera17.0/nios2eds/bin/gnu/H-x86_64-pc-linux-gnu/bin/../lib/gcc/nios2-elf/5.3.0/../../../../../H-x86_64-pc-linux-gnu/nios2-elf/lib/mno-hw-mul/libc.a(lib_a-sbrkr.o)
 .text._sbrk_r  0x0000000008007d08       0x54 /package/eda/altera/altera17.0/nios2eds/bin/gnu/H-x86_64-pc-linux-gnu/bin/../lib/gcc/nios2-elf/5.3.0/../../../../../H-x86_64-pc-linux-gnu/nios2-elf/lib/mno-hw-mul/libc.a(lib_a-sbrkr.o)
                0x0000000008007d08                _sbrk_r
 .text          0x0000000008007d5c        0x0 /package/eda/altera/altera17.0/nios2eds/bin/gnu/H-x86_64-pc-linux-gnu/bin/../lib/gcc/nios2-elf/5.3.0/../../../../../H-x86_64-pc-linux-gnu/nios2-elf/lib/mno-hw-mul/libc.a(lib_a-stdio.o)
 .text.__sread  0x0000000008007d5c       0x54 /package/eda/altera/altera17.0/nios2eds/bin/gnu/H-x86_64-pc-linux-gnu/bin/../lib/gcc/nios2-elf/5.3.0/../../../../../H-x86_64-pc-linux-gnu/nios2-elf/lib/mno-hw-mul/libc.a(lib_a-stdio.o)
                0x0000000008007d5c                __sread
 .text.__seofread
                0x0000000008007db0        0x8 /package/eda/altera/altera17.0/nios2eds/bin/gnu/H-x86_64-pc-linux-gnu/bin/../lib/gcc/nios2-elf/5.3.0/../../../../../H-x86_64-pc-linux-gnu/nios2-elf/lib/mno-hw-mul/libc.a(lib_a-stdio.o)
                0x0000000008007db0                __seofread
 .text.__swrite
                0x0000000008007db8       0x7c /package/eda/altera/altera17.0/nios2eds/bin/gnu/H-x86_64-pc-linux-gnu/bin/../lib/gcc/nios2-elf/5.3.0/../../../../../H-x86_64-pc-linux-gnu/nios2-elf/lib/mno-hw-mul/libc.a(lib_a-stdio.o)
                0x0000000008007db8                __swrite
 .text.__sseek  0x0000000008007e34       0x5c /package/eda/altera/altera17.0/nios2eds/bin/gnu/H-x86_64-pc-linux-gnu/bin/../lib/gcc/nios2-elf/5.3.0/../../../../../H-x86_64-pc-linux-gnu/nios2-elf/lib/mno-hw-mul/libc.a(lib_a-stdio.o)
                0x0000000008007e34                __sseek
 .text.__sclose
                0x0000000008007e90        0x8 /package/eda/altera/altera17.0/nios2eds/bin/gnu/H-x86_64-pc-linux-gnu/bin/../lib/gcc/nios2-elf/5.3.0/../../../../../H-x86_64-pc-linux-gnu/nios2-elf/lib/mno-hw-mul/libc.a(lib_a-stdio.o)
                0x0000000008007e90                __sclose
 .text          0x0000000008007e98        0x0 /package/eda/altera/altera17.0/nios2eds/bin/gnu/H-x86_64-pc-linux-gnu/bin/../lib/gcc/nios2-elf/5.3.0/../../../../../H-x86_64-pc-linux-gnu/nios2-elf/lib/mno-hw-mul/libc.a(lib_a-strcmp.o)
 .text.strcmp   0x0000000008007e98       0xdc /package/eda/altera/altera17.0/nios2eds/bin/gnu/H-x86_64-pc-linux-gnu/bin/../lib/gcc/nios2-elf/5.3.0/../../../../../H-x86_64-pc-linux-gnu/nios2-elf/lib/mno-hw-mul/libc.a(lib_a-strcmp.o)
                0x0000000008007e98                strcmp
 .text          0x0000000008007f74        0x0 /package/eda/altera/altera17.0/nios2eds/bin/gnu/H-x86_64-pc-linux-gnu/bin/../lib/gcc/nios2-elf/5.3.0/../../../../../H-x86_64-pc-linux-gnu/nios2-elf/lib/mno-hw-mul/libc.a(lib_a-strlen.o)
 .text.strlen   0x0000000008007f74       0x98 /package/eda/altera/altera17.0/nios2eds/bin/gnu/H-x86_64-pc-linux-gnu/bin/../lib/gcc/nios2-elf/5.3.0/../../../../../H-x86_64-pc-linux-gnu/nios2-elf/lib/mno-hw-mul/libc.a(lib_a-strlen.o)
                0x0000000008007f74                strlen
 .text          0x000000000800800c        0x0 /package/eda/altera/altera17.0/nios2eds/bin/gnu/H-x86_64-pc-linux-gnu/bin/../lib/gcc/nios2-elf/5.3.0/../../../../../H-x86_64-pc-linux-gnu/nios2-elf/lib/mno-hw-mul/libc.a(lib_a-vfiprintf.o)
 .text.__sprint_r.part.0
                0x000000000800800c       0xfc /package/eda/altera/altera17.0/nios2eds/bin/gnu/H-x86_64-pc-linux-gnu/bin/../lib/gcc/nios2-elf/5.3.0/../../../../../H-x86_64-pc-linux-gnu/nios2-elf/lib/mno-hw-mul/libc.a(lib_a-vfiprintf.o)
 .text.__sprint_r
                0x0000000008008108       0x18 /package/eda/altera/altera17.0/nios2eds/bin/gnu/H-x86_64-pc-linux-gnu/bin/../lib/gcc/nios2-elf/5.3.0/../../../../../H-x86_64-pc-linux-gnu/nios2-elf/lib/mno-hw-mul/libc.a(lib_a-vfiprintf.o)
                0x0000000008008108                __sprint_r
 .text.___vfiprintf_internal_r
                0x0000000008008120     0x150c /package/eda/altera/altera17.0/nios2eds/bin/gnu/H-x86_64-pc-linux-gnu/bin/../lib/gcc/nios2-elf/5.3.0/../../../../../H-x86_64-pc-linux-gnu/nios2-elf/lib/mno-hw-mul/libc.a(lib_a-vfiprintf.o)
                0x0000000008008120                ___vfiprintf_internal_r
 .text.__vfiprintf_internal
                0x000000000800962c       0x1c /package/eda/altera/altera17.0/nios2eds/bin/gnu/H-x86_64-pc-linux-gnu/bin/../lib/gcc/nios2-elf/5.3.0/../../../../../H-x86_64-pc-linux-gnu/nios2-elf/lib/mno-hw-mul/libc.a(lib_a-vfiprintf.o)
                0x000000000800962c                __vfiprintf_internal
 .text.__sbprintf
                0x0000000008009648       0xbc /package/eda/altera/altera17.0/nios2eds/bin/gnu/H-x86_64-pc-linux-gnu/bin/../lib/gcc/nios2-elf/5.3.0/../../../../../H-x86_64-pc-linux-gnu/nios2-elf/lib/mno-hw-mul/libc.a(lib_a-vfiprintf.o)
 .text          0x0000000008009704        0x0 /package/eda/altera/altera17.0/nios2eds/bin/gnu/H-x86_64-pc-linux-gnu/bin/../lib/gcc/nios2-elf/5.3.0/../../../../../H-x86_64-pc-linux-gnu/nios2-elf/lib/mno-hw-mul/libc.a(lib_a-wbuf.o)
 .text.__swbuf_r
                0x0000000008009704      0x140 /package/eda/altera/altera17.0/nios2eds/bin/gnu/H-x86_64-pc-linux-gnu/bin/../lib/gcc/nios2-elf/5.3.0/../../../../../H-x86_64-pc-linux-gnu/nios2-elf/lib/mno-hw-mul/libc.a(lib_a-wbuf.o)
                0x0000000008009704                __swbuf_r
 .text.__swbuf  0x0000000008009844       0x18 /package/eda/altera/altera17.0/nios2eds/bin/gnu/H-x86_64-pc-linux-gnu/bin/../lib/gcc/nios2-elf/5.3.0/../../../../../H-x86_64-pc-linux-gnu/nios2-elf/lib/mno-hw-mul/libc.a(lib_a-wbuf.o)
                0x0000000008009844                __swbuf
 .text          0x000000000800985c        0x0 /package/eda/altera/altera17.0/nios2eds/bin/gnu/H-x86_64-pc-linux-gnu/bin/../lib/gcc/nios2-elf/5.3.0/../../../../../H-x86_64-pc-linux-gnu/nios2-elf/lib/mno-hw-mul/libc.a(lib_a-writer.o)
 .text._write_r
                0x000000000800985c       0x60 /package/eda/altera/altera17.0/nios2eds/bin/gnu/H-x86_64-pc-linux-gnu/bin/../lib/gcc/nios2-elf/5.3.0/../../../../../H-x86_64-pc-linux-gnu/nios2-elf/lib/mno-hw-mul/libc.a(lib_a-writer.o)
                0x000000000800985c                _write_r
 .text          0x00000000080098bc        0x0 /package/eda/altera/altera17.0/nios2eds/bin/gnu/H-x86_64-pc-linux-gnu/bin/../lib/gcc/nios2-elf/5.3.0/../../../../../H-x86_64-pc-linux-gnu/nios2-elf/lib/mno-hw-mul/libc.a(closer.o)
 .text._close_r
                0x00000000080098bc       0x54 /package/eda/altera/altera17.0/nios2eds/bin/gnu/H-x86_64-pc-linux-gnu/bin/../lib/gcc/nios2-elf/5.3.0/../../../../../H-x86_64-pc-linux-gnu/nios2-elf/lib/mno-hw-mul/libc.a(closer.o)
                0x00000000080098bc                _close_r
 .text          0x0000000008009910        0x0 /package/eda/altera/altera17.0/nios2eds/bin/gnu/H-x86_64-pc-linux-gnu/bin/../lib/gcc/nios2-elf/5.3.0/../../../../../H-x86_64-pc-linux-gnu/nios2-elf/lib/mno-hw-mul/libc.a(lib_a-callocr.o)
 .text._calloc_r
                0x0000000008009910       0xdc /package/eda/altera/altera17.0/nios2eds/bin/gnu/H-x86_64-pc-linux-gnu/bin/../lib/gcc/nios2-elf/5.3.0/../../../../../H-x86_64-pc-linux-gnu/nios2-elf/lib/mno-hw-mul/libc.a(lib_a-callocr.o)
                0x0000000008009910                _calloc_r
 .text          0x00000000080099ec        0x0 /package/eda/altera/altera17.0/nios2eds/bin/gnu/H-x86_64-pc-linux-gnu/bin/../lib/gcc/nios2-elf/5.3.0/../../../../../H-x86_64-pc-linux-gnu/nios2-elf/lib/mno-hw-mul/libc.a(lib_a-fclose.o)
 .text._fclose_r
                0x00000000080099ec       0xf0 /package/eda/altera/altera17.0/nios2eds/bin/gnu/H-x86_64-pc-linux-gnu/bin/../lib/gcc/nios2-elf/5.3.0/../../../../../H-x86_64-pc-linux-gnu/nios2-elf/lib/mno-hw-mul/libc.a(lib_a-fclose.o)
                0x00000000080099ec                _fclose_r
 .text.fclose   0x0000000008009adc       0x14 /package/eda/altera/altera17.0/nios2eds/bin/gnu/H-x86_64-pc-linux-gnu/bin/../lib/gcc/nios2-elf/5.3.0/../../../../../H-x86_64-pc-linux-gnu/nios2-elf/lib/mno-hw-mul/libc.a(lib_a-fclose.o)
                0x0000000008009adc                fclose
 .text          0x0000000008009af0        0x0 /package/eda/altera/altera17.0/nios2eds/bin/gnu/H-x86_64-pc-linux-gnu/bin/../lib/gcc/nios2-elf/5.3.0/../../../../../H-x86_64-pc-linux-gnu/nios2-elf/lib/mno-hw-mul/libc.a(lib_a-fputwc.o)
 .text.__fputwc
                0x0000000008009af0      0x164 /package/eda/altera/altera17.0/nios2eds/bin/gnu/H-x86_64-pc-linux-gnu/bin/../lib/gcc/nios2-elf/5.3.0/../../../../../H-x86_64-pc-linux-gnu/nios2-elf/lib/mno-hw-mul/libc.a(lib_a-fputwc.o)
                0x0000000008009af0                __fputwc
 .text._fputwc_r
                0x0000000008009c54       0x24 /package/eda/altera/altera17.0/nios2eds/bin/gnu/H-x86_64-pc-linux-gnu/bin/../lib/gcc/nios2-elf/5.3.0/../../../../../H-x86_64-pc-linux-gnu/nios2-elf/lib/mno-hw-mul/libc.a(lib_a-fputwc.o)
                0x0000000008009c54                _fputwc_r
 .text.fputwc   0x0000000008009c78       0x80 /package/eda/altera/altera17.0/nios2eds/bin/gnu/H-x86_64-pc-linux-gnu/bin/../lib/gcc/nios2-elf/5.3.0/../../../../../H-x86_64-pc-linux-gnu/nios2-elf/lib/mno-hw-mul/libc.a(lib_a-fputwc.o)
                0x0000000008009c78                fputwc
 .text          0x0000000008009cf8        0x0 /package/eda/altera/altera17.0/nios2eds/bin/gnu/H-x86_64-pc-linux-gnu/bin/../lib/gcc/nios2-elf/5.3.0/../../../../../H-x86_64-pc-linux-gnu/nios2-elf/lib/mno-hw-mul/libc.a(lib_a-fstatr.o)
 .text._fstat_r
                0x0000000008009cf8       0x5c /package/eda/altera/altera17.0/nios2eds/bin/gnu/H-x86_64-pc-linux-gnu/bin/../lib/gcc/nios2-elf/5.3.0/../../../../../H-x86_64-pc-linux-gnu/nios2-elf/lib/mno-hw-mul/libc.a(lib_a-fstatr.o)
                0x0000000008009cf8                _fstat_r
 .text          0x0000000008009d54        0x0 /package/eda/altera/altera17.0/nios2eds/bin/gnu/H-x86_64-pc-linux-gnu/bin/../lib/gcc/nios2-elf/5.3.0/../../../../../H-x86_64-pc-linux-gnu/nios2-elf/lib/mno-hw-mul/libc.a(lib_a-fvwrite.o)
 .text.__sfvwrite_r
                0x0000000008009d54      0x4c8 /package/eda/altera/altera17.0/nios2eds/bin/gnu/H-x86_64-pc-linux-gnu/bin/../lib/gcc/nios2-elf/5.3.0/../../../../../H-x86_64-pc-linux-gnu/nios2-elf/lib/mno-hw-mul/libc.a(lib_a-fvwrite.o)
                0x0000000008009d54                __sfvwrite_r
 .text          0x000000000800a21c        0x0 /package/eda/altera/altera17.0/nios2eds/bin/gnu/H-x86_64-pc-linux-gnu/bin/../lib/gcc/nios2-elf/5.3.0/../../../../../H-x86_64-pc-linux-gnu/nios2-elf/lib/mno-hw-mul/libc.a(lib_a-int_errno.o)
 .text          0x000000000800a21c        0x0 /package/eda/altera/altera17.0/nios2eds/bin/gnu/H-x86_64-pc-linux-gnu/bin/../lib/gcc/nios2-elf/5.3.0/../../../../../H-x86_64-pc-linux-gnu/nios2-elf/lib/mno-hw-mul/libc.a(lib_a-isattyr.o)
 .text._isatty_r
                0x000000000800a21c       0x54 /package/eda/altera/altera17.0/nios2eds/bin/gnu/H-x86_64-pc-linux-gnu/bin/../lib/gcc/nios2-elf/5.3.0/../../../../../H-x86_64-pc-linux-gnu/nios2-elf/lib/mno-hw-mul/libc.a(lib_a-isattyr.o)
                0x000000000800a21c                _isatty_r
 .text          0x000000000800a270        0x0 /package/eda/altera/altera17.0/nios2eds/bin/gnu/H-x86_64-pc-linux-gnu/bin/../lib/gcc/nios2-elf/5.3.0/../../../../../H-x86_64-pc-linux-gnu/nios2-elf/lib/mno-hw-mul/libc.a(lib_a-lseekr.o)
 .text._lseek_r
                0x000000000800a270       0x60 /package/eda/altera/altera17.0/nios2eds/bin/gnu/H-x86_64-pc-linux-gnu/bin/../lib/gcc/nios2-elf/5.3.0/../../../../../H-x86_64-pc-linux-gnu/nios2-elf/lib/mno-hw-mul/libc.a(lib_a-lseekr.o)
                0x000000000800a270                _lseek_r
 .text          0x000000000800a2d0        0x0 /package/eda/altera/altera17.0/nios2eds/bin/gnu/H-x86_64-pc-linux-gnu/bin/../lib/gcc/nios2-elf/5.3.0/../../../../../H-x86_64-pc-linux-gnu/nios2-elf/lib/mno-hw-mul/libc.a(lib_a-memmove.o)
 .text.memmove  0x000000000800a2d0      0x15c /package/eda/altera/altera17.0/nios2eds/bin/gnu/H-x86_64-pc-linux-gnu/bin/../lib/gcc/nios2-elf/5.3.0/../../../../../H-x86_64-pc-linux-gnu/nios2-elf/lib/mno-hw-mul/libc.a(lib_a-memmove.o)
                0x000000000800a2d0                memmove
 .text          0x000000000800a42c        0x0 /package/eda/altera/altera17.0/nios2eds/bin/gnu/H-x86_64-pc-linux-gnu/bin/../lib/gcc/nios2-elf/5.3.0/../../../../../H-x86_64-pc-linux-gnu/nios2-elf/lib/mno-hw-mul/libc.a(lib_a-readr.o)
 .text._read_r  0x000000000800a42c       0x60 /package/eda/altera/altera17.0/nios2eds/bin/gnu/H-x86_64-pc-linux-gnu/bin/../lib/gcc/nios2-elf/5.3.0/../../../../../H-x86_64-pc-linux-gnu/nios2-elf/lib/mno-hw-mul/libc.a(lib_a-readr.o)
                0x000000000800a42c                _read_r
 .text          0x000000000800a48c        0x0 /package/eda/altera/altera17.0/nios2eds/bin/gnu/H-x86_64-pc-linux-gnu/bin/../lib/gcc/nios2-elf/5.3.0/../../../../../H-x86_64-pc-linux-gnu/nios2-elf/lib/mno-hw-mul/libc.a(lib_a-reallocr.o)
 .text._realloc_r
                0x000000000800a48c      0x564 /package/eda/altera/altera17.0/nios2eds/bin/gnu/H-x86_64-pc-linux-gnu/bin/../lib/gcc/nios2-elf/5.3.0/../../../../../H-x86_64-pc-linux-gnu/nios2-elf/lib/mno-hw-mul/libc.a(lib_a-reallocr.o)
                0x000000000800a48c                _realloc_r
 .text          0x000000000800a9f0        0x0 /package/eda/altera/altera17.0/nios2eds/bin/gnu/H-x86_64-pc-linux-gnu/bin/../lib/gcc/nios2-elf/5.3.0/../../../../../H-x86_64-pc-linux-gnu/nios2-elf/lib/mno-hw-mul/libc.a(lib_a-wcrtomb.o)
 .text._wcrtomb_r
                0x000000000800a9f0       0x9c /package/eda/altera/altera17.0/nios2eds/bin/gnu/H-x86_64-pc-linux-gnu/bin/../lib/gcc/nios2-elf/5.3.0/../../../../../H-x86_64-pc-linux-gnu/nios2-elf/lib/mno-hw-mul/libc.a(lib_a-wcrtomb.o)
                0x000000000800a9f0                _wcrtomb_r
 .text.wcrtomb  0x000000000800aa8c       0xc0 /package/eda/altera/altera17.0/nios2eds/bin/gnu/H-x86_64-pc-linux-gnu/bin/../lib/gcc/nios2-elf/5.3.0/../../../../../H-x86_64-pc-linux-gnu/nios2-elf/lib/mno-hw-mul/libc.a(lib_a-wcrtomb.o)
                0x000000000800aa8c                wcrtomb
 .text          0x000000000800ab4c        0x0 /package/eda/altera/altera17.0/nios2eds/bin/gnu/H-x86_64-pc-linux-gnu/bin/../lib/gcc/nios2-elf/5.3.0/../../../../../H-x86_64-pc-linux-gnu/nios2-elf/lib/mno-hw-mul/libc.a(lib_a-wctomb_r.o)
 .text.__ascii_wctomb
                0x000000000800ab4c       0x30 /package/eda/altera/altera17.0/nios2eds/bin/gnu/H-x86_64-pc-linux-gnu/bin/../lib/gcc/nios2-elf/5.3.0/../../../../../H-x86_64-pc-linux-gnu/nios2-elf/lib/mno-hw-mul/libc.a(lib_a-wctomb_r.o)
                0x000000000800ab4c                __ascii_wctomb
 .text._wctomb_r
                0x000000000800ab7c       0x5c /package/eda/altera/altera17.0/nios2eds/bin/gnu/H-x86_64-pc-linux-gnu/bin/../lib/gcc/nios2-elf/5.3.0/../../../../../H-x86_64-pc-linux-gnu/nios2-elf/lib/mno-hw-mul/libc.a(lib_a-wctomb_r.o)
                0x000000000800ab7c                _wctomb_r
 .text          0x000000000800abd8      0x5fc /package/eda/altera/altera17.0/nios2eds/bin/gnu/H-x86_64-pc-linux-gnu/bin/../lib/gcc/nios2-elf/5.3.0/mno-hw-mul/libgcc.a(_udivdi3.o)
                0x000000000800abd8                __udivdi3
 .text          0x000000000800b1d4      0x5c4 /package/eda/altera/altera17.0/nios2eds/bin/gnu/H-x86_64-pc-linux-gnu/bin/../lib/gcc/nios2-elf/5.3.0/mno-hw-mul/libgcc.a(_umoddi3.o)
                0x000000000800b1d4                __umoddi3
 .text          0x000000000800b798      0x1b4 /package/eda/altera/altera17.0/nios2eds/bin/gnu/H-x86_64-pc-linux-gnu/bin/../lib/gcc/nios2-elf/5.3.0/mno-hw-mul/libgcc.a(lib2-divmod.o)
                0x000000000800b798                __divsi3
                0x000000000800b81c                __modsi3
                0x000000000800b890                __udivsi3
                0x000000000800b8f4                __umodsi3
 .text          0x000000000800b94c      0x8ac /package/eda/altera/altera17.0/nios2eds/bin/gnu/H-x86_64-pc-linux-gnu/bin/../lib/gcc/nios2-elf/5.3.0/mno-hw-mul/libgcc.a(adddf3.o)
                0x000000000800b94c                __adddf3
 .text          0x000000000800c1f8      0x9d0 /package/eda/altera/altera17.0/nios2eds/bin/gnu/H-x86_64-pc-linux-gnu/bin/../lib/gcc/nios2-elf/5.3.0/mno-hw-mul/libgcc.a(divdf3.o)
                0x000000000800c1f8                __divdf3
 .text          0x000000000800cbc8       0x88 /package/eda/altera/altera17.0/nios2eds/bin/gnu/H-x86_64-pc-linux-gnu/bin/../lib/gcc/nios2-elf/5.3.0/mno-hw-mul/libgcc.a(eqdf2.o)
                0x000000000800cbc8                __eqdf2
                0x000000000800cbc8                __nedf2
 .text          0x000000000800cc50       0xdc /package/eda/altera/altera17.0/nios2eds/bin/gnu/H-x86_64-pc-linux-gnu/bin/../lib/gcc/nios2-elf/5.3.0/mno-hw-mul/libgcc.a(gedf2.o)
                0x000000000800cc50                __gtdf2
                0x000000000800cc50                __gedf2
 .text          0x000000000800cd2c       0xf4 /package/eda/altera/altera17.0/nios2eds/bin/gnu/H-x86_64-pc-linux-gnu/bin/../lib/gcc/nios2-elf/5.3.0/mno-hw-mul/libgcc.a(ledf2.o)
                0x000000000800cd2c                __ltdf2
                0x000000000800cd2c                __ledf2
 .text          0x000000000800ce20      0x86c /package/eda/altera/altera17.0/nios2eds/bin/gnu/H-x86_64-pc-linux-gnu/bin/../lib/gcc/nios2-elf/5.3.0/mno-hw-mul/libgcc.a(muldf3.o)
                0x000000000800ce20                __muldf3
 .text          0x000000000800d68c      0x8fc /package/eda/altera/altera17.0/nios2eds/bin/gnu/H-x86_64-pc-linux-gnu/bin/../lib/gcc/nios2-elf/5.3.0/mno-hw-mul/libgcc.a(subdf3.o)
                0x000000000800d68c                __subdf3
 .text          0x000000000800df88       0x80 /package/eda/altera/altera17.0/nios2eds/bin/gnu/H-x86_64-pc-linux-gnu/bin/../lib/gcc/nios2-elf/5.3.0/mno-hw-mul/libgcc.a(fixdfsi.o)
                0x000000000800df88                __fixdfsi
 .text          0x000000000800e008       0xdc /package/eda/altera/altera17.0/nios2eds/bin/gnu/H-x86_64-pc-linux-gnu/bin/../lib/gcc/nios2-elf/5.3.0/mno-hw-mul/libgcc.a(floatsidf.o)
                0x000000000800e008                __floatsidf
 .text          0x000000000800e0e4       0xa8 /package/eda/altera/altera17.0/nios2eds/bin/gnu/H-x86_64-pc-linux-gnu/bin/../lib/gcc/nios2-elf/5.3.0/mno-hw-mul/libgcc.a(floatunsidf.o)
                0x000000000800e0e4                __floatunsidf
 .text          0x000000000800e18c        0x0 /package/eda/altera/altera17.0/nios2eds/bin/gnu/H-x86_64-pc-linux-gnu/bin/../lib/gcc/nios2-elf/5.3.0/mno-hw-mul/libgcc.a(_clz.o)
 .text          0x000000000800e18c       0x64 /package/eda/altera/altera17.0/nios2eds/bin/gnu/H-x86_64-pc-linux-gnu/bin/../lib/gcc/nios2-elf/5.3.0/mno-hw-mul/libgcc.a(_clzsi2.o)
                0x000000000800e18c                __clzsi2
 .text          0x000000000800e1f0      0x114 ../crc_custom_instruction_multicycle_bsp//libhal_bsp.a(alt_close.o)
                0x000000000800e22c                close
 .text          0x000000000800e304       0x2c ../crc_custom_instruction_multicycle_bsp//libhal_bsp.a(alt_dev.o)
 .text          0x000000000800e330        0x0 ../crc_custom_instruction_multicycle_bsp//libhal_bsp.a(alt_errno.o)
 .text          0x000000000800e330       0xf4 ../crc_custom_instruction_multicycle_bsp//libhal_bsp.a(alt_fstat.o)
                0x000000000800e36c                fstat
 .text          0x000000000800e424       0xe8 ../crc_custom_instruction_multicycle_bsp//libhal_bsp.a(alt_isatty.o)
                0x000000000800e460                isatty
 .text          0x000000000800e50c       0xec ../crc_custom_instruction_multicycle_bsp//libhal_bsp.a(alt_load.o)
                0x000000000800e574                alt_load
 .text          0x000000000800e5f8      0x118 ../crc_custom_instruction_multicycle_bsp//libhal_bsp.a(alt_lseek.o)
                0x000000000800e634                lseek
 .text          0x000000000800e710       0x7c ../crc_custom_instruction_multicycle_bsp//libhal_bsp.a(alt_main.o)
                0x000000000800e710                alt_main
 .text          0x000000000800e78c       0x48 ../crc_custom_instruction_multicycle_bsp//libhal_bsp.a(alt_malloc_lock.o)
                0x000000000800e78c                __malloc_lock
                0x000000000800e7b0                __malloc_unlock
 .text          0x000000000800e7d4      0x140 ../crc_custom_instruction_multicycle_bsp//libhal_bsp.a(alt_read.o)
                0x000000000800e810                read
 .text          0x000000000800e914       0x84 ../crc_custom_instruction_multicycle_bsp//libhal_bsp.a(alt_release_fd.o)
                0x000000000800e914                alt_release_fd
 .text          0x000000000800e998       0xb0 ../crc_custom_instruction_multicycle_bsp//libhal_bsp.a(alt_sbrk.o)
                0x000000000800e998                sbrk
 .text          0x000000000800ea48      0x13c ../crc_custom_instruction_multicycle_bsp//libhal_bsp.a(alt_write.o)
                0x000000000800ea84                write
 .text          0x000000000800eb84       0xc4 ../crc_custom_instruction_multicycle_bsp//libhal_bsp.a(alt_sys_init.o)
                0x000000000800ebb8                alt_irq_init
                0x000000000800ebf0                alt_sys_init
 .text          0x000000000800ec48      0x164 ../crc_custom_instruction_multicycle_bsp//libhal_bsp.a(altera_avalon_jtag_uart_fd.o)
                0x000000000800ec48                altera_avalon_jtag_uart_read_fd
                0x000000000800eca8                altera_avalon_jtag_uart_write_fd
                0x000000000800ed08                altera_avalon_jtag_uart_close_fd
                0x000000000800ed58                altera_avalon_jtag_uart_ioctl_fd
 .text          0x000000000800edac      0x3d4 ../crc_custom_instruction_multicycle_bsp//libhal_bsp.a(altera_avalon_jtag_uart_init.o)
                0x000000000800edac                altera_avalon_jtag_uart_init
                0x000000000800f118                altera_avalon_jtag_uart_close
 .text          0x000000000800f180       0xf0 ../crc_custom_instruction_multicycle_bsp//libhal_bsp.a(altera_avalon_jtag_uart_ioctl.o)
                0x000000000800f180                altera_avalon_jtag_uart_ioctl
 .text          0x000000000800f270      0x21c ../crc_custom_instruction_multicycle_bsp//libhal_bsp.a(altera_avalon_jtag_uart_read.o)
                0x000000000800f270                altera_avalon_jtag_uart_read
 .text          0x000000000800f48c      0x224 ../crc_custom_instruction_multicycle_bsp//libhal_bsp.a(altera_avalon_jtag_uart_write.o)
                0x000000000800f48c                altera_avalon_jtag_uart_write
 .text          0x000000000800f6b0      0x280 ../crc_custom_instruction_multicycle_bsp//libhal_bsp.a(perf_print_formatted_report.o)
                0x000000000800f6b0                perf_print_formatted_report
 .text          0x000000000800f930      0x12c ../crc_custom_instruction_multicycle_bsp//libhal_bsp.a(alt_alarm_start.o)
                0x000000000800f930                alt_alarm_start
 .text          0x000000000800fa5c       0x20 ../crc_custom_instruction_multicycle_bsp//libhal_bsp.a(alt_dcache_flush_all.o)
                0x000000000800fa5c                alt_dcache_flush_all
 .text          0x000000000800fa7c       0xe0 ../crc_custom_instruction_multicycle_bsp//libhal_bsp.a(alt_dev_llist_insert.o)
                0x000000000800fab8                alt_dev_llist_insert
 .text          0x000000000800fb5c       0x60 ../crc_custom_instruction_multicycle_bsp//libhal_bsp.a(alt_do_ctors.o)
                0x000000000800fb5c                _do_ctors
 .text          0x000000000800fbbc       0x60 ../crc_custom_instruction_multicycle_bsp//libhal_bsp.a(alt_do_dtors.o)
                0x000000000800fbbc                _do_dtors
 .text          0x000000000800fc1c       0x20 ../crc_custom_instruction_multicycle_bsp//libhal_bsp.a(alt_icache_flush_all.o)
                0x000000000800fc1c                alt_icache_flush_all
 .text          0x000000000800fc3c      0x1b0 ../crc_custom_instruction_multicycle_bsp//libhal_bsp.a(alt_iic.o)
                0x000000000800fc3c                alt_ic_isr_register
                0x000000000800fc8c                alt_ic_irq_enable
                0x000000000800fd14                alt_ic_irq_disable
                0x000000000800fda0                alt_ic_irq_enabled
 .text          0x000000000800fdec       0xf0 ../crc_custom_instruction_multicycle_bsp//libhal_bsp.a(alt_iic_isr_register.o)
                0x000000000800fdec                alt_iic_isr_register
 .text          0x000000000800fedc      0x160 ../crc_custom_instruction_multicycle_bsp//libhal_bsp.a(alt_io_redirect.o)
                0x000000000800ffc0                alt_io_redirect
 .text          0x000000000801003c        0x0 ../crc_custom_instruction_multicycle_bsp//libhal_bsp.a(alt_irq_entry.o)
 .text          0x000000000801003c        0x0 ../crc_custom_instruction_multicycle_bsp//libhal_bsp.a(alt_irq_handler.o)
 .text          0x000000000801003c        0x0 ../crc_custom_instruction_multicycle_bsp//libhal_bsp.a(alt_irq_vars.o)
 .text          0x000000000801003c      0x284 ../crc_custom_instruction_multicycle_bsp//libhal_bsp.a(alt_open.o)
                0x0000000008010164                open
 .text          0x00000000080102c0      0x1a4 ../crc_custom_instruction_multicycle_bsp//libhal_bsp.a(alt_tick.o)
                0x00000000080102c0                alt_alarm_stop
                0x000000000801035c                alt_tick
 .text          0x0000000008010464       0x24 ../crc_custom_instruction_multicycle_bsp//libhal_bsp.a(altera_nios2_qsys_irq.o)
                0x0000000008010464                altera_nios2_qsys_irq_init
 .text          0x0000000008010488      0x190 ../crc_custom_instruction_multicycle_bsp//libhal_bsp.a(altera_avalon_performance_counter.o)
                0x0000000008010488                perf_get_section_time
                0x0000000008010544                perf_get_total_time
                0x0000000008010590                perf_get_num_starts
                0x00000000080105d0                alt_get_performance_counter_base
                0x00000000080105f4                alt_get_cpu_freq
 .text          0x0000000008010618        0x0 ../crc_custom_instruction_multicycle_bsp//libhal_bsp.a(alt_exception_entry.o)
 .text          0x0000000008010618       0x90 ../crc_custom_instruction_multicycle_bsp//libhal_bsp.a(alt_find_dev.o)
                0x0000000008010618                alt_find_dev
 .text          0x00000000080106a8      0x108 ../crc_custom_instruction_multicycle_bsp//libhal_bsp.a(alt_find_file.o)
                0x00000000080106a8                alt_find_file
 .text          0x00000000080107b0       0xc4 ../crc_custom_instruction_multicycle_bsp//libhal_bsp.a(alt_get_fd.o)
                0x00000000080107b0                alt_get_fd
 .text          0x0000000008010874        0x0 /package/eda/altera/altera17.0/nios2eds/bin/gnu/H-x86_64-pc-linux-gnu/bin/../lib/gcc/nios2-elf/5.3.0/../../../../../H-x86_64-pc-linux-gnu/nios2-elf/lib/mno-hw-mul/libc.a(lib_a-atexit.o)
 .text.atexit   0x0000000008010874       0x14 /package/eda/altera/altera17.0/nios2eds/bin/gnu/H-x86_64-pc-linux-gnu/bin/../lib/gcc/nios2-elf/5.3.0/../../../../../H-x86_64-pc-linux-gnu/nios2-elf/lib/mno-hw-mul/libc.a(lib_a-atexit.o)
                0x0000000008010874                atexit
 .text          0x0000000008010888        0x0 /package/eda/altera/altera17.0/nios2eds/bin/gnu/H-x86_64-pc-linux-gnu/bin/../lib/gcc/nios2-elf/5.3.0/../../../../../H-x86_64-pc-linux-gnu/nios2-elf/lib/mno-hw-mul/libc.a(lib_a-exit.o)
 .text.exit     0x0000000008010888       0x38 /package/eda/altera/altera17.0/nios2eds/bin/gnu/H-x86_64-pc-linux-gnu/bin/../lib/gcc/nios2-elf/5.3.0/../../../../../H-x86_64-pc-linux-gnu/nios2-elf/lib/mno-hw-mul/libc.a(lib_a-exit.o)
                0x0000000008010888                exit
 .text          0x00000000080108c0        0x0 /package/eda/altera/altera17.0/nios2eds/bin/gnu/H-x86_64-pc-linux-gnu/bin/../lib/gcc/nios2-elf/5.3.0/../../../../../H-x86_64-pc-linux-gnu/nios2-elf/lib/mno-hw-mul/libc.a(lib_a-memcmp.o)
 .text.memcmp   0x00000000080108c0       0x7c /package/eda/altera/altera17.0/nios2eds/bin/gnu/H-x86_64-pc-linux-gnu/bin/../lib/gcc/nios2-elf/5.3.0/../../../../../H-x86_64-pc-linux-gnu/nios2-elf/lib/mno-hw-mul/libc.a(lib_a-memcmp.o)
                0x00000000080108c0                memcmp
 .text          0x000000000801093c        0x0 /package/eda/altera/altera17.0/nios2eds/bin/gnu/H-x86_64-pc-linux-gnu/bin/../lib/gcc/nios2-elf/5.3.0/../../../../../H-x86_64-pc-linux-gnu/nios2-elf/lib/mno-hw-mul/libc.a(lib_a-__atexit.o)
 .text.__register_exitproc
                0x000000000801093c      0x118 /package/eda/altera/altera17.0/nios2eds/bin/gnu/H-x86_64-pc-linux-gnu/bin/../lib/gcc/nios2-elf/5.3.0/../../../../../H-x86_64-pc-linux-gnu/nios2-elf/lib/mno-hw-mul/libc.a(lib_a-__atexit.o)
                0x000000000801093c                __register_exitproc
 .text          0x0000000008010a54        0x0 /package/eda/altera/altera17.0/nios2eds/bin/gnu/H-x86_64-pc-linux-gnu/bin/../lib/gcc/nios2-elf/5.3.0/../../../../../H-x86_64-pc-linux-gnu/nios2-elf/lib/mno-hw-mul/libc.a(lib_a-__call_atexit.o)
 .text.__call_exitprocs
                0x0000000008010a54      0x180 /package/eda/altera/altera17.0/nios2eds/bin/gnu/H-x86_64-pc-linux-gnu/bin/../lib/gcc/nios2-elf/5.3.0/../../../../../H-x86_64-pc-linux-gnu/nios2-elf/lib/mno-hw-mul/libc.a(lib_a-__call_atexit.o)
                0x0000000008010a54                __call_exitprocs
 .text          0x0000000008010bd4       0x70 /package/eda/altera/altera17.0/nios2eds/bin/gnu/H-x86_64-pc-linux-gnu/bin/../lib/gcc/nios2-elf/5.3.0/mno-hw-mul/libgcc.a(_floatundidf.o)
                0x0000000008010bd4                __floatundidf
 .text          0x0000000008010c44       0x34 ../crc_custom_instruction_multicycle_bsp//libhal_bsp.a(alt_exit.o)
                0x0000000008010c44                _exit
 *(.gnu.warning.*)
 *(.fini)
                [!provide]                        PROVIDE (__etext, ABSOLUTE (.))
                [!provide]                        PROVIDE (_etext, ABSOLUTE (.))
                [!provide]                        PROVIDE (etext, ABSOLUTE (.))
 *(.eh_frame_hdr)
                0x0000000008010c78                . = ALIGN (0x4)
                [!provide]                        PROVIDE (__preinit_array_start, ABSOLUTE (.))
 *(.preinit_array)
                [!provide]                        PROVIDE (__preinit_array_end, ABSOLUTE (.))
                [!provide]                        PROVIDE (__init_array_start, ABSOLUTE (.))
 *(.init_array)
                [!provide]                        PROVIDE (__init_array_end, ABSOLUTE (.))
                [!provide]                        PROVIDE (__fini_array_start, ABSOLUTE (.))
 *(.fini_array)
                [!provide]                        PROVIDE (__fini_array_end, ABSOLUTE (.))
 *(.eh_frame)
 *(.gcc_except_table .gcc_except_table.*)
 *(.dynamic)
                0x0000000008010c78                PROVIDE (__CTOR_LIST__, ABSOLUTE (.))
 *(.ctors)
 *(SORT(.ctors.*))
                0x0000000008010c78                PROVIDE (__CTOR_END__, ABSOLUTE (.))
                0x0000000008010c78                PROVIDE (__DTOR_LIST__, ABSOLUTE (.))
 *(.dtors)
 *(SORT(.dtors.*))
                0x0000000008010c78                PROVIDE (__DTOR_END__, ABSOLUTE (.))
 *(.jcr)
                0x0000000008010c78                . = ALIGN (0x4)

.rodata         0x0000000008010c78      0x4d0
                0x0000000008010c78                PROVIDE (__ram_rodata_start, ABSOLUTE (.))
                0x0000000008010c78                . = ALIGN (0x4)
 *(.rodata .rodata.* .gnu.linkonce.r.*)
 .rodata        0x0000000008010c78       0xd2 obj/default/hello_world.o
 *fill*         0x0000000008010d4a        0x2 
 .rodata.str1.4
                0x0000000008010d4c       0x42 /package/eda/altera/altera17.0/nios2eds/bin/gnu/H-x86_64-pc-linux-gnu/bin/../lib/gcc/nios2-elf/5.3.0/../../../../../H-x86_64-pc-linux-gnu/nios2-elf/lib/mno-hw-mul/libc.a(lib_a-vfprintf.o)
 .rodata.zeroes.4404
                0x0000000008010d8e       0x10 /package/eda/altera/altera17.0/nios2eds/bin/gnu/H-x86_64-pc-linux-gnu/bin/../lib/gcc/nios2-elf/5.3.0/../../../../../H-x86_64-pc-linux-gnu/nios2-elf/lib/mno-hw-mul/libc.a(lib_a-vfprintf.o)
 .rodata.blanks.4403
                0x0000000008010d9e       0x10 /package/eda/altera/altera17.0/nios2eds/bin/gnu/H-x86_64-pc-linux-gnu/bin/../lib/gcc/nios2-elf/5.3.0/../../../../../H-x86_64-pc-linux-gnu/nios2-elf/lib/mno-hw-mul/libc.a(lib_a-vfprintf.o)
 *fill*         0x0000000008010dae        0x2 
 .rodata.str1.4
                0x0000000008010db0       0x10 /package/eda/altera/altera17.0/nios2eds/bin/gnu/H-x86_64-pc-linux-gnu/bin/../lib/gcc/nios2-elf/5.3.0/../../../../../H-x86_64-pc-linux-gnu/nios2-elf/lib/mno-hw-mul/libc.a(lib_a-dtoa.o)
                                         0x12 (size before relaxing)
 .rodata.str1.4
                0x0000000008010dc0        0x2 /package/eda/altera/altera17.0/nios2eds/bin/gnu/H-x86_64-pc-linux-gnu/bin/../lib/gcc/nios2-elf/5.3.0/../../../../../H-x86_64-pc-linux-gnu/nios2-elf/lib/mno-hw-mul/libc.a(lib_a-impure.o)
 *fill*         0x0000000008010dc2        0x2 
 .rodata.str1.4
                0x0000000008010dc4        0xc /package/eda/altera/altera17.0/nios2eds/bin/gnu/H-x86_64-pc-linux-gnu/bin/../lib/gcc/nios2-elf/5.3.0/../../../../../H-x86_64-pc-linux-gnu/nios2-elf/lib/mno-hw-mul/libc.a(lib_a-locale.o)
                                         0x12 (size before relaxing)
 .rodata.p05.2768
                0x0000000008010dd0        0xc /package/eda/altera/altera17.0/nios2eds/bin/gnu/H-x86_64-pc-linux-gnu/bin/../lib/gcc/nios2-elf/5.3.0/../../../../../H-x86_64-pc-linux-gnu/nios2-elf/lib/mno-hw-mul/libc.a(lib_a-mprec.o)
 .rodata.__mprec_tinytens
                0x0000000008010ddc       0x28 /package/eda/altera/altera17.0/nios2eds/bin/gnu/H-x86_64-pc-linux-gnu/bin/../lib/gcc/nios2-elf/5.3.0/../../../../../H-x86_64-pc-linux-gnu/nios2-elf/lib/mno-hw-mul/libc.a(lib_a-mprec.o)
                0x0000000008010ddc                __mprec_tinytens
 .rodata.__mprec_bigtens
                0x0000000008010e04       0x28 /package/eda/altera/altera17.0/nios2eds/bin/gnu/H-x86_64-pc-linux-gnu/bin/../lib/gcc/nios2-elf/5.3.0/../../../../../H-x86_64-pc-linux-gnu/nios2-elf/lib/mno-hw-mul/libc.a(lib_a-mprec.o)
                0x0000000008010e04                __mprec_bigtens
 .rodata.__mprec_tens
                0x0000000008010e2c       0xc8 /package/eda/altera/altera17.0/nios2eds/bin/gnu/H-x86_64-pc-linux-gnu/bin/../lib/gcc/nios2-elf/5.3.0/../../../../../H-x86_64-pc-linux-gnu/nios2-elf/lib/mno-hw-mul/libc.a(lib_a-mprec.o)
                0x0000000008010e2c                __mprec_tens
 .rodata.str1.4
                0x0000000008010ef4       0x2f /package/eda/altera/altera17.0/nios2eds/bin/gnu/H-x86_64-pc-linux-gnu/bin/../lib/gcc/nios2-elf/5.3.0/../../../../../H-x86_64-pc-linux-gnu/nios2-elf/lib/mno-hw-mul/libc.a(lib_a-vfiprintf.o)
 .rodata.zeroes.4349
                0x0000000008010ef4       0x10 /package/eda/altera/altera17.0/nios2eds/bin/gnu/H-x86_64-pc-linux-gnu/bin/../lib/gcc/nios2-elf/5.3.0/../../../../../H-x86_64-pc-linux-gnu/nios2-elf/lib/mno-hw-mul/libc.a(lib_a-vfiprintf.o)
 .rodata.blanks.4348
                0x0000000008010f04       0x10 /package/eda/altera/altera17.0/nios2eds/bin/gnu/H-x86_64-pc-linux-gnu/bin/../lib/gcc/nios2-elf/5.3.0/../../../../../H-x86_64-pc-linux-gnu/nios2-elf/lib/mno-hw-mul/libc.a(lib_a-vfiprintf.o)
 .rodata        0x0000000008010f14      0x100 /package/eda/altera/altera17.0/nios2eds/bin/gnu/H-x86_64-pc-linux-gnu/bin/../lib/gcc/nios2-elf/5.3.0/mno-hw-mul/libgcc.a(_clz.o)
                0x0000000008010f14                __clz_tab
 .rodata        0x0000000008011014        0xa ../crc_custom_instruction_multicycle_bsp//libhal_bsp.a(alt_dev.o)
 *fill*         0x000000000801101e        0x2 
 .rodata        0x0000000008011020       0x11 ../crc_custom_instruction_multicycle_bsp//libhal_bsp.a(alt_main.o)
 *fill*         0x0000000008011031        0x3 
 .rodata        0x0000000008011034       0x11 ../crc_custom_instruction_multicycle_bsp//libhal_bsp.a(alt_sys_init.o)
 *fill*         0x0000000008011045        0x3 
 .rodata        0x0000000008011048      0x100 ../crc_custom_instruction_multicycle_bsp//libhal_bsp.a(perf_print_formatted_report.o)
 *(.rodata1)
                0x0000000008011148                . = ALIGN (0x4)
                0x0000000008011148                PROVIDE (__ram_rodata_end, ABSOLUTE (.))
                0x0000000008010c78                PROVIDE (__flash_rodata_start, LOADADDR (.rodata))

.rwdata         0x0000000008011148     0x2f74 load address 0x00000000080140bc
                0x0000000008011148                PROVIDE (__ram_rwdata_start, ABSOLUTE (.))
                0x0000000008011148                . = ALIGN (0x4)
 *(.got.plt)
 *(.got)
 *(.data1)
 *(.data .data.* .gnu.linkonce.d.*)
 .data          0x0000000008011148        0x0 ../crc_custom_instruction_multicycle_bsp//obj/HAL/src/crt0.o
 .data          0x0000000008011148     0x1480 obj/default/hello_world.o
                0x0000000008011148                test_frames
 .data          0x00000000080125c8        0x0 /package/eda/altera/altera17.0/nios2eds/bin/gnu/H-x86_64-pc-linux-gnu/bin/../lib/gcc/nios2-elf/5.3.0/mno-hw-mul/libgcc.a(lib2-mul.o)
 .data          0x00000000080125c8        0x0 /package/eda/altera/altera17.0/nios2eds/bin/gnu/H-x86_64-pc-linux-gnu/bin/../lib/gcc/nios2-elf/5.3.0/../../../../../H-x86_64-pc-linux-gnu/nios2-elf/lib/mno-hw-mul/libc.a(lib_a-printf.o)
 .data          0x00000000080125c8        0x0 /package/eda/altera/altera17.0/nios2eds/bin/gnu/H-x86_64-pc-linux-gnu/bin/../lib/gcc/nios2-elf/5.3.0/../../../../../H-x86_64-pc-linux-gnu/nios2-elf/lib/mno-hw-mul/libc.a(lib_a-putchar.o)
 .data          0x00000000080125c8        0x0 /package/eda/altera/altera17.0/nios2eds/bin/gnu/H-x86_64-pc-linux-gnu/bin/../lib/gcc/nios2-elf/5.3.0/../../../../../H-x86_64-pc-linux-gnu/nios2-elf/lib/mno-hw-mul/libc.a(lib_a-vfprintf.o)
 .data          0x00000000080125c8        0x0 /package/eda/altera/altera17.0/nios2eds/bin/gnu/H-x86_64-pc-linux-gnu/bin/../lib/gcc/nios2-elf/5.3.0/../../../../../H-x86_64-pc-linux-gnu/nios2-elf/lib/mno-hw-mul/libc.a(lib_a-wsetup.o)
 .data          0x00000000080125c8        0x0 /package/eda/altera/altera17.0/nios2eds/bin/gnu/H-x86_64-pc-linux-gnu/bin/../lib/gcc/nios2-elf/5.3.0/../../../../../H-x86_64-pc-linux-gnu/nios2-elf/lib/mno-hw-mul/libc.a(lib_a-dtoa.o)
 .data          0x00000000080125c8        0x0 /package/eda/altera/altera17.0/nios2eds/bin/gnu/H-x86_64-pc-linux-gnu/bin/../lib/gcc/nios2-elf/5.3.0/../../../../../H-x86_64-pc-linux-gnu/nios2-elf/lib/mno-hw-mul/libc.a(lib_a-fflush.o)
 .data          0x00000000080125c8        0x0 /package/eda/altera/altera17.0/nios2eds/bin/gnu/H-x86_64-pc-linux-gnu/bin/../lib/gcc/nios2-elf/5.3.0/../../../../../H-x86_64-pc-linux-gnu/nios2-elf/lib/mno-hw-mul/libc.a(lib_a-findfp.o)
 .data          0x00000000080125c8        0x0 /package/eda/altera/altera17.0/nios2eds/bin/gnu/H-x86_64-pc-linux-gnu/bin/../lib/gcc/nios2-elf/5.3.0/../../../../../H-x86_64-pc-linux-gnu/nios2-elf/lib/mno-hw-mul/libc.a(lib_a-freer.o)
 .data          0x00000000080125c8        0x0 /package/eda/altera/altera17.0/nios2eds/bin/gnu/H-x86_64-pc-linux-gnu/bin/../lib/gcc/nios2-elf/5.3.0/../../../../../H-x86_64-pc-linux-gnu/nios2-elf/lib/mno-hw-mul/libc.a(lib_a-fwalk.o)
 .data          0x00000000080125c8        0x0 /package/eda/altera/altera17.0/nios2eds/bin/gnu/H-x86_64-pc-linux-gnu/bin/../lib/gcc/nios2-elf/5.3.0/../../../../../H-x86_64-pc-linux-gnu/nios2-elf/lib/mno-hw-mul/libc.a(lib_a-impure.o)
 .data.impure_data
                0x00000000080125c8      0x424 /package/eda/altera/altera17.0/nios2eds/bin/gnu/H-x86_64-pc-linux-gnu/bin/../lib/gcc/nios2-elf/5.3.0/../../../../../H-x86_64-pc-linux-gnu/nios2-elf/lib/mno-hw-mul/libc.a(lib_a-impure.o)
 .data          0x00000000080129ec        0x0 /package/eda/altera/altera17.0/nios2eds/bin/gnu/H-x86_64-pc-linux-gnu/bin/../lib/gcc/nios2-elf/5.3.0/../../../../../H-x86_64-pc-linux-gnu/nios2-elf/lib/mno-hw-mul/libc.a(lib_a-locale.o)
 .data.lc_message_charset
                0x00000000080129ec       0x20 /package/eda/altera/altera17.0/nios2eds/bin/gnu/H-x86_64-pc-linux-gnu/bin/../lib/gcc/nios2-elf/5.3.0/../../../../../H-x86_64-pc-linux-gnu/nios2-elf/lib/mno-hw-mul/libc.a(lib_a-locale.o)
 .data.lc_ctype_charset
                0x0000000008012a0c       0x20 /package/eda/altera/altera17.0/nios2eds/bin/gnu/H-x86_64-pc-linux-gnu/bin/../lib/gcc/nios2-elf/5.3.0/../../../../../H-x86_64-pc-linux-gnu/nios2-elf/lib/mno-hw-mul/libc.a(lib_a-locale.o)
 .data.lconv    0x0000000008012a2c       0x38 /package/eda/altera/altera17.0/nios2eds/bin/gnu/H-x86_64-pc-linux-gnu/bin/../lib/gcc/nios2-elf/5.3.0/../../../../../H-x86_64-pc-linux-gnu/nios2-elf/lib/mno-hw-mul/libc.a(lib_a-locale.o)
 .data          0x0000000008012a64        0x0 /package/eda/altera/altera17.0/nios2eds/bin/gnu/H-x86_64-pc-linux-gnu/bin/../lib/gcc/nios2-elf/5.3.0/../../../../../H-x86_64-pc-linux-gnu/nios2-elf/lib/mno-hw-mul/libc.a(lib_a-makebuf.o)
 .data          0x0000000008012a64        0x0 /package/eda/altera/altera17.0/nios2eds/bin/gnu/H-x86_64-pc-linux-gnu/bin/../lib/gcc/nios2-elf/5.3.0/../../../../../H-x86_64-pc-linux-gnu/nios2-elf/lib/mno-hw-mul/libc.a(lib_a-mallocr.o)
 .data.__malloc_av_
                0x0000000008012a64      0x408 /package/eda/altera/altera17.0/nios2eds/bin/gnu/H-x86_64-pc-linux-gnu/bin/../lib/gcc/nios2-elf/5.3.0/../../../../../H-x86_64-pc-linux-gnu/nios2-elf/lib/mno-hw-mul/libc.a(lib_a-mallocr.o)
                0x0000000008012a64                __malloc_av_
 .data          0x0000000008012e6c        0x0 /package/eda/altera/altera17.0/nios2eds/bin/gnu/H-x86_64-pc-linux-gnu/bin/../lib/gcc/nios2-elf/5.3.0/../../../../../H-x86_64-pc-linux-gnu/nios2-elf/lib/mno-hw-mul/libc.a(lib_a-memchr.o)
 .data          0x0000000008012e6c        0x0 /package/eda/altera/altera17.0/nios2eds/bin/gnu/H-x86_64-pc-linux-gnu/bin/../lib/gcc/nios2-elf/5.3.0/../../../../../H-x86_64-pc-linux-gnu/nios2-elf/lib/mno-hw-mul/libc.a(lib_a-memcpy.o)
 .data          0x0000000008012e6c        0x0 /package/eda/altera/altera17.0/nios2eds/bin/gnu/H-x86_64-pc-linux-gnu/bin/../lib/gcc/nios2-elf/5.3.0/../../../../../H-x86_64-pc-linux-gnu/nios2-elf/lib/mno-hw-mul/libc.a(lib_a-memset.o)
 .data          0x0000000008012e6c        0x0 /package/eda/altera/altera17.0/nios2eds/bin/gnu/H-x86_64-pc-linux-gnu/bin/../lib/gcc/nios2-elf/5.3.0/../../../../../H-x86_64-pc-linux-gnu/nios2-elf/lib/mno-hw-mul/libc.a(lib_a-mprec.o)
 .data          0x0000000008012e6c        0x0 /package/eda/altera/altera17.0/nios2eds/bin/gnu/H-x86_64-pc-linux-gnu/bin/../lib/gcc/nios2-elf/5.3.0/../../../../../H-x86_64-pc-linux-gnu/nios2-elf/lib/mno-hw-mul/libc.a(lib_a-putc.o)
 .data          0x0000000008012e6c        0x0 /package/eda/altera/altera17.0/nios2eds/bin/gnu/H-x86_64-pc-linux-gnu/bin/../lib/gcc/nios2-elf/5.3.0/../../../../../H-x86_64-pc-linux-gnu/nios2-elf/lib/mno-hw-mul/libc.a(lib_a-s_fpclassify.o)
 .data          0x0000000008012e6c        0x0 /package/eda/altera/altera17.0/nios2eds/bin/gnu/H-x86_64-pc-linux-gnu/bin/../lib/gcc/nios2-elf/5.3.0/../../../../../H-x86_64-pc-linux-gnu/nios2-elf/lib/mno-hw-mul/libc.a(lib_a-sbrkr.o)
 .data          0x0000000008012e6c        0x0 /package/eda/altera/altera17.0/nios2eds/bin/gnu/H-x86_64-pc-linux-gnu/bin/../lib/gcc/nios2-elf/5.3.0/../../../../../H-x86_64-pc-linux-gnu/nios2-elf/lib/mno-hw-mul/libc.a(lib_a-stdio.o)
 .data          0x0000000008012e6c        0x0 /package/eda/altera/altera17.0/nios2eds/bin/gnu/H-x86_64-pc-linux-gnu/bin/../lib/gcc/nios2-elf/5.3.0/../../../../../H-x86_64-pc-linux-gnu/nios2-elf/lib/mno-hw-mul/libc.a(lib_a-strcmp.o)
 .data          0x0000000008012e6c        0x0 /package/eda/altera/altera17.0/nios2eds/bin/gnu/H-x86_64-pc-linux-gnu/bin/../lib/gcc/nios2-elf/5.3.0/../../../../../H-x86_64-pc-linux-gnu/nios2-elf/lib/mno-hw-mul/libc.a(lib_a-strlen.o)
 .data          0x0000000008012e6c        0x0 /package/eda/altera/altera17.0/nios2eds/bin/gnu/H-x86_64-pc-linux-gnu/bin/../lib/gcc/nios2-elf/5.3.0/../../../../../H-x86_64-pc-linux-gnu/nios2-elf/lib/mno-hw-mul/libc.a(lib_a-vfiprintf.o)
 .data          0x0000000008012e6c        0x0 /package/eda/altera/altera17.0/nios2eds/bin/gnu/H-x86_64-pc-linux-gnu/bin/../lib/gcc/nios2-elf/5.3.0/../../../../../H-x86_64-pc-linux-gnu/nios2-elf/lib/mno-hw-mul/libc.a(lib_a-wbuf.o)
 .data          0x0000000008012e6c        0x0 /package/eda/altera/altera17.0/nios2eds/bin/gnu/H-x86_64-pc-linux-gnu/bin/../lib/gcc/nios2-elf/5.3.0/../../../../../H-x86_64-pc-linux-gnu/nios2-elf/lib/mno-hw-mul/libc.a(lib_a-writer.o)
 .data          0x0000000008012e6c        0x0 /package/eda/altera/altera17.0/nios2eds/bin/gnu/H-x86_64-pc-linux-gnu/bin/../lib/gcc/nios2-elf/5.3.0/../../../../../H-x86_64-pc-linux-gnu/nios2-elf/lib/mno-hw-mul/libc.a(closer.o)
 .data          0x0000000008012e6c        0x0 /package/eda/altera/altera17.0/nios2eds/bin/gnu/H-x86_64-pc-linux-gnu/bin/../lib/gcc/nios2-elf/5.3.0/../../../../../H-x86_64-pc-linux-gnu/nios2-elf/lib/mno-hw-mul/libc.a(lib_a-callocr.o)
 .data          0x0000000008012e6c        0x0 /package/eda/altera/altera17.0/nios2eds/bin/gnu/H-x86_64-pc-linux-gnu/bin/../lib/gcc/nios2-elf/5.3.0/../../../../../H-x86_64-pc-linux-gnu/nios2-elf/lib/mno-hw-mul/libc.a(lib_a-fclose.o)
 .data          0x0000000008012e6c        0x0 /package/eda/altera/altera17.0/nios2eds/bin/gnu/H-x86_64-pc-linux-gnu/bin/../lib/gcc/nios2-elf/5.3.0/../../../../../H-x86_64-pc-linux-gnu/nios2-elf/lib/mno-hw-mul/libc.a(lib_a-fputwc.o)
 .data          0x0000000008012e6c        0x0 /package/eda/altera/altera17.0/nios2eds/bin/gnu/H-x86_64-pc-linux-gnu/bin/../lib/gcc/nios2-elf/5.3.0/../../../../../H-x86_64-pc-linux-gnu/nios2-elf/lib/mno-hw-mul/libc.a(lib_a-fstatr.o)
 .data          0x0000000008012e6c        0x0 /package/eda/altera/altera17.0/nios2eds/bin/gnu/H-x86_64-pc-linux-gnu/bin/../lib/gcc/nios2-elf/5.3.0/../../../../../H-x86_64-pc-linux-gnu/nios2-elf/lib/mno-hw-mul/libc.a(lib_a-fvwrite.o)
 .data          0x0000000008012e6c        0x0 /package/eda/altera/altera17.0/nios2eds/bin/gnu/H-x86_64-pc-linux-gnu/bin/../lib/gcc/nios2-elf/5.3.0/../../../../../H-x86_64-pc-linux-gnu/nios2-elf/lib/mno-hw-mul/libc.a(lib_a-int_errno.o)
 .data          0x0000000008012e6c        0x0 /package/eda/altera/altera17.0/nios2eds/bin/gnu/H-x86_64-pc-linux-gnu/bin/../lib/gcc/nios2-elf/5.3.0/../../../../../H-x86_64-pc-linux-gnu/nios2-elf/lib/mno-hw-mul/libc.a(lib_a-isattyr.o)
 .data          0x0000000008012e6c        0x0 /package/eda/altera/altera17.0/nios2eds/bin/gnu/H-x86_64-pc-linux-gnu/bin/../lib/gcc/nios2-elf/5.3.0/../../../../../H-x86_64-pc-linux-gnu/nios2-elf/lib/mno-hw-mul/libc.a(lib_a-lseekr.o)
 .data          0x0000000008012e6c        0x0 /package/eda/altera/altera17.0/nios2eds/bin/gnu/H-x86_64-pc-linux-gnu/bin/../lib/gcc/nios2-elf/5.3.0/../../../../../H-x86_64-pc-linux-gnu/nios2-elf/lib/mno-hw-mul/libc.a(lib_a-memmove.o)
 .data          0x0000000008012e6c        0x0 /package/eda/altera/altera17.0/nios2eds/bin/gnu/H-x86_64-pc-linux-gnu/bin/../lib/gcc/nios2-elf/5.3.0/../../../../../H-x86_64-pc-linux-gnu/nios2-elf/lib/mno-hw-mul/libc.a(lib_a-readr.o)
 .data          0x0000000008012e6c        0x0 /package/eda/altera/altera17.0/nios2eds/bin/gnu/H-x86_64-pc-linux-gnu/bin/../lib/gcc/nios2-elf/5.3.0/../../../../../H-x86_64-pc-linux-gnu/nios2-elf/lib/mno-hw-mul/libc.a(lib_a-reallocr.o)
 .data          0x0000000008012e6c        0x0 /package/eda/altera/altera17.0/nios2eds/bin/gnu/H-x86_64-pc-linux-gnu/bin/../lib/gcc/nios2-elf/5.3.0/../../../../../H-x86_64-pc-linux-gnu/nios2-elf/lib/mno-hw-mul/libc.a(lib_a-wcrtomb.o)
 .data          0x0000000008012e6c        0x0 /package/eda/altera/altera17.0/nios2eds/bin/gnu/H-x86_64-pc-linux-gnu/bin/../lib/gcc/nios2-elf/5.3.0/../../../../../H-x86_64-pc-linux-gnu/nios2-elf/lib/mno-hw-mul/libc.a(lib_a-wctomb_r.o)
 .data          0x0000000008012e6c        0x0 /package/eda/altera/altera17.0/nios2eds/bin/gnu/H-x86_64-pc-linux-gnu/bin/../lib/gcc/nios2-elf/5.3.0/mno-hw-mul/libgcc.a(_udivdi3.o)
 .data          0x0000000008012e6c        0x0 /package/eda/altera/altera17.0/nios2eds/bin/gnu/H-x86_64-pc-linux-gnu/bin/../lib/gcc/nios2-elf/5.3.0/mno-hw-mul/libgcc.a(_umoddi3.o)
 .data          0x0000000008012e6c        0x0 /package/eda/altera/altera17.0/nios2eds/bin/gnu/H-x86_64-pc-linux-gnu/bin/../lib/gcc/nios2-elf/5.3.0/mno-hw-mul/libgcc.a(lib2-divmod.o)
 .data          0x0000000008012e6c        0x0 /package/eda/altera/altera17.0/nios2eds/bin/gnu/H-x86_64-pc-linux-gnu/bin/../lib/gcc/nios2-elf/5.3.0/mno-hw-mul/libgcc.a(adddf3.o)
 .data          0x0000000008012e6c        0x0 /package/eda/altera/altera17.0/nios2eds/bin/gnu/H-x86_64-pc-linux-gnu/bin/../lib/gcc/nios2-elf/5.3.0/mno-hw-mul/libgcc.a(divdf3.o)
 .data          0x0000000008012e6c        0x0 /package/eda/altera/altera17.0/nios2eds/bin/gnu/H-x86_64-pc-linux-gnu/bin/../lib/gcc/nios2-elf/5.3.0/mno-hw-mul/libgcc.a(eqdf2.o)
 .data          0x0000000008012e6c        0x0 /package/eda/altera/altera17.0/nios2eds/bin/gnu/H-x86_64-pc-linux-gnu/bin/../lib/gcc/nios2-elf/5.3.0/mno-hw-mul/libgcc.a(gedf2.o)
 .data          0x0000000008012e6c        0x0 /package/eda/altera/altera17.0/nios2eds/bin/gnu/H-x86_64-pc-linux-gnu/bin/../lib/gcc/nios2-elf/5.3.0/mno-hw-mul/libgcc.a(ledf2.o)
 .data          0x0000000008012e6c        0x0 /package/eda/altera/altera17.0/nios2eds/bin/gnu/H-x86_64-pc-linux-gnu/bin/../lib/gcc/nios2-elf/5.3.0/mno-hw-mul/libgcc.a(muldf3.o)
 .data          0x0000000008012e6c        0x0 /package/eda/altera/altera17.0/nios2eds/bin/gnu/H-x86_64-pc-linux-gnu/bin/../lib/gcc/nios2-elf/5.3.0/mno-hw-mul/libgcc.a(subdf3.o)
 .data          0x0000000008012e6c        0x0 /package/eda/altera/altera17.0/nios2eds/bin/gnu/H-x86_64-pc-linux-gnu/bin/../lib/gcc/nios2-elf/5.3.0/mno-hw-mul/libgcc.a(fixdfsi.o)
 .data          0x0000000008012e6c        0x0 /package/eda/altera/altera17.0/nios2eds/bin/gnu/H-x86_64-pc-linux-gnu/bin/../lib/gcc/nios2-elf/5.3.0/mno-hw-mul/libgcc.a(floatsidf.o)
 .data          0x0000000008012e6c        0x0 /package/eda/altera/altera17.0/nios2eds/bin/gnu/H-x86_64-pc-linux-gnu/bin/../lib/gcc/nios2-elf/5.3.0/mno-hw-mul/libgcc.a(floatunsidf.o)
 .data          0x0000000008012e6c        0x0 /package/eda/altera/altera17.0/nios2eds/bin/gnu/H-x86_64-pc-linux-gnu/bin/../lib/gcc/nios2-elf/5.3.0/mno-hw-mul/libgcc.a(_clz.o)
 .data          0x0000000008012e6c        0x0 /package/eda/altera/altera17.0/nios2eds/bin/gnu/H-x86_64-pc-linux-gnu/bin/../lib/gcc/nios2-elf/5.3.0/mno-hw-mul/libgcc.a(_clzsi2.o)
 .data          0x0000000008012e6c        0x0 ../crc_custom_instruction_multicycle_bsp//libhal_bsp.a(alt_close.o)
 .data          0x0000000008012e6c      0x1a8 ../crc_custom_instruction_multicycle_bsp//libhal_bsp.a(alt_dev.o)
                0x0000000008012e6c                alt_dev_null
                0x0000000008012e94                alt_fd_list
 .data          0x0000000008013014        0x0 ../crc_custom_instruction_multicycle_bsp//libhal_bsp.a(alt_errno.o)
 .data          0x0000000008013014        0x0 ../crc_custom_instruction_multicycle_bsp//libhal_bsp.a(alt_fstat.o)
 .data          0x0000000008013014        0x0 ../crc_custom_instruction_multicycle_bsp//libhal_bsp.a(alt_isatty.o)
 .data          0x0000000008013014        0x0 ../crc_custom_instruction_multicycle_bsp//libhal_bsp.a(alt_load.o)
 .data          0x0000000008013014        0x0 ../crc_custom_instruction_multicycle_bsp//libhal_bsp.a(alt_lseek.o)
 .data          0x0000000008013014        0x0 ../crc_custom_instruction_multicycle_bsp//libhal_bsp.a(alt_main.o)
 .data          0x0000000008013014        0x0 ../crc_custom_instruction_multicycle_bsp//libhal_bsp.a(alt_malloc_lock.o)
 .data          0x0000000008013014        0x0 ../crc_custom_instruction_multicycle_bsp//libhal_bsp.a(alt_read.o)
 .data          0x0000000008013014        0x0 ../crc_custom_instruction_multicycle_bsp//libhal_bsp.a(alt_release_fd.o)
 .data          0x0000000008013014        0x0 ../crc_custom_instruction_multicycle_bsp//libhal_bsp.a(alt_sbrk.o)
 .data          0x0000000008013014        0x0 ../crc_custom_instruction_multicycle_bsp//libhal_bsp.a(alt_write.o)
 .data          0x0000000008013014     0x1060 ../crc_custom_instruction_multicycle_bsp//libhal_bsp.a(alt_sys_init.o)
 .data          0x0000000008014074        0x0 ../crc_custom_instruction_multicycle_bsp//libhal_bsp.a(altera_avalon_jtag_uart_fd.o)
 .data          0x0000000008014074        0x0 ../crc_custom_instruction_multicycle_bsp//libhal_bsp.a(altera_avalon_jtag_uart_init.o)
 .data          0x0000000008014074        0x0 ../crc_custom_instruction_multicycle_bsp//libhal_bsp.a(altera_avalon_jtag_uart_ioctl.o)
 .data          0x0000000008014074        0x0 ../crc_custom_instruction_multicycle_bsp//libhal_bsp.a(altera_avalon_jtag_uart_read.o)
 .data          0x0000000008014074        0x0 ../crc_custom_instruction_multicycle_bsp//libhal_bsp.a(altera_avalon_jtag_uart_write.o)
 .data          0x0000000008014074        0x0 ../crc_custom_instruction_multicycle_bsp//libhal_bsp.a(perf_print_formatted_report.o)
 .data          0x0000000008014074        0x0 ../crc_custom_instruction_multicycle_bsp//libhal_bsp.a(alt_alarm_start.o)
 .data          0x0000000008014074        0x0 ../crc_custom_instruction_multicycle_bsp//libhal_bsp.a(alt_dcache_flush_all.o)
 .data          0x0000000008014074        0x0 ../crc_custom_instruction_multicycle_bsp//libhal_bsp.a(alt_dev_llist_insert.o)
 .data          0x0000000008014074        0x0 ../crc_custom_instruction_multicycle_bsp//libhal_bsp.a(alt_do_ctors.o)
 .data          0x0000000008014074        0x0 ../crc_custom_instruction_multicycle_bsp//libhal_bsp.a(alt_do_dtors.o)
 .data          0x0000000008014074        0x0 ../crc_custom_instruction_multicycle_bsp//libhal_bsp.a(alt_icache_flush_all.o)
 .data          0x0000000008014074        0x0 ../crc_custom_instruction_multicycle_bsp//libhal_bsp.a(alt_iic.o)
 .data          0x0000000008014074        0x0 ../crc_custom_instruction_multicycle_bsp//libhal_bsp.a(alt_iic_isr_register.o)
 .data          0x0000000008014074        0x0 ../crc_custom_instruction_multicycle_bsp//libhal_bsp.a(alt_io_redirect.o)
 .data          0x0000000008014074        0x0 ../crc_custom_instruction_multicycle_bsp//libhal_bsp.a(alt_irq_entry.o)
 .data          0x0000000008014074        0x0 ../crc_custom_instruction_multicycle_bsp//libhal_bsp.a(alt_irq_handler.o)
 .data          0x0000000008014074        0x0 ../crc_custom_instruction_multicycle_bsp//libhal_bsp.a(alt_irq_vars.o)
 .data          0x0000000008014074        0x0 ../crc_custom_instruction_multicycle_bsp//libhal_bsp.a(alt_open.o)
 .data          0x0000000008014074        0x0 ../crc_custom_instruction_multicycle_bsp//libhal_bsp.a(alt_tick.o)
 .data          0x0000000008014074        0x0 ../crc_custom_instruction_multicycle_bsp//libhal_bsp.a(altera_nios2_qsys_irq.o)
 .data          0x0000000008014074        0x0 ../crc_custom_instruction_multicycle_bsp//libhal_bsp.a(altera_avalon_performance_counter.o)
 .data          0x0000000008014074        0x0 ../crc_custom_instruction_multicycle_bsp//libhal_bsp.a(alt_exception_entry.o)
 .data          0x0000000008014074        0x0 ../crc_custom_instruction_multicycle_bsp//libhal_bsp.a(alt_find_dev.o)
 .data          0x0000000008014074        0x0 ../crc_custom_instruction_multicycle_bsp//libhal_bsp.a(alt_find_file.o)
 .data          0x0000000008014074        0x0 ../crc_custom_instruction_multicycle_bsp//libhal_bsp.a(alt_get_fd.o)
 .data          0x0000000008014074        0x0 /package/eda/altera/altera17.0/nios2eds/bin/gnu/H-x86_64-pc-linux-gnu/bin/../lib/gcc/nios2-elf/5.3.0/../../../../../H-x86_64-pc-linux-gnu/nios2-elf/lib/mno-hw-mul/libc.a(lib_a-atexit.o)
 .data          0x0000000008014074        0x0 /package/eda/altera/altera17.0/nios2eds/bin/gnu/H-x86_64-pc-linux-gnu/bin/../lib/gcc/nios2-elf/5.3.0/../../../../../H-x86_64-pc-linux-gnu/nios2-elf/lib/mno-hw-mul/libc.a(lib_a-exit.o)
 .data          0x0000000008014074        0x0 /package/eda/altera/altera17.0/nios2eds/bin/gnu/H-x86_64-pc-linux-gnu/bin/../lib/gcc/nios2-elf/5.3.0/../../../../../H-x86_64-pc-linux-gnu/nios2-elf/lib/mno-hw-mul/libc.a(lib_a-memcmp.o)
 .data          0x0000000008014074        0x0 /package/eda/altera/altera17.0/nios2eds/bin/gnu/H-x86_64-pc-linux-gnu/bin/../lib/gcc/nios2-elf/5.3.0/../../../../../H-x86_64-pc-linux-gnu/nios2-elf/lib/mno-hw-mul/libc.a(lib_a-__atexit.o)
 .data          0x0000000008014074        0x0 /package/eda/altera/altera17.0/nios2eds/bin/gnu/H-x86_64-pc-linux-gnu/bin/../lib/gcc/nios2-elf/5.3.0/../../../../../H-x86_64-pc-linux-gnu/nios2-elf/lib/mno-hw-mul/libc.a(lib_a-__call_atexit.o)
 .data          0x0000000008014074        0x0 /package/eda/altera/altera17.0/nios2eds/bin/gnu/H-x86_64-pc-linux-gnu/bin/../lib/gcc/nios2-elf/5.3.0/mno-hw-mul/libgcc.a(_floatundidf.o)
 .data          0x0000000008014074        0x0 ../crc_custom_instruction_multicycle_bsp//libhal_bsp.a(alt_exit.o)
                0x000000000801c074                _gp = ABSOLUTE ((. + 0x8000))
                [!provide]                        PROVIDE (gp, _gp)
 *(.rwdata .rwdata.*)
 *(.sdata .sdata.* .gnu.linkonce.s.*)
 .sdata         0x0000000008014074        0x5 obj/default/hello_world.o
                0x0000000008014074                test_key
 *fill*         0x0000000008014079        0x3 
 .sdata._global_impure_ptr
                0x000000000801407c        0x4 /package/eda/altera/altera17.0/nios2eds/bin/gnu/H-x86_64-pc-linux-gnu/bin/../lib/gcc/nios2-elf/5.3.0/../../../../../H-x86_64-pc-linux-gnu/nios2-elf/lib/mno-hw-mul/libc.a(lib_a-impure.o)
                0x000000000801407c                _global_impure_ptr
 .sdata._impure_ptr
                0x0000000008014080        0x4 /package/eda/altera/altera17.0/nios2eds/bin/gnu/H-x86_64-pc-linux-gnu/bin/../lib/gcc/nios2-elf/5.3.0/../../../../../H-x86_64-pc-linux-gnu/nios2-elf/lib/mno-hw-mul/libc.a(lib_a-impure.o)
                0x0000000008014080                _impure_ptr
 .sdata.__mb_cur_max
                0x0000000008014084        0x4 /package/eda/altera/altera17.0/nios2eds/bin/gnu/H-x86_64-pc-linux-gnu/bin/../lib/gcc/nios2-elf/5.3.0/../../../../../H-x86_64-pc-linux-gnu/nios2-elf/lib/mno-hw-mul/libc.a(lib_a-locale.o)
                0x0000000008014084                __mb_cur_max
 .sdata.__malloc_sbrk_base
                0x0000000008014088        0x4 /package/eda/altera/altera17.0/nios2eds/bin/gnu/H-x86_64-pc-linux-gnu/bin/../lib/gcc/nios2-elf/5.3.0/../../../../../H-x86_64-pc-linux-gnu/nios2-elf/lib/mno-hw-mul/libc.a(lib_a-mallocr.o)
                0x0000000008014088                __malloc_sbrk_base
 .sdata.__malloc_trim_threshold
                0x000000000801408c        0x4 /package/eda/altera/altera17.0/nios2eds/bin/gnu/H-x86_64-pc-linux-gnu/bin/../lib/gcc/nios2-elf/5.3.0/../../../../../H-x86_64-pc-linux-gnu/nios2-elf/lib/mno-hw-mul/libc.a(lib_a-mallocr.o)
                0x000000000801408c                __malloc_trim_threshold
 .sdata.__wctomb
                0x0000000008014090        0x4 /package/eda/altera/altera17.0/nios2eds/bin/gnu/H-x86_64-pc-linux-gnu/bin/../lib/gcc/nios2-elf/5.3.0/../../../../../H-x86_64-pc-linux-gnu/nios2-elf/lib/mno-hw-mul/libc.a(lib_a-wctomb_r.o)
                0x0000000008014090                __wctomb
 .sdata         0x0000000008014094       0x14 ../crc_custom_instruction_multicycle_bsp//libhal_bsp.a(alt_dev.o)
                0x0000000008014094                alt_fs_list
                0x000000000801409c                alt_dev_list
                0x00000000080140a4                alt_max_fd
 .sdata         0x00000000080140a8        0x4 ../crc_custom_instruction_multicycle_bsp//libhal_bsp.a(alt_errno.o)
                0x00000000080140a8                alt_errno
 .sdata         0x00000000080140ac        0x4 ../crc_custom_instruction_multicycle_bsp//libhal_bsp.a(alt_sbrk.o)
 .sdata         0x00000000080140b0        0x4 ../crc_custom_instruction_multicycle_bsp//libhal_bsp.a(alt_irq_vars.o)
                0x00000000080140b0                alt_priority_mask
 .sdata         0x00000000080140b4        0x8 ../crc_custom_instruction_multicycle_bsp//libhal_bsp.a(alt_tick.o)
                0x00000000080140b4                alt_alarm_list
 *(.sdata2 .sdata2.* .gnu.linkonce.s2.*)
                0x00000000080140bc                . = ALIGN (0x4)
                0x00000000080140bc                _edata = ABSOLUTE (.)
                [!provide]                        PROVIDE (edata, ABSOLUTE (.))
                0x00000000080140bc                PROVIDE (__ram_rwdata_end, ABSOLUTE (.))
                0x00000000080140bc                PROVIDE (__flash_rwdata_start, LOADADDR (.rwdata))

.bss            0x0000000008017030      0x260
                0x0000000008017030                __bss_start = ABSOLUTE (.)
                [!provide]                        PROVIDE (__sbss_start, ABSOLUTE (.))
                [!provide]                        PROVIDE (___sbss_start, ABSOLUTE (.))
 *(.dynsbss)
 *(.sbss .sbss.* .gnu.linkonce.sb.*)
 .sbss          0x0000000008017030        0x2 obj/default/hello_world.o
 *fill*         0x0000000008017032        0x2 
 .sbss._PathLocale
                0x0000000008017034        0x4 /package/eda/altera/altera17.0/nios2eds/bin/gnu/H-x86_64-pc-linux-gnu/bin/../lib/gcc/nios2-elf/5.3.0/../../../../../H-x86_64-pc-linux-gnu/nios2-elf/lib/mno-hw-mul/libc.a(lib_a-locale.o)
                0x0000000008017034                _PathLocale
 .sbss.__mlocale_changed
                0x0000000008017038        0x4 /package/eda/altera/altera17.0/nios2eds/bin/gnu/H-x86_64-pc-linux-gnu/bin/../lib/gcc/nios2-elf/5.3.0/../../../../../H-x86_64-pc-linux-gnu/nios2-elf/lib/mno-hw-mul/libc.a(lib_a-locale.o)
                0x0000000008017038                __mlocale_changed
 .sbss.__nlocale_changed
                0x000000000801703c        0x4 /package/eda/altera/altera17.0/nios2eds/bin/gnu/H-x86_64-pc-linux-gnu/bin/../lib/gcc/nios2-elf/5.3.0/../../../../../H-x86_64-pc-linux-gnu/nios2-elf/lib/mno-hw-mul/libc.a(lib_a-locale.o)
                0x000000000801703c                __nlocale_changed
 .sbss.__malloc_max_total_mem
                0x0000000008017040        0x4 /package/eda/altera/altera17.0/nios2eds/bin/gnu/H-x86_64-pc-linux-gnu/bin/../lib/gcc/nios2-elf/5.3.0/../../../../../H-x86_64-pc-linux-gnu/nios2-elf/lib/mno-hw-mul/libc.a(lib_a-mallocr.o)
                0x0000000008017040                __malloc_max_total_mem
 .sbss.__malloc_max_sbrked_mem
                0x0000000008017044        0x4 /package/eda/altera/altera17.0/nios2eds/bin/gnu/H-x86_64-pc-linux-gnu/bin/../lib/gcc/nios2-elf/5.3.0/../../../../../H-x86_64-pc-linux-gnu/nios2-elf/lib/mno-hw-mul/libc.a(lib_a-mallocr.o)
                0x0000000008017044                __malloc_max_sbrked_mem
 .sbss.__malloc_top_pad
                0x0000000008017048        0x4 /package/eda/altera/altera17.0/nios2eds/bin/gnu/H-x86_64-pc-linux-gnu/bin/../lib/gcc/nios2-elf/5.3.0/../../../../../H-x86_64-pc-linux-gnu/nios2-elf/lib/mno-hw-mul/libc.a(lib_a-mallocr.o)