------------------------------------------------------------
TimeQuest Timing Analyzer Summary
------------------------------------------------------------

Type  : Slow 1200mV 85C Model Setup 'pll_inst|altpll_component|auto_generated|pll1|clk[2]'
Slack : -2.797
TNS   : -197.508

Type  : Slow 1200mV 85C Model Setup 'pll_inst|altpll_component|auto_generated|pll1|clk[1]'
Slack : 33.420
TNS   : 0.000

Type  : Slow 1200mV 85C Model Setup 'altera_reserved_tck'
Slack : 46.112
TNS   : 0.000

Type  : Slow 1200mV 85C Model Hold 'pll_inst|altpll_component|auto_generated|pll1|clk[2]'
Slack : 0.272
TNS   : 0.000

Type  : Slow 1200mV 85C Model Hold 'altera_reserved_tck'
Slack : 0.403
TNS   : 0.000

Type  : Slow 1200mV 85C Model Hold 'pll_inst|altpll_component|auto_generated|pll1|clk[1]'
Slack : 0.404
TNS   : 0.000

Type  : Slow 1200mV 85C Model Recovery 'pll_inst|altpll_component|auto_generated|pll1|clk[1]'
Slack : 13.136
TNS   : 0.000

Type  : Slow 1200mV 85C Model Recovery 'pll_inst|altpll_component|auto_generated|pll1|clk[2]'
Slack : 13.286
TNS   : 0.000

Type  : Slow 1200mV 85C Model Recovery 'altera_reserved_tck'
Slack : 47.781
TNS   : 0.000

Type  : Slow 1200mV 85C Model Removal 'altera_reserved_tck'
Slack : 1.370
TNS   : 0.000

Type  : Slow 1200mV 85C Model Removal 'pll_inst|altpll_component|auto_generated|pll1|clk[2]'
Slack : 3.478
TNS   : 0.000

Type  : Slow 1200mV 85C Model Removal 'pll_inst|altpll_component|auto_generated|pll1|clk[1]'
Slack : 5.854
TNS   : 0.000

Type  : Slow 1200mV 85C Model Minimum Pulse Width 'pll_inst|altpll_component|auto_generated|pll1|clk[2]'
Slack : 9.616
TNS   : 0.000

Type  : Slow 1200mV 85C Model Minimum Pulse Width 'CLOCK_50'
Slack : 9.819
TNS   : 0.000

Type  : Slow 1200mV 85C Model Minimum Pulse Width 'pll_inst|altpll_component|auto_generated|pll1|clk[1]'
Slack : 19.706
TNS   : 0.000

Type  : Slow 1200mV 85C Model Minimum Pulse Width 'altera_reserved_tck'
Slack : 49.550
TNS   : 0.000

Type  : Slow 1200mV 0C Model Setup 'pll_inst|altpll_component|auto_generated|pll1|clk[2]'
Slack : -0.785
TNS   : -21.435

Type  : Slow 1200mV 0C Model Setup 'pll_inst|altpll_component|auto_generated|pll1|clk[1]'
Slack : 34.035
TNS   : 0.000

Type  : Slow 1200mV 0C Model Setup 'altera_reserved_tck'
Slack : 46.535
TNS   : 0.000

Type  : Slow 1200mV 0C Model Hold 'pll_inst|altpll_component|auto_generated|pll1|clk[2]'
Slack : 0.285
TNS   : 0.000

Type  : Slow 1200mV 0C Model Hold 'altera_reserved_tck'
Slack : 0.355
TNS   : 0.000

Type  : Slow 1200mV 0C Model Hold 'pll_inst|altpll_component|auto_generated|pll1|clk[1]'
Slack : 0.355
TNS   : 0.000

Type  : Slow 1200mV 0C Model Recovery 'pll_inst|altpll_component|auto_generated|pll1|clk[1]'
Slack : 13.734
TNS   : 0.000

Type  : Slow 1200mV 0C Model Recovery 'pll_inst|altpll_component|auto_generated|pll1|clk[2]'
Slack : 13.867
TNS   : 0.000

Type  : Slow 1200mV 0C Model Recovery 'altera_reserved_tck'
Slack : 48.068
TNS   : 0.000

Type  : Slow 1200mV 0C Model Removal 'altera_reserved_tck'
Slack : 1.262
TNS   : 0.000

Type  : Slow 1200mV 0C Model Removal 'pll_inst|altpll_component|auto_generated|pll1|clk[2]'
Slack : 3.132
TNS   : 0.000

Type  : Slow 1200mV 0C Model Removal 'pll_inst|altpll_component|auto_generated|pll1|clk[1]'
Slack : 5.235
TNS   : 0.000

Type  : Slow 1200mV 0C Model Minimum Pulse Width 'pll_inst|altpll_component|auto_generated|pll1|clk[2]'
Slack : 9.648
TNS   : 0.000

Type  : Slow 1200mV 0C Model Minimum Pulse Width 'CLOCK_50'
Slack : 9.799
TNS   : 0.000

Type  : Slow 1200mV 0C Model Minimum Pulse Width 'pll_inst|altpll_component|auto_generated|pll1|clk[1]'
Slack : 19.696
TNS   : 0.000

Type  : Slow 1200mV 0C Model Minimum Pulse Width 'altera_reserved_tck'
Slack : 49.478
TNS   : 0.000

Type  : Fast 1200mV 0C Model Setup 'pll_inst|altpll_component|auto_generated|pll1|clk[2]'
Slack : 8.605
TNS   : 0.000

Type  : Fast 1200mV 0C Model Setup 'pll_inst|altpll_component|auto_generated|pll1|clk[1]'
Slack : 37.021
TNS   : 0.000

Type  : Fast 1200mV 0C Model Setup 'altera_reserved_tck'
Slack : 48.336
TNS   : 0.000

Type  : Fast 1200mV 0C Model Hold 'pll_inst|altpll_component|auto_generated|pll1|clk[2]'
Slack : 0.099
TNS   : 0.000

Type  : Fast 1200mV 0C Model Hold 'altera_reserved_tck'
Slack : 0.181
TNS   : 0.000

Type  : Fast 1200mV 0C Model Hold 'pll_inst|altpll_component|auto_generated|pll1|clk[1]'
Slack : 0.182
TNS   : 0.000

Type  : Fast 1200mV 0C Model Recovery 'pll_inst|altpll_component|auto_generated|pll1|clk[1]'
Slack : 16.325
TNS   : 0.000

Type  : Fast 1200mV 0C Model Recovery 'pll_inst|altpll_component|auto_generated|pll1|clk[2]'
Slack : 16.410
TNS   : 0.000

Type  : Fast 1200mV 0C Model Recovery 'altera_reserved_tck'
Slack : 49.205
TNS   : 0.000

Type  : Fast 1200mV 0C Model Removal 'altera_reserved_tck'
Slack : 0.648
TNS   : 0.000

Type  : Fast 1200mV 0C Model Removal 'pll_inst|altpll_component|auto_generated|pll1|clk[2]'
Slack : 1.816
TNS   : 0.000

Type  : Fast 1200mV 0C Model Removal 'pll_inst|altpll_component|auto_generated|pll1|clk[1]'
Slack : 3.011
TNS   : 0.000

Type  : Fast 1200mV 0C Model Minimum Pulse Width 'CLOCK_50'
Slack : 9.400
TNS   : 0.000

Type  : Fast 1200mV 0C Model Minimum Pulse Width 'pll_inst|altpll_component|auto_generated|pll1|clk[2]'
Slack : 9.750
TNS   : 0.000

Type  : Fast 1200mV 0C Model Minimum Pulse Width 'pll_inst|altpll_component|auto_generated|pll1|clk[1]'
Slack : 19.754
TNS   : 0.000

Type  : Fast 1200mV 0C Model Minimum Pulse Width 'altera_reserved_tck'
Slack : 49.303
TNS   : 0.000

------------------------------------------------------------
