Archive member included to satisfy reference by file (symbol)

/package/eda/altera/altera17.0/nios2eds/bin/gnu/H-x86_64-pc-linux-gnu/bin/../lib/gcc/nios2-elf/5.3.0/../../../../../H-x86_64-pc-linux-gnu/nios2-elf/lib/libm.a(lib_a-sf_cos.o)
                              obj/default/kautodiff.o (cosf)
/package/eda/altera/altera17.0/nios2eds/bin/gnu/H-x86_64-pc-linux-gnu/bin/../lib/gcc/nios2-elf/5.3.0/../../../../../H-x86_64-pc-linux-gnu/nios2-elf/lib/libm.a(lib_a-sf_sin.o)
                              obj/default/kautodiff.o (sinf)
/package/eda/altera/altera17.0/nios2eds/bin/gnu/H-x86_64-pc-linux-gnu/bin/../lib/gcc/nios2-elf/5.3.0/../../../../../H-x86_64-pc-linux-gnu/nios2-elf/lib/libm.a(lib_a-w_log.o)
                              obj/default/kautodiff.o (log)
/package/eda/altera/altera17.0/nios2eds/bin/gnu/H-x86_64-pc-linux-gnu/bin/../lib/gcc/nios2-elf/5.3.0/../../../../../H-x86_64-pc-linux-gnu/nios2-elf/lib/libm.a(lib_a-w_sqrt.o)
                              obj/default/kann.o (sqrt)
/package/eda/altera/altera17.0/nios2eds/bin/gnu/H-x86_64-pc-linux-gnu/bin/../lib/gcc/nios2-elf/5.3.0/../../../../../H-x86_64-pc-linux-gnu/nios2-elf/lib/libm.a(lib_a-wf_exp.o)
                              obj/default/kautodiff.o (expf)
/package/eda/altera/altera17.0/nios2eds/bin/gnu/H-x86_64-pc-linux-gnu/bin/../lib/gcc/nios2-elf/5.3.0/../../../../../H-x86_64-pc-linux-gnu/nios2-elf/lib/libm.a(lib_a-wf_log.o)
                              obj/default/kautodiff.o (logf)
/package/eda/altera/altera17.0/nios2eds/bin/gnu/H-x86_64-pc-linux-gnu/bin/../lib/gcc/nios2-elf/5.3.0/../../../../../H-x86_64-pc-linux-gnu/nios2-elf/lib/libm.a(lib_a-wf_sqrt.o)
                              obj/default/kann.o (sqrtf)
/package/eda/altera/altera17.0/nios2eds/bin/gnu/H-x86_64-pc-linux-gnu/bin/../lib/gcc/nios2-elf/5.3.0/../../../../../H-x86_64-pc-linux-gnu/nios2-elf/lib/libm.a(lib_a-e_log.o)
                              /package/eda/altera/altera17.0/nios2eds/bin/gnu/H-x86_64-pc-linux-gnu/bin/../lib/gcc/nios2-elf/5.3.0/../../../../../H-x86_64-pc-linux-gnu/nios2-elf/lib/libm.a(lib_a-w_log.o) (__ieee754_log)
/package/eda/altera/altera17.0/nios2eds/bin/gnu/H-x86_64-pc-linux-gnu/bin/../lib/gcc/nios2-elf/5.3.0/../../../../../H-x86_64-pc-linux-gnu/nios2-elf/lib/libm.a(lib_a-e_sqrt.o)
                              /package/eda/altera/altera17.0/nios2eds/bin/gnu/H-x86_64-pc-linux-gnu/bin/../lib/gcc/nios2-elf/5.3.0/../../../../../H-x86_64-pc-linux-gnu/nios2-elf/lib/libm.a(lib_a-w_sqrt.o) (__ieee754_sqrt)
/package/eda/altera/altera17.0/nios2eds/bin/gnu/H-x86_64-pc-linux-gnu/bin/../lib/gcc/nios2-elf/5.3.0/../../../../../H-x86_64-pc-linux-gnu/nios2-elf/lib/libm.a(lib_a-ef_exp.o)
                              /package/eda/altera/altera17.0/nios2eds/bin/gnu/H-x86_64-pc-linux-gnu/bin/../lib/gcc/nios2-elf/5.3.0/../../../../../H-x86_64-pc-linux-gnu/nios2-elf/lib/libm.a(lib_a-wf_exp.o) (__ieee754_expf)
/package/eda/altera/altera17.0/nios2eds/bin/gnu/H-x86_64-pc-linux-gnu/bin/../lib/gcc/nios2-elf/5.3.0/../../../../../H-x86_64-pc-linux-gnu/nios2-elf/lib/libm.a(lib_a-ef_log.o)
                              /package/eda/altera/altera17.0/nios2eds/bin/gnu/H-x86_64-pc-linux-gnu/bin/../lib/gcc/nios2-elf/5.3.0/../../../../../H-x86_64-pc-linux-gnu/nios2-elf/lib/libm.a(lib_a-wf_log.o) (__ieee754_logf)
/package/eda/altera/altera17.0/nios2eds/bin/gnu/H-x86_64-pc-linux-gnu/bin/../lib/gcc/nios2-elf/5.3.0/../../../../../H-x86_64-pc-linux-gnu/nios2-elf/lib/libm.a(lib_a-ef_rem_pio2.o)
                              /package/eda/altera/altera17.0/nios2eds/bin/gnu/H-x86_64-pc-linux-gnu/bin/../lib/gcc/nios2-elf/5.3.0/../../../../../H-x86_64-pc-linux-gnu/nios2-elf/lib/libm.a(lib_a-sf_cos.o) (__ieee754_rem_pio2f)
/package/eda/altera/altera17.0/nios2eds/bin/gnu/H-x86_64-pc-linux-gnu/bin/../lib/gcc/nios2-elf/5.3.0/../../../../../H-x86_64-pc-linux-gnu/nios2-elf/lib/libm.a(lib_a-ef_sqrt.o)
                              /package/eda/altera/altera17.0/nios2eds/bin/gnu/H-x86_64-pc-linux-gnu/bin/../lib/gcc/nios2-elf/5.3.0/../../../../../H-x86_64-pc-linux-gnu/nios2-elf/lib/libm.a(lib_a-wf_sqrt.o) (__ieee754_sqrtf)
/package/eda/altera/altera17.0/nios2eds/bin/gnu/H-x86_64-pc-linux-gnu/bin/../lib/gcc/nios2-elf/5.3.0/../../../../../H-x86_64-pc-linux-gnu/nios2-elf/lib/libm.a(lib_a-kf_cos.o)
                              /package/eda/altera/altera17.0/nios2eds/bin/gnu/H-x86_64-pc-linux-gnu/bin/../lib/gcc/nios2-elf/5.3.0/../../../../../H-x86_64-pc-linux-gnu/nios2-elf/lib/libm.a(lib_a-sf_cos.o) (__kernel_cosf)
/package/eda/altera/altera17.0/nios2eds/bin/gnu/H-x86_64-pc-linux-gnu/bin/../lib/gcc/nios2-elf/5.3.0/../../../../../H-x86_64-pc-linux-gnu/nios2-elf/lib/libm.a(lib_a-kf_rem_pio2.o)
                              /package/eda/altera/altera17.0/nios2eds/bin/gnu/H-x86_64-pc-linux-gnu/bin/../lib/gcc/nios2-elf/5.3.0/../../../../../H-x86_64-pc-linux-gnu/nios2-elf/lib/libm.a(lib_a-ef_rem_pio2.o) (__kernel_rem_pio2f)
[...]
Memory Configuration

Name             Origin             Length             Attributes
reset            0x0000000008000000 0x0000000000000020
new_sdram_controller_0 0x0000000008000020 0x0000000007ffffe0
generic_tristate_controller_0 0x0000000010000000 0x0000000000800000
*default*        0x0000000000000000 0xffffffffffffffff

Linker script and memory map

LOAD ../cnn_custom_1_bsp//obj/HAL/src/crt0.o
LOAD obj/default/kann.o
LOAD obj/default/kann_data.o
LOAD obj/default/kautodiff.o
LOAD obj/default/mnist-cnn.o
LOAD /package/eda/altera/altera17.0/nios2eds/bin/gnu/H-x86_64-pc-linux-gnu/bin/../lib/gcc/nios2-elf/5.3.0/../../../../../H-x86_64-pc-linux-gnu/nios2-elf/lib/libstdc++.a
LOAD /package/eda/altera/altera17.0/nios2eds/bin/gnu/H-x86_64-pc-linux-gnu/bin/../lib/gcc/nios2-elf/5.3.0/../../../../../H-x86_64-pc-linux-gnu/nios2-elf/lib/libm.a
LOAD /package/eda/altera/altera17.0/nios2eds/bin/gnu/H-x86_64-pc-linux-gnu/bin/../lib/gcc/nios2-elf/5.3.0/libgcc.a
START GROUP
LOAD /package/eda/altera/altera17.0/nios2eds/bin/gnu/H-x86_64-pc-linux-gnu/bin/../lib/gcc/nios2-elf/5.3.0/../../../../../H-x86_64-pc-linux-gnu/nios2-elf/lib/libc.a
LOAD /package/eda/altera/altera17.0/nios2eds/bin/gnu/H-x86_64-pc-linux-gnu/bin/../lib/gcc/nios2-elf/5.3.0/libgcc.a
LOAD ../cnn_custom_1_bsp//libhal_bsp.a
LOAD /package/eda/altera/altera17.0/nios2eds/bin/gnu/H-x86_64-pc-linux-gnu/bin/../lib/gcc/nios2-elf/5.3.0/../../../../../H-x86_64-pc-linux-gnu/nios2-elf/lib/libm.a
END GROUP
LOAD /package/eda/altera/altera17.0/nios2eds/bin/gnu/H-x86_64-pc-linux-gnu/bin/../lib/gcc/nios2-elf/5.3.0/libgcc.a
                0x0000000008000000                __alt_mem_new_sdram_controller_0 = 0x8000000
                0x0000000010000000                __alt_mem_generic_tristate_controller_0 = 0x10000000

.entry          0x0000000008000000       0x20
 *(.entry)
 .entry         0x0000000008000000       0x20 ../cnn_custom_1_bsp//obj/HAL/src/crt0.o
                0x0000000008000000                __reset

.exceptions     0x0000000008000020      0x1a0
                0x0000000008000020                PROVIDE (__ram_exceptions_start, ABSOLUTE (.))
                0x0000000008000020                . = ALIGN (0x20)
 *(.irq)
 *(.exceptions.entry.label)
 .exceptions.entry.label
                0x0000000008000020        0x0 ../cnn_custom_1_bsp//libhal_bsp.a(alt_irq_entry.o)
                0x0000000008000020                alt_irq_entry
 .exceptions.entry.label
                0x0000000008000020        0x0 ../cnn_custom_1_bsp//libhal_bsp.a(alt_exception_entry.o)
                0x0000000008000020                alt_exception
 *(.exceptions.entry.user)
 *(.exceptions.entry.ecc_fatal)
 *(.exceptions.entry)
 .exceptions.entry
                0x0000000008000020       0x54 ../cnn_custom_1_bsp//libhal_bsp.a(alt_exception_entry.o)
 *(.exceptions.irqtest.user)
 *(.exceptions.irqtest)
 .exceptions.irqtest
                0x0000000008000074       0x10 ../cnn_custom_1_bsp//libhal_bsp.a(alt_irq_entry.o)
 *(.exceptions.irqhandler.user)
 *(.exceptions.irqhandler)
 .exceptions.irqhandler
                0x0000000008000084        0x4 ../cnn_custom_1_bsp//libhal_bsp.a(alt_irq_entry.o)
 *(.exceptions.irqreturn.user)
 *(.exceptions.irqreturn)
 .exceptions.irqreturn
                0x0000000008000088        0x4 ../cnn_custom_1_bsp//libhal_bsp.a(alt_irq_entry.o)
 *(.exceptions.notirq.label)
 .exceptions.notirq.label
                0x000000000800008c        0x0 ../cnn_custom_1_bsp//libhal_bsp.a(alt_irq_entry.o)
 *(.exceptions.notirq.user)
 *(.exceptions.notirq)
 .exceptions.notirq
                0x000000000800008c        0x8 ../cnn_custom_1_bsp//libhal_bsp.a(alt_exception_entry.o)
 *(.exceptions.soft.user)
 *(.exceptions.soft)
 *(.exceptions.unknown.user)
 *(.exceptions.unknown)
 .exceptions.unknown
                0x0000000008000094        0x4 ../cnn_custom_1_bsp//libhal_bsp.a(alt_exception_entry.o)
 *(.exceptions.exit.label)
 .exceptions.exit.label
                0x0000000008000098        0x0 ../cnn_custom_1_bsp//libhal_bsp.a(alt_irq_entry.o)
 .exceptions.exit.label
                0x0000000008000098        0x0 ../cnn_custom_1_bsp//libhal_bsp.a(alt_exception_entry.o)
 *(.exceptions.exit.user)
 *(.exceptions.exit)
 .exceptions.exit
                0x0000000008000098       0x54 ../cnn_custom_1_bsp//libhal_bsp.a(alt_exception_entry.o)
 *(.exceptions)
 .exceptions    0x00000000080000ec       0xd4 ../cnn_custom_1_bsp//libhal_bsp.a(alt_irq_handler.o)
                0x00000000080000ec                alt_irq_handler
                0x00000000080001c0                PROVIDE (__ram_exceptions_end, ABSOLUTE (.))
                0x0000000008000020                PROVIDE (__flash_exceptions_start, LOADADDR (.exceptions))

.text           0x00000000080001c0    0x33828
                [!provide]                        PROVIDE (stext, ABSOLUTE (.))
 *(.interp)
 *(.hash)
 *(.dynsym)
 *(.dynstr)
 *(.gnu.version)
 *(.gnu.version_d)
 *(.gnu.version_r)
 *(.rel.init)
 *(.rela.init)
 *(.rel.text .rel.text.* .rel.gnu.linkonce.t.*)
 *(.rela.text .rela.text.* .rela.gnu.linkonce.t.*)
 *(.rel.fini)
 *(.rela.fini)
 *(.rel.rodata .rel.rodata.* .rel.gnu.linkonce.r.*)
 *(.rela.rodata .rela.rodata.* .rela.gnu.linkonce.r.*)
 *(.rel.data .rel.data.* .rel.gnu.linkonce.d.*)
 *(.rela.data .rela.data.* .rela.gnu.linkonce.d.*)
 *(.rel.tdata .rel.tdata.* .rel.gnu.linkonce.td.*)
 *(.rela.tdata .rela.tdata.* .rela.gnu.linkonce.td.*)
 *(.rel.tbss .rel.tbss.* .rel.gnu.linkonce.tb.*)
 *(.rela.tbss .rela.tbss.* .rela.gnu.linkonce.tb.*)
 *(.rel.ctors)
 *(.rela.ctors)
 *(.rel.dtors)
 *(.rela.dtors)
 *(.rel.got)
 *(.rela.got)
 *(.rel.sdata .rel.sdata.* .rel.gnu.linkonce.s.*)
 *(.rela.sdata .rela.sdata.* .rela.gnu.linkonce.s.*)
 *(.rel.sbss .rel.sbss.* .rel.gnu.linkonce.sb.*)
 *(.rela.sbss .rela.sbss.* .rela.gnu.linkonce.sb.*)
 *(.rel.sdata2 .rel.sdata2.* .rel.gnu.linkonce.s2.*)
 *(.rela.sdata2 .rela.sdata2.* .rela.gnu.linkonce.s2.*)
 *(.rel.sbss2 .rel.sbss2.* .rel.gnu.linkonce.sb2.*)
 *(.rela.sbss2 .rela.sbss2.* .rela.gnu.linkonce.sb2.*)
 *(.rel.bss .rel.bss.* .rel.gnu.linkonce.b.*)
 *(.rela.bss .rela.bss.* .rela.gnu.linkonce.b.*)
 *(.rel.plt)
 *(.rela.plt)
 *(.rel.dyn)
 *(.init)
 *(.plt)
 *(.text .stub .text.* .gnu.linkonce.t.*)
 .text          0x00000000080001c0       0x4c ../cnn_custom_1_bsp//obj/HAL/src/crt0.o
                0x00000000080001c0                _start
 .text          0x000000000800020c     0x47e0 obj/default/kann.o
                0x00000000080006c4                kann_new
                0x00000000080009ac                kann_clone
                0x0000000008000a68                kann_unroll_array
                0x0000000008000b2c                kann_unroll
                0x0000000008000c04                kann_delete_unrolled
                0x0000000008000c8c                kann_delete
                0x0000000008000dcc                kann_find
                0x0000000008000ec8                kann_feed_bind
                0x0000000008001058                kann_feed_dim
                0x000000000800136c                kann_eval
                0x000000000800147c                kann_rnn_start
                0x00000000080015c8                kann_rnn_end
                0x0000000008001a1c                kann_mt
                0x0000000008001a48                kann_cost
                0x0000000008001a90                kann_class_error
                0x0000000008001ac8                kann_switch
                0x0000000008001b00                kann_save_fp
                0x0000000008001c00                kann_save
                0x0000000008001c80                kann_load_fp
                0x0000000008001e38                kann_load
                0x0000000008001ed4                kann_new_leaf_array
                0x00000000080021ac                kann_new_leaf2
                0x0000000008002260                kann_layer_dense2
                0x0000000008002348                kann_layer_dropout2
                0x00000000080023c0                kann_layer_layernorm2
                0x000000000800250c                kann_layer_rnn2
                0x00000000080026c8                kann_layer_gru2
                0x0000000008002ac4                kann_new_leaf
                0x0000000008002b78                kann_new_scalar
                0x0000000008002bbc                kann_new_weight
                0x0000000008002c04                kann_new_vec
                0x0000000008002c44                kann_new_bias
                0x0000000008002c78                kann_new_weight_conv2d
                0x0000000008002cd8                kann_new_weight_conv1d
                0x0000000008002d2c                kann_layer_input
                0x0000000008002d80                kann_layer_dense
                0x0000000008002dc0                kann_layer_dropout
                0x0000000008002e00                kann_layer_layernorm
                0x0000000008002e38                kann_layer_rnn
                0x0000000008002ee4                kann_layer_gru
                0x0000000008002fd0                kann_layer_lstm
                0x000000000800337c                kann_layer_conv2d
                0x00000000080033f4                kann_layer_conv1d
                0x0000000008003458                kann_layer_cost
                0x00000000080035e4                kann_shuffle
                0x0000000008003768                kann_RMSprop
                0x0000000008003998                kann_grad_clip
                0x0000000008003b84                kann_train_fnn1
                0x0000000008004610                kann_cost_fnn1
                0x0000000008004924                kann_apply1
 .text          0x00000000080049ec      0x840 obj/default/kann_data.o
                0x00000000080049ec                kann_data_read
                0x00000000080050e0                kann_data_free
 .text          0x000000000800522c    0x11ab4 obj/default/kautodiff.o
                0x0000000008005438                kad_const
                0x0000000008005498                kad_feed
                0x00000000080054f8                kad_var
                0x000000000800573c                kad_add
                0x0000000008005778                kad_sub
                0x00000000080057b4                kad_mul
                0x00000000080057f0                kad_cmul
                0x000000000800582c                kad_matmul
                0x0000000008005868                kad_ce_multi
                0x00000000080058a4                kad_ce_bin
                0x00000000080058e0                kad_ce_bin_neg
                0x000000000800591c                kad_mse
                0x0000000008005958                kad_log
                0x000000000800598c                kad_exp
                0x00000000080059c0                kad_sin
                0x00000000080059f4                kad_square
                0x0000000008005a28                kad_sigm
                0x0000000008005a5c                kad_tanh
                0x0000000008005a90                kad_relu
                0x0000000008005ac4                kad_1minus
                0x0000000008005af8                kad_softmax
                0x0000000008005b2c                kad_stdnorm
                0x0000000008005d30                kad_conv2d
                0x0000000008005e40                kad_max2d
                0x0000000008005fa4                kad_conv1d
                0x0000000008006084                kad_max1d
                0x0000000008006134                kad_avg1d
                0x00000000080062a0                kad_avg
                0x00000000080062dc                kad_max
                0x0000000008006318                kad_stack
                0x0000000008006354                kad_select
                0x00000000080064d0                kad_reduce_sum
                0x000000000800650c                kad_reduce_mean
                0x0000000008006548                kad_dropout
                0x00000000080065a8                kad_sample_normal
                0x0000000008006600                kad_slice
                0x00000000080066cc                kad_concat_array
                0x00000000080067a0                kad_concat
                0x0000000008006860                kad_reshape
                0x000000000800696c                kad_reverse
                0x00000000080069f4                kad_switch
                0x0000000008006dac                kad_sync_dim
                0x000000000800704c                kad_compile_array
                0x0000000008007650                kad_compile
                0x0000000008007710                kad_delete
                0x00000000080077ec                kad_size_var
                0x00000000080078c8                kad_size_const
                0x0000000008007b18                kad_eval_marked
                0x0000000008007c60                kad_eval_at
                0x0000000008007d2c                kad_grad
                0x00000000080084a8                kad_save
                0x00000000080085c8                kad_load
                0x0000000008008868                kad_clone
                0x0000000008009508                kad_n_pivots
                0x00000000080095b4                kad_unroll
                0x0000000008009b98                kad_vec_mul_sum
                0x0000000008009c98                kad_saxpy
                0x0000000008009ce4                kad_sgemm_simple
                0x000000000800a514                kad_srand
                0x000000000800a5c4                kad_rng
                0x000000000800a640                kad_rand
                0x000000000800a6a0                kad_drand
                0x000000000800a76c                kad_drand_normal
                0x000000000800aa94                kad_op_add
                0x000000000800acb0                kad_op_sub
                0x000000000800aecc                kad_op_mul
                0x000000000800b18c                kad_op_cmul
                0x000000000800b4e8                kad_op_matmul
                0x000000000800b764                kad_op_square
                0x000000000800b964                kad_op_1minus
                0x000000000800ba94                kad_op_exp
                0x000000000800bc54                kad_op_log
                0x000000000800be14                kad_op_reduce_sum
                0x000000000800c300                kad_op_reduce_mean
                0x000000000800c894                kad_op_dropout
                0x000000000800cca4                kad_op_sample_normal
                0x000000000800cf3c                kad_op_slice
                0x000000000800d33c                kad_op_concat
                0x000000000800d8fc                kad_op_reshape
                0x000000000800dce4                kad_op_reverse
                0x000000000800e040                kad_op_mse
                0x000000000800e368                kad_op_ce_bin
                0x000000000800ea68                kad_op_ce_bin_neg
                0x000000000800f26c                kad_op_ce_multi
                0x000000000800f7b8                kad_op_stdnorm
                0x000000000801005c                kad_op_sigm
                0x00000000080102a0                kad_op_tanh
                0x000000000801054c                kad_op_relu
                0x0000000008010728                kad_op_sin
                0x0000000008010900                kad_op_softmax
                0x0000000008010dd8                kad_op_avg
                0x00000000080110a0                kad_op_max
                0x00000000080113f4                kad_op_stack
                0x0000000008011710                kad_op_select
                0x0000000008011db4                kad_op_conv2d
                0x000000000801380c                kad_op_max2d
                0x0000000008014158                kad_op_conv1d
                0x000000000801560c                kad_op_max1d
                0x0000000008015af4                kad_op_avg1d
                0x000000000801622c                kad_trap_fe
                0x000000000801624c                kad_print_graph
                0x000000000801672c                kad_check_grad
 .text          0x0000000008016ce0      0x96c obj/default/mnist-cnn.o
                0x0000000008016ce0                main
 .text          0x000000000801764c        0x0 /package/eda/altera/altera17.0/nios2eds/bin/gnu/H-x86_64-pc-linux-gnu/bin/../lib/gcc/nios2-elf/5.3.0/../../../../../H-x86_64-pc-linux-gnu/nios2-elf/lib/libm.a(lib_a-sf_cos.o)
 .text.cosf     0x000000000801764c       0xb0 /package/eda/altera/altera17.0/nios2eds/bin/gnu/H-x86_64-pc-linux-gnu/bin/../lib/gcc/nios2-elf/5.3.0/../../../../../H-x86_64-pc-linux-gnu/nios2-elf/lib/libm.a(lib_a-sf_cos.o)
                0x000000000801764c                cosf
 .text          0x00000000080176fc        0x0 /package/eda/altera/altera17.0/nios2eds/bin/gnu/H-x86_64-pc-linux-gnu/bin/../lib/gcc/nios2-elf/5.3.0/../../../../../H-x86_64-pc-linux-gnu/nios2-elf/lib/libm.a(lib_a-sf_sin.o)
 .text.sinf     0x00000000080176fc       0xb0 /package/eda/altera/altera17.0/nios2eds/bin/gnu/H-x86_64-pc-linux-gnu/bin/../lib/gcc/nios2-elf/5.3.0/../../../../../H-x86_64-pc-linux-gnu/nios2-elf/lib/libm.a(lib_a-sf_sin.o)
                0x00000000080176fc                sinf
 .text          0x00000000080177ac        0x0 /package/eda/altera/altera17.0/nios2eds/bin/gnu/H-x86_64-pc-linux-gnu/bin/../lib/gcc/nios2-elf/5.3.0/../../../../../H-x86_64-pc-linux-gnu/nios2-elf/lib/libm.a(lib_a-w_log.o)
 .text.log      0x00000000080177ac      0x19c /package/eda/altera/altera17.0/nios2eds/bin/gnu/H-x86_64-pc-linux-gnu/bin/../lib/gcc/nios2-elf/5.3.0/../../../../../H-x86_64-pc-linux-gnu/nios2-elf/lib/libm.a(lib_a-w_log.o)
                0x00000000080177ac                log
 .text          0x0000000008017948        0x0 /package/eda/altera/altera17.0/nios2eds/bin/gnu/H-x86_64-pc-linux-gnu/bin/../lib/gcc/nios2-elf/5.3.0/../../../../../H-x86_64-pc-linux-gnu/nios2-elf/lib/libm.a(lib_a-w_sqrt.o)
 .text.sqrt     0x0000000008017948      0x130 /package/eda/altera/altera17.0/nios2eds/bin/gnu/H-x86_64-pc-linux-gnu/bin/../lib/gcc/nios2-elf/5.3.0/../../../../../H-x86_64-pc-linux-gnu/nios2-elf/lib/libm.a(lib_a-w_sqrt.o)
                0x0000000008017948                sqrt
 .text          0x0000000008017a78        0x0 /package/eda/altera/altera17.0/nios2eds/bin/gnu/H-x86_64-pc-linux-gnu/bin/../lib/gcc/nios2-elf/5.3.0/../../../../../H-x86_64-pc-linux-gnu/nios2-elf/lib/libm.a(lib_a-wf_exp.o)
 .text.expf     0x0000000008017a78      0x16c /package/eda/altera/altera17.0/nios2eds/bin/gnu/H-x86_64-pc-linux-gnu/bin/../lib/gcc/nios2-elf/5.3.0/../../../../../H-x86_64-pc-linux-gnu/nios2-elf/lib/libm.a(lib_a-wf_exp.o)
                0x0000000008017a78                expf
 .text          0x0000000008017be4        0x0 /package/eda/altera/altera17.0/nios2eds/bin/gnu/H-x86_64-pc-linux-gnu/bin/../lib/gcc/nios2-elf/5.3.0/../../../../../H-x86_64-pc-linux-gnu/nios2-elf/lib/libm.a(lib_a-wf_log.o)
 .text.logf     0x0000000008017be4      0x178 /package/eda/altera/altera17.0/nios2eds/bin/gnu/H-x86_64-pc-linux-gnu/bin/../lib/gcc/nios2-elf/5.3.0/../../../../../H-x86_64-pc-linux-gnu/nios2-elf/lib/libm.a(lib_a-wf_log.o)
                0x0000000008017be4                logf
 .text          0x0000000008017d5c        0x0 /package/eda/altera/altera17.0/nios2eds/bin/gnu/H-x86_64-pc-linux-gnu/bin/../lib/gcc/nios2-elf/5.3.0/../../../../../H-x86_64-pc-linux-gnu/nios2-elf/lib/libm.a(lib_a-wf_sqrt.o)
 .text.sqrtf    0x0000000008017d5c      0x114 /package/eda/altera/altera17.0/nios2eds/bin/gnu/H-x86_64-pc-linux-gnu/bin/../lib/gcc/nios2-elf/5.3.0/../../../../../H-x86_64-pc-linux-gnu/nios2-elf/lib/libm.a(lib_a-wf_sqrt.o)
                0x0000000008017d5c                sqrtf
 .text          0x0000000008017e70        0x0 /package/eda/altera/altera17.0/nios2eds/bin/gnu/H-x86_64-pc-linux-gnu/bin/../lib/gcc/nios2-elf/5.3.0/../../../../../H-x86_64-pc-linux-gnu/nios2-elf/lib/libm.a(lib_a-e_log.o)
 .text.__ieee754_log
                0x0000000008017e70      0x71c /package/eda/altera/altera17.0/nios2eds/bin/gnu/H-x86_64-pc-linux-gnu/bin/../lib/gcc/nios2-elf/5.3.0/../../../../../H-x86_64-pc-linux-gnu/nios2-elf/lib/libm.a(lib_a-e_log.o)
                0x0000000008017e70                __ieee754_log
 .text          0x000000000801858c        0x0 /package/eda/altera/altera17.0/nios2eds/bin/gnu/H-x86_64-pc-linux-gnu/bin/../lib/gcc/nios2-elf/5.3.0/../../../../../H-x86_64-pc-linux-gnu/nios2-elf/lib/libm.a(lib_a-e_sqrt.o)
 .text.__ieee754_sqrt
                0x000000000801858c      0x288 /package/eda/altera/altera17.0/nios2eds/bin/gnu/H-x86_64-pc-linux-gnu/bin/../lib/gcc/nios2-elf/5.3.0/../../../../../H-x86_64-pc-linux-gnu/nios2-elf/lib/libm.a(lib_a-e_sqrt.o)
                0x000000000801858c                __ieee754_sqrt
 .text          0x0000000008018814        0x0 /package/eda/altera/altera17.0/nios2eds/bin/gnu/H-x86_64-pc-linux-gnu/bin/../lib/gcc/nios2-elf/5.3.0/../../../../../H-x86_64-pc-linux-gnu/nios2-elf/lib/libm.a(lib_a-ef_exp.o)
 .text.__ieee754_expf
                0x0000000008018814      0x330 /package/eda/altera/altera17.0/nios2eds/bin/gnu/H-x86_64-pc-linux-gnu/bin/../lib/gcc/nios2-elf/5.3.0/../../../../../H-x86_64-pc-linux-gnu/nios2-elf/lib/libm.a(lib_a-ef_exp.o)
                0x0000000008018814                __ieee754_expf
 .text          0x0000000008018b44        0x0 /package/eda/altera/altera17.0/nios2eds/bin/gnu/H-x86_64-pc-linux-gnu/bin/../lib/gcc/nios2-elf/5.3.0/../../../../../H-x86_64-pc-linux-gnu/nios2-elf/lib/libm.a(lib_a-ef_log.o)
 .text.__ieee754_logf
                0x0000000008018b44      0x498 /package/eda/altera/altera17.0/nios2eds/bin/gnu/H-x86_64-pc-linux-gnu/bin/../lib/gcc/nios2-elf/5.3.0/../../../../../H-x86_64-pc-linux-gnu/nios2-elf/lib/libm.a(lib_a-ef_log.o)
                0x0000000008018b44                __ieee754_logf
 .text          0x0000000008018fdc        0x0 /package/eda/altera/altera17.0/nios2eds/bin/gnu/H-x86_64-pc-linux-gnu/bin/../lib/gcc/nios2-elf/5.3.0/../../../../../H-x86_64-pc-linux-gnu/nios2-elf/lib/libm.a(lib_a-ef_rem_pio2.o)
 .text.__ieee754_rem_pio2f
                0x0000000008018fdc      0x524 /package/eda/altera/altera17.0/nios2eds/bin/gnu/H-x86_64-pc-linux-gnu/bin/../lib/gcc/nios2-elf/5.3.0/../../../../../H-x86_64-pc-linux-gnu/nios2-elf/lib/libm.a(lib_a-ef_rem_pio2.o)
                0x0000000008018fdc                __ieee754_rem_pio2f
 .text          0x0000000008019500        0x0 /package/eda/altera/altera17.0/nios2eds/bin/gnu/H-x86_64-pc-linux-gnu/bin/../lib/gcc/nios2-elf/5.3.0/../../../../../H-x86_64-pc-linux-gnu/nios2-elf/lib/libm.a(lib_a-ef_sqrt.o)
 .text.__ieee754_sqrtf
                0x0000000008019500      0x154 /package/eda/altera/altera17.0/nios2eds/bin/gnu/H-x86_64-pc-linux-gnu/bin/../lib/gcc/nios2-elf/5.3.0/../../../../../H-x86_64-pc-linux-gnu/nios2-elf/lib/libm.a(lib_a-ef_sqrt.o)
                0x0000000008019500                __ieee754_sqrtf
 .text          0x0000000008019654        0x0 /package/eda/altera/altera17.0/nios2eds/bin/gnu/H-x86_64-pc-linux-gnu/bin/../lib/gcc/nios2-elf/5.3.0/../../../../../H-x86_64-pc-linux-gnu/nios2-elf/lib/libm.a(lib_a-kf_cos.o)
 .text.__kernel_cosf
                0x0000000008019654      0x2cc /package/eda/altera/altera17.0/nios2eds/bin/gnu/H-x86_64-pc-linux-gnu/bin/../lib/gcc/nios2-elf/5.3.0/../../../../../H-x86_64-pc-linux-gnu/nios2-elf/lib/libm.a(lib_a-kf_cos.o)
                0x0000000008019654                __kernel_cosf
 .text          0x0000000008019920        0x0 /package/eda/altera/altera17.0/nios2eds/bin/gnu/H-x86_64-pc-linux-gnu/bin/../lib/gcc/nios2-elf/5.3.0/../../../../../H-x86_64-pc-linux-gnu/nios2-elf/lib/libm.a(lib_a-kf_rem_pio2.o)
 .text.__kernel_rem_pio2f
                0x0000000008019920      0xb04 /package/eda/altera/altera17.0/nios2eds/bin/gnu/H-x86_64-pc-linux-gnu/bin/../lib/gcc/nios2-elf/5.3.0/../../../../../H-x86_64-pc-linux-gnu/nios2-elf/lib/libm.a(lib_a-kf_rem_pio2.o)
                0x0000000008019920                __kernel_rem_pio2f
 .text          0x000000000801a424        0x0 /package/eda/altera/altera17.0/nios2eds/bin/gnu/H-x86_64-pc-linux-gnu/bin/../lib/gcc/nios2-elf/5.3.0/../../../../../H-x86_64-pc-linux-gnu/nios2-elf/lib/libm.a(lib_a-kf_sin.o)
 .text.__kernel_sinf
                0x000000000801a424      0x1b8 /package/eda/altera/altera17.0/nios2eds/bin/gnu/H-x86_64-pc-linux-gnu/bin/../lib/gcc/nios2-elf/5.3.0/../../../../../H-x86_64-pc-linux-gnu/nios2-elf/lib/libm.a(lib_a-kf_sin.o)
                0x000000000801a424                __kernel_sinf
 .text          0x000000000801a5dc        0x0 /package/eda/altera/altera17.0/nios2eds/bin/gnu/H-x86_64-pc-linux-gnu/bin/../lib/gcc/nios2-elf/5.3.0/../../../../../H-x86_64-pc-linux-gnu/nios2-elf/lib/libm.a(lib_a-s_fpclassify.o)
 .text.__fpclassifyd
                0x000000000801a5dc       0x74 /package/eda/altera/altera17.0/nios2eds/bin/gnu/H-x86_64-pc-linux-gnu/bin/../lib/gcc/nios2-elf/5.3.0/../../../../../H-x86_64-pc-linux-gnu/nios2-elf/lib/libm.a(lib_a-s_fpclassify.o)
                0x000000000801a5dc                __fpclassifyd
 .text          0x000000000801a650        0x0 /package/eda/altera/altera17.0/nios2eds/bin/gnu/H-x86_64-pc-linux-gnu/bin/../lib/gcc/nios2-elf/5.3.0/../../../../../H-x86_64-pc-linux-gnu/nios2-elf/lib/libm.a(lib_a-s_lib_ver.o)
 .text          0x000000000801a650        0x0 /package/eda/altera/altera17.0/nios2eds/bin/gnu/H-x86_64-pc-linux-gnu/bin/../lib/gcc/nios2-elf/5.3.0/../../../../../H-x86_64-pc-linux-gnu/nios2-elf/lib/libm.a(lib_a-s_matherr.o)
 .text.matherr  0x000000000801a650        0x8 /package/eda/altera/altera17.0/nios2eds/bin/gnu/H-x86_64-pc-linux-gnu/bin/../lib/gcc/nios2-elf/5.3.0/../../../../../H-x86_64-pc-linux-gnu/nios2-elf/lib/libm.a(lib_a-s_matherr.o)
                0x000000000801a650                matherr
 .text          0x000000000801a658        0x0 /package/eda/altera/altera17.0/nios2eds/bin/gnu/H-x86_64-pc-linux-gnu/bin/../lib/gcc/nios2-elf/5.3.0/../../../../../H-x86_64-pc-linux-gnu/nios2-elf/lib/libm.a(lib_a-s_nan.o)
 .text.nan      0x000000000801a658        0xc /package/eda/altera/altera17.0/nios2eds/bin/gnu/H-x86_64-pc-linux-gnu/bin/../lib/gcc/nios2-elf/5.3.0/../../../../../H-x86_64-pc-linux-gnu/nios2-elf/lib/libm.a(lib_a-s_nan.o)
                0x000000000801a658                nan
 .text          0x000000000801a664        0x0 /package/eda/altera/altera17.0/nios2eds/bin/gnu/H-x86_64-pc-linux-gnu/bin/../lib/gcc/nios2-elf/5.3.0/../../../../../H-x86_64-pc-linux-gnu/nios2-elf/lib/libm.a(lib_a-sf_fabs.o)
 .text.fabsf    0x000000000801a664       0x10 /package/eda/altera/altera17.0/nios2eds/bin/gnu/H-x86_64-pc-linux-gnu/bin/../lib/gcc/nios2-elf/5.3.0/../../../../../H-x86_64-pc-linux-gnu/nios2-elf/lib/libm.a(lib_a-sf_fabs.o)
                0x000000000801a664                fabsf
 .text          0x000000000801a674        0x0 /package/eda/altera/altera17.0/nios2eds/bin/gnu/H-x86_64-pc-linux-gnu/bin/../lib/gcc/nios2-elf/5.3.0/../../../../../H-x86_64-pc-linux-gnu/nios2-elf/lib/libm.a(lib_a-sf_finite.o)
 .text.finitef  0x000000000801a674       0x18 /package/eda/altera/altera17.0/nios2eds/bin/gnu/H-x86_64-pc-linux-gnu/bin/../lib/gcc/nios2-elf/5.3.0/../../../../../H-x86_64-pc-linux-gnu/nios2-elf/lib/libm.a(lib_a-sf_finite.o)
                0x000000000801a674                finitef
 .text          0x000000000801a68c        0x0 /package/eda/altera/altera17.0/nios2eds/bin/gnu/H-x86_64-pc-linux-gnu/bin/../lib/gcc/nios2-elf/5.3.0/../../../../../H-x86_64-pc-linux-gnu/nios2-elf/lib/libm.a(lib_a-sf_floor.o)
 .text.floorf   0x000000000801a68c      0x104 /package/eda/altera/altera17.0/nios2eds/bin/gnu/H-x86_64-pc-linux-gnu/bin/../lib/gcc/nios2-elf/5.3.0/../../../../../H-x86_64-pc-linux-gnu/nios2-elf/lib/libm.a(lib_a-sf_floor.o)
                0x000000000801a68c                floorf
 .text          0x000000000801a790        0x0 /package/eda/altera/altera17.0/nios2eds/bin/gnu/H-x86_64-pc-linux-gnu/bin/../lib/gcc/nios2-elf/5.3.0/../../../../../H-x86_64-pc-linux-gnu/nios2-elf/lib/libm.a(lib_a-sf_fpclassify.o)
 .text.__fpclassifyf
                0x000000000801a790       0x58 /package/eda/altera/altera17.0/nios2eds/bin/gnu/H-x86_64-pc-linux-gnu/bin/../lib/gcc/nios2-elf/5.3.0/../../../../../H-x86_64-pc-linux-gnu/nios2-elf/lib/libm.a(lib_a-sf_fpclassify.o)
                0x000000000801a790                __fpclassifyf
 .text          0x000000000801a7e8        0x0 /package/eda/altera/altera17.0/nios2eds/bin/gnu/H-x86_64-pc-linux-gnu/bin/../lib/gcc/nios2-elf/5.3.0/../../../../../H-x86_64-pc-linux-gnu/nios2-elf/lib/libm.a(lib_a-sf_scalbn.o)
 .text.scalbnf  0x000000000801a7e8      0x144 /package/eda/altera/altera17.0/nios2eds/bin/gnu/H-x86_64-pc-linux-gnu/bin/../lib/gcc/nios2-elf/5.3.0/../../../../../H-x86_64-pc-linux-gnu/nios2-elf/lib/libm.a(lib_a-sf_scalbn.o)
                0x000000000801a7e8                scalbnf
 .text          0x000000000801a92c        0x0 /package/eda/altera/altera17.0/nios2eds/bin/gnu/H-x86_64-pc-linux-gnu/bin/../lib/gcc/nios2-elf/5.3.0/../../../../../H-x86_64-pc-linux-gnu/nios2-elf/lib/libm.a(lib_a-sf_copysign.o)
 .text.copysignf
                0x000000000801a92c       0x18 /package/eda/altera/altera17.0/nios2eds/bin/gnu/H-x86_64-pc-linux-gnu/bin/../lib/gcc/nios2-elf/5.3.0/../../../../../H-x86_64-pc-linux-gnu/nios2-elf/lib/libm.a(lib_a-sf_copysign.o)
                0x000000000801a92c                copysignf
 .text          0x000000000801a944       0x60 /package/eda/altera/altera17.0/nios2eds/bin/gnu/H-x86_64-pc-linux-gnu/bin/../lib/gcc/nios2-elf/5.3.0/libgcc.a(_muldi3.o)
                0x000000000801a944                __muldi3
 .text          0x000000000801a9a4       0x60 /package/eda/altera/altera17.0/nios2eds/bin/gnu/H-x86_64-pc-linux-gnu/bin/../lib/gcc/nios2-elf/5.3.0/libgcc.a(_fixunssfsi.o)
                0x000000000801a9a4                __fixunssfsi
 .text          0x000000000801aa04      0x1b4 /package/eda/altera/altera17.0/nios2eds/bin/gnu/H-x86_64-pc-linux-gnu/bin/../lib/gcc/nios2-elf/5.3.0/libgcc.a(lib2-divmod.o)
                0x000000000801aa04                __divsi3
                0x000000000801aa88                __modsi3
                0x000000000801aafc                __udivsi3
                0x000000000801ab60                __umodsi3
 .text          0x000000000801abb8      0x4c8 /package/eda/altera/altera17.0/nios2eds/bin/gnu/H-x86_64-pc-linux-gnu/bin/../lib/gcc/nios2-elf/5.3.0/libgcc.a(addsf3.o)
                0x000000000801abb8                __addsf3
 .text          0x000000000801b080      0x440 /package/eda/altera/altera17.0/nios2eds/bin/gnu/H-x86_64-pc-linux-gnu/bin/../lib/gcc/nios2-elf/5.3.0/libgcc.a(divsf3.o)
                0x000000000801b080                __divsf3
 .text          0x000000000801b4c0       0x78 /package/eda/altera/altera17.0/nios2eds/bin/gnu/H-x86_64-pc-linux-gnu/bin/../lib/gcc/nios2-elf/5.3.0/libgcc.a(eqsf2.o)
                0x000000000801b4c0                __nesf2
                0x000000000801b4c0                __eqsf2
 .text          0x000000000801b538       0xbc /package/eda/altera/altera17.0/nios2eds/bin/gnu/H-x86_64-pc-linux-gnu/bin/../lib/gcc/nios2-elf/5.3.0/libgcc.a(gesf2.o)
                0x000000000801b538                __gtsf2
                0x000000000801b538                __gesf2
 .text          0x000000000801b5f4       0xc8 /package/eda/altera/altera17.0/nios2eds/bin/gnu/H-x86_64-pc-linux-gnu/bin/../lib/gcc/nios2-elf/5.3.0/libgcc.a(lesf2.o)
                0x000000000801b5f4                __lesf2
                0x000000000801b5f4                __ltsf2
 .text          0x000000000801b6bc      0x3fc /package/eda/altera/altera17.0/nios2eds/bin/gnu/H-x86_64-pc-linux-gnu/bin/../lib/gcc/nios2-elf/5.3.0/libgcc.a(mulsf3.o)
                0x000000000801b6bc                __mulsf3
 .text          0x000000000801bab8      0x4e4 /package/eda/altera/altera17.0/nios2eds/bin/gnu/H-x86_64-pc-linux-gnu/bin/../lib/gcc/nios2-elf/5.3.0/libgcc.a(subsf3.o)
                0x000000000801bab8                __subsf3
 .text          0x000000000801bf9c       0x70 /package/eda/altera/altera17.0/nios2eds/bin/gnu/H-x86_64-pc-linux-gnu/bin/../lib/gcc/nios2-elf/5.3.0/libgcc.a(fixsfsi.o)
                0x000000000801bf9c                __fixsfsi
 .text          0x000000000801c00c      0x124 /package/eda/altera/altera17.0/nios2eds/bin/gnu/H-x86_64-pc-linux-gnu/bin/../lib/gcc/nios2-elf/5.3.0/libgcc.a(floatsisf.o)
                0x000000000801c00c                __floatsisf
 .text          0x000000000801c130      0x8ac /package/eda/altera/altera17.0/nios2eds/bin/gnu/H-x86_64-pc-linux-gnu/bin/../lib/gcc/nios2-elf/5.3.0/libgcc.a(adddf3.o)
                0x000000000801c130                __adddf3
 .text          0x000000000801c9dc      0x8e8 /package/eda/altera/altera17.0/nios2eds/bin/gnu/H-x86_64-pc-linux-gnu/bin/../lib/gcc/nios2-elf/5.3.0/libgcc.a(divdf3.o)
                0x000000000801c9dc                __divdf3
 .text          0x000000000801d2c4       0x88 /package/eda/altera/altera17.0/nios2eds/bin/gnu/H-x86_64-pc-linux-gnu/bin/../lib/gcc/nios2-elf/5.3.0/libgcc.a(eqdf2.o)
                0x000000000801d2c4                __eqdf2
                0x000000000801d2c4                __nedf2
 .text          0x000000000801d34c       0xdc /package/eda/altera/altera17.0/nios2eds/bin/gnu/H-x86_64-pc-linux-gnu/bin/../lib/gcc/nios2-elf/5.3.0/libgcc.a(gedf2.o)
                0x000000000801d34c                __gtdf2
                0x000000000801d34c                __gedf2
 .text          0x000000000801d428       0xf4 /package/eda/altera/altera17.0/nios2eds/bin/gnu/H-x86_64-pc-linux-gnu/bin/../lib/gcc/nios2-elf/5.3.0/libgcc.a(ledf2.o)
                0x000000000801d428                __ltdf2
                0x000000000801d428                __ledf2
 .text          0x000000000801d51c      0x718 /package/eda/altera/altera17.0/nios2eds/bin/gnu/H-x86_64-pc-linux-gnu/bin/../lib/gcc/nios2-elf/5.3.0/libgcc.a(muldf3.o)
                0x000000000801d51c                __muldf3
 .text          0x000000000801dc34      0x8fc /package/eda/altera/altera17.0/nios2eds/bin/gnu/H-x86_64-pc-linux-gnu/bin/../lib/gcc/nios2-elf/5.3.0/libgcc.a(subdf3.o)
                0x000000000801dc34                __subdf3
 .text          0x000000000801e530       0x80 /package/eda/altera/altera17.0/nios2eds/bin/gnu/H-x86_64-pc-linux-gnu/bin/../lib/gcc/nios2-elf/5.3.0/libgcc.a(fixdfsi.o)
                0x000000000801e530                __fixdfsi
 .text          0x000000000801e5b0       0xdc /package/eda/altera/altera17.0/nios2eds/bin/gnu/H-x86_64-pc-linux-gnu/bin/../lib/gcc/nios2-elf/5.3.0/libgcc.a(floatsidf.o)
                0x000000000801e5b0                __floatsidf
 .text          0x000000000801e68c      0x110 /package/eda/altera/altera17.0/nios2eds/bin/gnu/H-x86_64-pc-linux-gnu/bin/../lib/gcc/nios2-elf/5.3.0/libgcc.a(extendsfdf2.o)
                0x000000000801e68c                __extendsfdf2
 .text          0x000000000801e79c      0x1a8 /package/eda/altera/altera17.0/nios2eds/bin/gnu/H-x86_64-pc-linux-gnu/bin/../lib/gcc/nios2-elf/5.3.0/libgcc.a(truncdfsf2.o)
                0x000000000801e79c                __truncdfsf2
 .text          0x000000000801e944       0x64 /package/eda/altera/altera17.0/nios2eds/bin/gnu/H-x86_64-pc-linux-gnu/bin/../lib/gcc/nios2-elf/5.3.0/libgcc.a(_clzsi2.o)
                0x000000000801e944                __clzsi2
 .text          0x000000000801e9a8        0x0 /package/eda/altera/altera17.0/nios2eds/bin/gnu/H-x86_64-pc-linux-gnu/bin/../lib/gcc/nios2-elf/5.3.0/libgcc.a(_clz.o)
 .text          0x000000000801e9a8        0x0 /package/eda/altera/altera17.0/nios2eds/bin/gnu/H-x86_64-pc-linux-gnu/bin/../lib/gcc/nios2-elf/5.3.0/../../../../../H-x86_64-pc-linux-gnu/nios2-elf/lib/libc.a(lib_a-abort.o)
 .text.abort    0x000000000801e9a8       0x18 /package/eda/altera/altera17.0/nios2eds/bin/gnu/H-x86_64-pc-linux-gnu/bin/../lib/gcc/nios2-elf/5.3.0/../../../../../H-x86_64-pc-linux-gnu/nios2-elf/lib/libc.a(lib_a-abort.o)
                0x000000000801e9a8                abort
 .text          0x000000000801e9c0        0x0 /package/eda/altera/altera17.0/nios2eds/bin/gnu/H-x86_64-pc-linux-gnu/bin/../lib/gcc/nios2-elf/5.3.0/../../../../../H-x86_64-pc-linux-gnu/nios2-elf/lib/libc.a(lib_a-assert.o)
 .text.__assert_func
                0x000000000801e9c0       0x68 /package/eda/altera/altera17.0/nios2eds/bin/gnu/H-x86_64-pc-linux-gnu/bin/../lib/gcc/nios2-elf/5.3.0/../../../../../H-x86_64-pc-linux-gnu/nios2-elf/lib/libc.a(lib_a-assert.o)
                0x000000000801e9c0                __assert_func
 .text.__assert
                0x000000000801ea28       0x14 /package/eda/altera/altera17.0/nios2eds/bin/gnu/H-x86_64-pc-linux-gnu/bin/../lib/gcc/nios2-elf/5.3.0/../../../../../H-x86_64-pc-linux-gnu/nios2-elf/lib/libc.a(lib_a-assert.o)
                0x000000000801ea28                __assert
 .text          0x000000000801ea3c        0x0 /package/eda/altera/altera17.0/nios2eds/bin/gnu/H-x86_64-pc-linux-gnu/bin/../lib/gcc/nios2-elf/5.3.0/../../../../../H-x86_64-pc-linux-gnu/nios2-elf/lib/libc.a(lib_a-calloc.o)
 .text.calloc   0x000000000801ea3c       0x18 /package/eda/altera/altera17.0/nios2eds/bin/gnu/H-x86_64-pc-linux-gnu/bin/../lib/gcc/nios2-elf/5.3.0/../../../../../H-x86_64-pc-linux-gnu/nios2-elf/lib/libc.a(lib_a-calloc.o)
                0x000000000801ea3c                calloc
 .text          0x000000000801ea54        0x0 /package/eda/altera/altera17.0/nios2eds/bin/gnu/H-x86_64-pc-linux-gnu/bin/../lib/gcc/nios2-elf/5.3.0/../../../../../H-x86_64-pc-linux-gnu/nios2-elf/lib/libc.a(lib_a-callocr.o)
 .text._calloc_r
                0x000000000801ea54       0xc4 /package/eda/altera/altera17.0/nios2eds/bin/gnu/H-x86_64-pc-linux-gnu/bin/../lib/gcc/nios2-elf/5.3.0/../../../../../H-x86_64-pc-linux-gnu/nios2-elf/lib/libc.a(lib_a-callocr.o)
                0x000000000801ea54                _calloc_r
 .text          0x000000000801eb18        0x0 /package/eda/altera/altera17.0/nios2eds/bin/gnu/H-x86_64-pc-linux-gnu/bin/../lib/gcc/nios2-elf/5.3.0/../../../../../H-x86_64-pc-linux-gnu/nios2-elf/lib/libc.a(lib_a-errno.o)
 .text.__errno  0x000000000801eb18       0x10 /package/eda/altera/altera17.0/nios2eds/bin/gnu/H-x86_64-pc-linux-gnu/bin/../lib/gcc/nios2-elf/5.3.0/../../../../../H-x86_64-pc-linux-gnu/nios2-elf/lib/libc.a(lib_a-errno.o)
                0x000000000801eb18                __errno
 .text          0x000000000801eb28        0x0 /package/eda/altera/altera17.0/nios2eds/bin/gnu/H-x86_64-pc-linux-gnu/bin/../lib/gcc/nios2-elf/5.3.0/../../../../../H-x86_64-pc-linux-gnu/nios2-elf/lib/libc.a(lib_a-exit.o)
 .text.exit     0x000000000801eb28       0x38 /package/eda/altera/altera17.0/nios2eds/bin/gnu/H-x86_64-pc-linux-gnu/bin/../lib/gcc/nios2-elf/5.3.0/../../../../../H-x86_64-pc-linux-gnu/nios2-elf/lib/libc.a(lib_a-exit.o)
                0x000000000801eb28                exit
 .text          0x000000000801eb60        0x0 /package/eda/altera/altera17.0/nios2eds/bin/gnu/H-x86_64-pc-linux-gnu/bin/../lib/gcc/nios2-elf/5.3.0/../../../../../H-x86_64-pc-linux-gnu/nios2-elf/lib/libc.a(lib_a-fclose.o)
 .text._fclose_r
                0x000000000801eb60       0xf0 /package/eda/altera/altera17.0/nios2eds/bin/gnu/H-x86_64-pc-linux-gnu/bin/../lib/gcc/nios2-elf/5.3.0/../../../../../H-x86_64-pc-linux-gnu/nios2-elf/lib/libc.a(lib_a-fclose.o)
                0x000000000801eb60                _fclose_r
 .text.fclose   0x000000000801ec50       0x14 /package/eda/altera/altera17.0/nios2eds/bin/gnu/H-x86_64-pc-linux-gnu/bin/../lib/gcc/nios2-elf/5.3.0/../../../../../H-x86_64-pc-linux-gnu/nios2-elf/lib/libc.a(lib_a-fclose.o)
                0x000000000801ec50                fclose
 .text          0x000000000801ec64        0x0 /package/eda/altera/altera17.0/nios2eds/bin/gnu/H-x86_64-pc-linux-gnu/bin/../lib/gcc/nios2-elf/5.3.0/../../../../../H-x86_64-pc-linux-gnu/nios2-elf/lib/libc.a(lib_a-fflush.o)
 .text.__sflush_r
                0x000000000801ec64      0x21c /package/eda/altera/altera17.0/nios2eds/bin/gnu/H-x86_64-pc-linux-gnu/bin/../lib/gcc/nios2-elf/5.3.0/../../../../../H-x86_64-pc-linux-gnu/nios2-elf/lib/libc.a(lib_a-fflush.o)
                0x000000000801ec64                __sflush_r
 .text._fflush_r
                0x000000000801ee80       0x5c /package/eda/altera/altera17.0/nios2eds/bin/gnu/H-x86_64-pc-linux-gnu/bin/../lib/gcc/nios2-elf/5.3.0/../../../../../H-x86_64-pc-linux-gnu/nios2-elf/lib/libc.a(lib_a-fflush.o)
                0x000000000801ee80                _fflush_r
 .text.fflush   0x000000000801eedc       0x30 /package/eda/altera/altera17.0/nios2eds/bin/gnu/H-x86_64-pc-linux-gnu/bin/../lib/gcc/nios2-elf/5.3.0/../../../../../H-x86_64-pc-linux-gnu/nios2-elf/lib/libc.a(lib_a-fflush.o)
                0x000000000801eedc                fflush
 .text          0x000000000801ef0c        0x0 /package/eda/altera/altera17.0/nios2eds/bin/gnu/H-x86_64-pc-linux-gnu/bin/../lib/gcc/nios2-elf/5.3.0/../../../../../H-x86_64-pc-linux-gnu/nios2-elf/lib/libc.a(lib_a-fgets.o)
 .text._fgets_r
                0x000000000801ef0c      0x144 /package/eda/altera/altera17.0/nios2eds/bin/gnu/H-x86_64-pc-linux-gnu/bin/../lib/gcc/nios2-elf/5.3.0/../../../../../H-x86_64-pc-linux-gnu/nios2-elf/lib/libc.a(lib_a-fgets.o)
                0x000000000801ef0c                _fgets_r
 .text.fgets    0x000000000801f050       0x1c /package/eda/altera/altera17.0/nios2eds/bin/gnu/H-x86_64-pc-linux-gnu/bin/../lib/gcc/nios2-elf/5.3.0/../../../../../H-x86_64-pc-linux-gnu/nios2-elf/lib/libc.a(lib_a-fgets.o)
                0x000000000801f050                fgets
 .text          0x000000000801f06c        0x0 /package/eda/altera/altera17.0/nios2eds/bin/gnu/H-x86_64-pc-linux-gnu/bin/../lib/gcc/nios2-elf/5.3.0/../../../../../H-x86_64-pc-linux-gnu/nios2-elf/lib/libc.a(lib_a-fileno.o)
 .text.fileno   0x000000000801f06c       0x68 /package/eda/altera/altera17.0/nios2eds/bin/gnu/H-x86_64-pc-linux-gnu/bin/../lib/gcc/nios2-elf/5.3.0/../../../../../H-x86_64-pc-linux-gnu/nios2-elf/lib/libc.a(lib_a-fileno.o)
                0x000000000801f06c                fileno
 .text          0x000000000801f0d4        0x0 /package/eda/altera/altera17.0/nios2eds/bin/gnu/H-x86_64-pc-linux-gnu/bin/../lib/gcc/nios2-elf/5.3.0/../../../../../H-x86_64-pc-linux-gnu/nios2-elf/lib/libc.a(lib_a-findfp.o)
 .text.__fp_unlock
                0x000000000801f0d4        0x8 /package/eda/altera/altera17.0/nios2eds/bin/gnu/H-x86_64-pc-linux-gnu/bin/../lib/gcc/nios2-elf/5.3.0/../../../../../H-x86_64-pc-linux-gnu/nios2-elf/lib/libc.a(lib_a-findfp.o)
 .text._cleanup_r
                0x000000000801f0dc        0xc /package/eda/altera/altera17.0/nios2eds/bin/gnu/H-x86_64-pc-linux-gnu/bin/../lib/gcc/nios2-elf/5.3.0/../../../../../H-x86_64-pc-linux-gnu/nios2-elf/lib/libc.a(lib_a-findfp.o)
                0x000000000801f0dc                _cleanup_r
 .text.__sinit.part.1
                0x000000000801f0e8      0x19c /package/eda/altera/altera17.0/nios2eds/bin/gnu/H-x86_64-pc-linux-gnu/bin/../lib/gcc/nios2-elf/5.3.0/../../../../../H-x86_64-pc-linux-gnu/nios2-elf/lib/libc.a(lib_a-findfp.o)
 .text.__fp_lock
                0x000000000801f284        0x8 /package/eda/altera/altera17.0/nios2eds/bin/gnu/H-x86_64-pc-linux-gnu/bin/../lib/gcc/nios2-elf/5.3.0/../../../../../H-x86_64-pc-linux-gnu/nios2-elf/lib/libc.a(lib_a-findfp.o)
 .text.__sfmoreglue
                0x000000000801f28c       0x68 /package/eda/altera/altera17.0/nios2eds/bin/gnu/H-x86_64-pc-linux-gnu/bin/../lib/gcc/nios2-elf/5.3.0/../../../../../H-x86_64-pc-linux-gnu/nios2-elf/lib/libc.a(lib_a-findfp.o)
                0x000000000801f28c                __sfmoreglue
 .text.__sfp    0x000000000801f2f4      0x118 /package/eda/altera/altera17.0/nios2eds/bin/gnu/H-x86_64-pc-linux-gnu/bin/../lib/gcc/nios2-elf/5.3.0/../../../../../H-x86_64-pc-linux-gnu/nios2-elf/lib/libc.a(lib_a-findfp.o)
                0x000000000801f2f4                __sfp
 .text._cleanup
                0x000000000801f40c       0x18 /package/eda/altera/altera17.0/nios2eds/bin/gnu/H-x86_64-pc-linux-gnu/bin/../lib/gcc/nios2-elf/5.3.0/../../../../../H-x86_64-pc-linux-gnu/nios2-elf/lib/libc.a(lib_a-findfp.o)
                0x000000000801f40c                _cleanup
 .text.__sinit  0x000000000801f424       0x10 /package/eda/altera/altera17.0/nios2eds/bin/gnu/H-x86_64-pc-linux-gnu/bin/../lib/gcc/nios2-elf/5.3.0/../../../../../H-x86_64-pc-linux-gnu/nios2-elf/lib/libc.a(lib_a-findfp.o)
                0x000000000801f424                __sinit
 .text.__sfp_lock_acquire
                0x000000000801f434        0x4 /package/eda/altera/altera17.0/nios2eds/bin/gnu/H-x86_64-pc-linux-gnu/bin/../lib/gcc/nios2-elf/5.3.0/../../../../../H-x86_64-pc-linux-gnu/nios2-elf/lib/libc.a(lib_a-findfp.o)
                0x000000000801f434                __sfp_lock_acquire
 .text.__sfp_lock_release
                0x000000000801f438        0x4 /package/eda/altera/altera17.0/nios2eds/bin/gnu/H-x86_64-pc-linux-gnu/bin/../lib/gcc/nios2-elf/5.3.0/../../../../../H-x86_64-pc-linux-gnu/nios2-elf/lib/libc.a(lib_a-findfp.o)
                0x000000000801f438                __sfp_lock_release
 .text.__sinit_lock_acquire
                0x000000000801f43c        0x4 /package/eda/altera/altera17.0/nios2eds/bin/gnu/H-x86_64-pc-linux-gnu/bin/../lib/gcc/nios2-elf/5.3.0/../../../../../H-x86_64-pc-linux-gnu/nios2-elf/lib/libc.a(lib_a-findfp.o)
                0x000000000801f43c                __sinit_lock_acquire
 .text.__sinit_lock_release
                0x000000000801f440        0x4 /package/eda/altera/altera17.0/nios2eds/bin/gnu/H-x86_64-pc-linux-gnu/bin/../lib/gcc/nios2-elf/5.3.0/../../../../../H-x86_64-pc-linux-gnu/nios2-elf/lib/libc.a(lib_a-findfp.o)
                0x000000000801f440                __sinit_lock_release
 .text.__fp_lock_all
                0x000000000801f444       0x18 /package/eda/altera/altera17.0/nios2eds/bin/gnu/H-x86_64-pc-linux-gnu/bin/../lib/gcc/nios2-elf/5.3.0/../../../../../H-x86_64-pc-linux-gnu/nios2-elf/lib/libc.a(lib_a-findfp.o)
                0x000000000801f444                __fp_lock_all
 .text.__fp_unlock_all
                0x000000000801f45c       0x18 /package/eda/altera/altera17.0/nios2eds/bin/gnu/H-x86_64-pc-linux-gnu/bin/../lib/gcc/nios2-elf/5.3.0/../../../../../H-x86_64-pc-linux-gnu/nios2-elf/lib/libc.a(lib_a-findfp.o)
                0x000000000801f45c                __fp_unlock_all
 .text          0x000000000801f474        0x0 /package/eda/altera/altera17.0/nios2eds/bin/gnu/H-x86_64-pc-linux-gnu/bin/../lib/gcc/nios2-elf/5.3.0/../../../../../H-x86_64-pc-linux-gnu/nios2-elf/lib/libc.a(lib_a-fiprintf.o)
 .text._fiprintf_r
                0x000000000801f474       0x20 /package/eda/altera/altera17.0/nios2eds/bin/gnu/H-x86_64-pc-linux-gnu/bin/../lib/gcc/nios2-elf/5.3.0/../../../../../H-x86_64-pc-linux-gnu/nios2-elf/lib/libc.a(lib_a-fiprintf.o)
                0x000000000801f474                _fiprintf_r
 .text.fiprintf
                0x000000000801f494       0x3c /package/eda/altera/altera17.0/nios2eds/bin/gnu/H-x86_64-pc-linux-gnu/bin/../lib/gcc/nios2-elf/5.3.0/../../../../../H-x86_64-pc-linux-gnu/nios2-elf/lib/libc.a(lib_a-fiprintf.o)
                0x000000000801f494                fiprintf
 .text          0x000000000801f4d0        0x0 /package/eda/altera/altera17.0/nios2eds/bin/gnu/H-x86_64-pc-linux-gnu/bin/../lib/gcc/nios2-elf/5.3.0/../../../../../H-x86_64-pc-linux-gnu/nios2-elf/lib/libc.a(lib_a-fopen.o)
 .text._fopen_r
                0x000000000801f4d0       0xf4 /package/eda/altera/altera17.0/nios2eds/bin/gnu/H-x86_64-pc-linux-gnu/bin/../lib/gcc/nios2-elf/5.3.0/../../../../../H-x86_64-pc-linux-gnu/nios2-elf/lib/libc.a(lib_a-fopen.o)
                0x000000000801f4d0                _fopen_r
 .text.fopen    0x000000000801f5c4       0x18 /package/eda/altera/altera17.0/nios2eds/bin/gnu/H-x86_64-pc-linux-gnu/bin/../lib/gcc/nios2-elf/5.3.0/../../../../../H-x86_64-pc-linux-gnu/nios2-elf/lib/libc.a(lib_a-fopen.o)
                0x000000000801f5c4                fopen
 .text          0x000000000801f5dc        0x0 /package/eda/altera/altera17.0/nios2eds/bin/gnu/H-x86_64-pc-linux-gnu/bin/../lib/gcc/nios2-elf/5.3.0/../../../../../H-x86_64-pc-linux-gnu/nios2-elf/lib/libc.a(lib_a-fprintf.o)
 .text._fprintf_r
                0x000000000801f5dc       0x28 /package/eda/altera/altera17.0/nios2eds/bin/gnu/H-x86_64-pc-linux-gnu/bin/../lib/gcc/nios2-elf/5.3.0/../../../../../H-x86_64-pc-linux-gnu/nios2-elf/lib/libc.a(lib_a-fprintf.o)
                0x000000000801f5dc                _fprintf_r
 .text.fprintf  0x000000000801f604       0x24 /package/eda/altera/altera17.0/nios2eds/bin/gnu/H-x86_64-pc-linux-gnu/bin/../lib/gcc/nios2-elf/5.3.0/../../../../../H-x86_64-pc-linux-gnu/nios2-elf/lib/libc.a(lib_a-fprintf.o)
                0x000000000801f604                fprintf
 .text          0x000000000801f628        0x0 /package/eda/altera/altera17.0/nios2eds/bin/gnu/H-x86_64-pc-linux-gnu/bin/../lib/gcc/nios2-elf/5.3.0/../../../../../H-x86_64-pc-linux-gnu/nios2-elf/lib/libc.a(lib_a-fputc.o)
 .text._fputc_r
                0x000000000801f628       0x44 /package/eda/altera/altera17.0/nios2eds/bin/gnu/H-x86_64-pc-linux-gnu/bin/../lib/gcc/nios2-elf/5.3.0/../../../../../H-x86_64-pc-linux-gnu/nios2-elf/lib/libc.a(lib_a-fputc.o)
                0x000000000801f628                _fputc_r
 .text.fputc    0x000000000801f66c       0x5c /package/eda/altera/altera17.0/nios2eds/bin/gnu/H-x86_64-pc-linux-gnu/bin/../lib/gcc/nios2-elf/5.3.0/../../../../../H-x86_64-pc-linux-gnu/nios2-elf/lib/libc.a(lib_a-fputc.o)
                0x000000000801f66c                fputc
 .text          0x000000000801f6c8        0x0 /package/eda/altera/altera17.0/nios2eds/bin/gnu/H-x86_64-pc-linux-gnu/bin/../lib/gcc/nios2-elf/5.3.0/../../../../../H-x86_64-pc-linux-gnu/nios2-elf/lib/libc.a(lib_a-fputs.o)
 .text._fputs_r
                0x000000000801f6c8       0x9c /package/eda/altera/altera17.0/nios2eds/bin/gnu/H-x86_64-pc-linux-gnu/bin/../lib/gcc/nios2-elf/5.3.0/../../../../../H-x86_64-pc-linux-gnu/nios2-elf/lib/libc.a(lib_a-fputs.o)
                0x000000000801f6c8                _fputs_r
 .text.fputs    0x000000000801f764       0x18 /package/eda/altera/altera17.0/nios2eds/bin/gnu/H-x86_64-pc-linux-gnu/bin/../lib/gcc/nios2-elf/5.3.0/../../../../../H-x86_64-pc-linux-gnu/nios2-elf/lib/libc.a(lib_a-fputs.o)
                0x000000000801f764                fputs
 .text          0x000000000801f77c        0x0 /package/eda/altera/altera17.0/nios2eds/bin/gnu/H-x86_64-pc-linux-gnu/bin/../lib/gcc/nios2-elf/5.3.0/../../../../../H-x86_64-pc-linux-gnu/nios2-elf/lib/libc.a(lib_a-fread.o)
 .text._fread_r
                0x000000000801f77c      0x22c /package/eda/altera/altera17.0/nios2eds/bin/gnu/H-x86_64-pc-linux-gnu/bin/../lib/gcc/nios2-elf/5.3.0/../../../../../H-x86_64-pc-linux-gnu/nios2-elf/lib/libc.a(lib_a-fread.o)
                0x000000000801f77c                _fread_r
 .text.fread    0x000000000801f9a8       0x34 /package/eda/altera/altera17.0/nios2eds/bin/gnu/H-x86_64-pc-linux-gnu/bin/../lib/gcc/nios2-elf/5.3.0/../../../../../H-x86_64-pc-linux-gnu/nios2-elf/lib/libc.a(lib_a-fread.o)
                0x000000000801f9a8                fread
 .text          0x000000000801f9dc        0x0 /package/eda/altera/altera17.0/nios2eds/bin/gnu/H-x86_64-pc-linux-gnu/bin/../lib/gcc/nios2-elf/5.3.0/../../../../../H-x86_64-pc-linux-gnu/nios2-elf/lib/libc.a(lib_a-freer.o)
 .text._malloc_trim_r
                0x000000000801f9dc      0x124 /package/eda/altera/altera17.0/nios2eds/bin/gnu/H-x86_64-pc-linux-gnu/bin/../lib/gcc/nios2-elf/5.3.0/../../../../../H-x86_64-pc-linux-gnu/nios2-elf/lib/libc.a(lib_a-freer.o)
                0x000000000801f9dc                _malloc_trim_r
 .text._free_r  0x000000000801fb00      0x310 /package/eda/altera/altera17.0/nios2eds/bin/gnu/H-x86_64-pc-linux-gnu/bin/../lib/gcc/nios2-elf/5.3.0/../../../../../H-x86_64-pc-linux-gnu/nios2-elf/lib/libc.a(lib_a-freer.o)
                0x000000000801fb00                _free_r
 .text          0x000000000801fe10        0x0 /package/eda/altera/altera17.0/nios2eds/bin/gnu/H-x86_64-pc-linux-gnu/bin/../lib/gcc/nios2-elf/5.3.0/../../../../../H-x86_64-pc-linux-gnu/nios2-elf/lib/libc.a(lib_a-fseek.o)
 .text._fseek_r
                0x000000000801fe10        0x4 /package/eda/altera/altera17.0/nios2eds/bin/gnu/H-x86_64-pc-linux-gnu/bin/../lib/gcc/nios2-elf/5.3.0/../../../../../H-x86_64-pc-linux-gnu/nios2-elf/lib/libc.a(lib_a-fseek.o)
                0x000000000801fe10                _fseek_r
 .text.fseek    0x000000000801fe14       0x1c /package/eda/altera/altera17.0/nios2eds/bin/gnu/H-x86_64-pc-linux-gnu/bin/../lib/gcc/nios2-elf/5.3.0/../../../../../H-x86_64-pc-linux-gnu/nios2-elf/lib/libc.a(lib_a-fseek.o)
                0x000000000801fe14                fseek
 .text          0x000000000801fe30        0x0 /package/eda/altera/altera17.0/nios2eds/bin/gnu/H-x86_64-pc-linux-gnu/bin/../lib/gcc/nios2-elf/5.3.0/../../../../../H-x86_64-pc-linux-gnu/nios2-elf/lib/libc.a(lib_a-fseeko.o)
 .text._fseeko_r
                0x000000000801fe30      0x444 /package/eda/altera/altera17.0/nios2eds/bin/gnu/H-x86_64-pc-linux-gnu/bin/../lib/gcc/nios2-elf/5.3.0/../../../../../H-x86_64-pc-linux-gnu/nios2-elf/lib/libc.a(lib_a-fseeko.o)
                0x000000000801fe30                _fseeko_r
 .text.fseeko   0x0000000008020274       0x1c /package/eda/altera/altera17.0/nios2eds/bin/gnu/H-x86_64-pc-linux-gnu/bin/../lib/gcc/nios2-elf/5.3.0/../../../../../H-x86_64-pc-linux-gnu/nios2-elf/lib/libc.a(lib_a-fseeko.o)
                0x0000000008020274                fseeko
 .text          0x0000000008020290        0x0 /package/eda/altera/altera17.0/nios2eds/bin/gnu/H-x86_64-pc-linux-gnu/bin/../lib/gcc/nios2-elf/5.3.0/../../../../../H-x86_64-pc-linux-gnu/nios2-elf/lib/libc.a(lib_a-fstatr.o)
 .text._fstat_r
                0x0000000008020290       0x5c /package/eda/altera/altera17.0/nios2eds/bin/gnu/H-x86_64-pc-linux-gnu/bin/../lib/gcc/nios2-elf/5.3.0/../../../../../H-x86_64-pc-linux-gnu/nios2-elf/lib/libc.a(lib_a-fstatr.o)
                0x0000000008020290                _fstat_r
 .text          0x00000000080202ec        0x0 /package/eda/altera/altera17.0/nios2eds/bin/gnu/H-x86_64-pc-linux-gnu/bin/../lib/gcc/nios2-elf/5.3.0/../../../../../H-x86_64-pc-linux-gnu/nios2-elf/lib/libc.a(lib_a-fvwrite.o)
 .text.__sfvwrite_r
                0x00000000080202ec      0x4bc /package/eda/altera/altera17.0/nios2eds/bin/gnu/H-x86_64-pc-linux-gnu/bin/../lib/gcc/nios2-elf/5.3.0/../../../../../H-x86_64-pc-linux-gnu/nios2-elf/lib/libc.a(lib_a-fvwrite.o)
                0x00000000080202ec                __sfvwrite_r
 .text          0x00000000080207a8        0x0 /package/eda/altera/altera17.0/nios2eds/bin/gnu/H-x86_64-pc-linux-gnu/bin/../lib/gcc/nios2-elf/5.3.0/../../../../../H-x86_64-pc-linux-gnu/nios2-elf/lib/libc.a(lib_a-fwalk.o)
 .text._fwalk   0x00000000080207a8       0xc4 /package/eda/altera/altera17.0/nios2eds/bin/gnu/H-x86_64-pc-linux-gnu/bin/../lib/gcc/nios2-elf/5.3.0/../../../../../H-x86_64-pc-linux-gnu/nios2-elf/lib/libc.a(lib_a-fwalk.o)
                0x00000000080207a8                _fwalk
 .text._fwalk_reent
                0x000000000802086c       0xc4 /package/eda/altera/altera17.0/nios2eds/bin/gnu/H-x86_64-pc-linux-gnu/bin/../lib/gcc/nios2-elf/5.3.0/../../../../../H-x86_64-pc-linux-gnu/nios2-elf/lib/libc.a(lib_a-fwalk.o)
                0x000000000802086c                _fwalk_reent
 .text          0x0000000008020930        0x0 /package/eda/altera/altera17.0/nios2eds/bin/gnu/H-x86_64-pc-linux-gnu/bin/../lib/gcc/nios2-elf/5.3.0/../../../../../H-x86_64-pc-linux-gnu/nios2-elf/lib/libc.a(lib_a-fwrite.o)
 .text._fwrite_r
                0x0000000008020930       0xcc /package/eda/altera/altera17.0/nios2eds/bin/gnu/H-x86_64-pc-linux-gnu/bin/../lib/gcc/nios2-elf/5.3.0/../../../../../H-x86_64-pc-linux-gnu/nios2-elf/lib/libc.a(lib_a-fwrite.o)
                0x0000000008020930                _fwrite_r
 .text.fwrite   0x00000000080209fc       0x34 /package/eda/altera/altera17.0/nios2eds/bin/gnu/H-x86_64-pc-linux-gnu/bin/../lib/gcc/nios2-elf/5.3.0/../../../../../H-x86_64-pc-linux-gnu/nios2-elf/lib/libc.a(lib_a-fwrite.o)
                0x00000000080209fc                fwrite
 .text          0x0000000008020a30        0x0 /package/eda/altera/altera17.0/nios2eds/bin/gnu/H-x86_64-pc-linux-gnu/bin/../lib/gcc/nios2-elf/5.3.0/../../../../../H-x86_64-pc-linux-gnu/nios2-elf/lib/libc.a(lib_a-impure.o)
 .text          0x0000000008020a30        0x0 /package/eda/altera/altera17.0/nios2eds/bin/gnu/H-x86_64-pc-linux-gnu/bin/../lib/gcc/nios2-elf/5.3.0/../../../../../H-x86_64-pc-linux-gnu/nios2-elf/lib/libc.a(lib_a-int_errno.o)
 .text          0x0000000008020a30        0x0 /package/eda/altera/altera17.0/nios2eds/bin/gnu/H-x86_64-pc-linux-gnu/bin/../lib/gcc/nios2-elf/5.3.0/../../../../../H-x86_64-pc-linux-gnu/nios2-elf/lib/libc.a(lib_a-makebuf.o)
 .text.__smakebuf_r
                0x0000000008020a30      0x1bc /package/eda/altera/altera17.0/nios2eds/bin/gnu/H-x86_64-pc-linux-gnu/bin/../lib/gcc/nios2-elf/5.3.0/../../../../../H-x86_64-pc-linux-gnu/nios2-elf/lib/libc.a(lib_a-makebuf.o)
                0x0000000008020a30                __smakebuf_r
 .text          0x0000000008020bec        0x0 /package/eda/altera/altera17.0/nios2eds/bin/gnu/H-x86_64-pc-linux-gnu/bin/../lib/gcc/nios2-elf/5.3.0/../../../../../H-x86_64-pc-linux-gnu/nios2-elf/lib/libc.a(lib_a-malloc.o)
 .text.malloc   0x0000000008020bec       0x14 /package/eda/altera/altera17.0/nios2eds/bin/gnu/H-x86_64-pc-linux-gnu/bin/../lib/gcc/nios2-elf/5.3.0/../../../../../H-x86_64-pc-linux-gnu/nios2-elf/lib/libc.a(lib_a-malloc.o)
                0x0000000008020bec                malloc
 .text.free     0x0000000008020c00       0x14 /package/eda/altera/altera17.0/nios2eds/bin/gnu/H-x86_64-pc-linux-gnu/bin/../lib/gcc/nios2-elf/5.3.0/../../../../../H-x86_64-pc-linux-gnu/nios2-elf/lib/libc.a(lib_a-malloc.o)
                0x0000000008020c00                free
 .text          0x0000000008020c14        0x0 /package/eda/altera/altera17.0/nios2eds/bin/gnu/H-x86_64-pc-linux-gnu/bin/../lib/gcc/nios2-elf/5.3.0/../../../../../H-x86_64-pc-linux-gnu/nios2-elf/lib/libc.a(lib_a-mallocr.o)
 .text._malloc_r
                0x0000000008020c14      0x80c /package/eda/altera/altera17.0/nios2eds/bin/gnu/H-x86_64-pc-linux-gnu/bin/../lib/gcc/nios2-elf/5.3.0/../../../../../H-x86_64-pc-linux-gnu/nios2-elf/lib/libc.a(lib_a-mallocr.o)
                0x0000000008020c14                _malloc_r
 .text          0x0000000008021420        0x0 /package/eda/altera/altera17.0/nios2eds/bin/gnu/H-x86_64-pc-linux-gnu/bin/../lib/gcc/nios2-elf/5.3.0/../../../../../H-x86_64-pc-linux-gnu/nios2-elf/lib/libc.a(lib_a-memchr.o)
 .text.memchr   0x0000000008021420       0xe4 /package/eda/altera/altera17.0/nios2eds/bin/gnu/H-x86_64-pc-linux-gnu/bin/../lib/gcc/nios2-elf/5.3.0/../../../../../H-x86_64-pc-linux-gnu/nios2-elf/lib/libc.a(lib_a-memchr.o)
                0x0000000008021420                memchr
 .text          0x0000000008021504        0x0 /package/eda/altera/altera17.0/nios2eds/bin/gnu/H-x86_64-pc-linux-gnu/bin/../lib/gcc/nios2-elf/5.3.0/../../../../../H-x86_64-pc-linux-gnu/nios2-elf/lib/libc.a(lib_a-memcpy.o)
 .text.memcpy   0x0000000008021504      0x148 /package/eda/altera/altera17.0/nios2eds/bin/gnu/H-x86_64-pc-linux-gnu/bin/../lib/gcc/nios2-elf/5.3.0/../../../../../H-x86_64-pc-linux-gnu/nios2-elf/lib/libc.a(lib_a-memcpy.o)
                0x0000000008021504                memcpy
 .text          0x000000000802164c        0x0 /package/eda/altera/altera17.0/nios2eds/bin/gnu/H-x86_64-pc-linux-gnu/bin/../lib/gcc/nios2-elf/5.3.0/../../../../../H-x86_64-pc-linux-gnu/nios2-elf/lib/libc.a(lib_a-memmove.o)
 .text.memmove  0x000000000802164c      0x15c /package/eda/altera/altera17.0/nios2eds/bin/gnu/H-x86_64-pc-linux-gnu/bin/../lib/gcc/nios2-elf/5.3.0/../../../../../H-x86_64-pc-linux-gnu/nios2-elf/lib/libc.a(lib_a-memmove.o)
                0x000000000802164c                memmove
 .text          0x00000000080217a8        0x0 /package/eda/altera/altera17.0/nios2eds/bin/gnu/H-x86_64-pc-linux-gnu/bin/../lib/gcc/nios2-elf/5.3.0/../../../../../H-x86_64-pc-linux-gnu/nios2-elf/lib/libc.a(lib_a-memset.o)
 .text.memset   0x00000000080217a8      0x128 /package/eda/altera/altera17.0/nios2eds/bin/gnu/H-x86_64-pc-linux-gnu/bin/../lib/gcc/nios2-elf/5.3.0/../../../../../H-x86_64-pc-linux-gnu/nios2-elf/lib/libc.a(lib_a-memset.o)
                0x00000000080217a8                memset
 .text          0x00000000080218d0        0x0 /package/eda/altera/altera17.0/nios2eds/bin/gnu/H-x86_64-pc-linux-gnu/bin/../lib/gcc/nios2-elf/5.3.0/../../../../../H-x86_64-pc-linux-gnu/nios2-elf/lib/libc.a(lib_a-openr.o)
 .text._open_r  0x00000000080218d0       0x60 /package/eda/altera/altera17.0/nios2eds/bin/gnu/H-x86_64-pc-linux-gnu/bin/../lib/gcc/nios2-elf/5.3.0/../../../../../H-x86_64-pc-linux-gnu/nios2-elf/lib/libc.a(lib_a-openr.o)
                0x00000000080218d0                _open_r
 .text          0x0000000008021930        0x0 /package/eda/altera/altera17.0/nios2eds/bin/gnu/H-x86_64-pc-linux-gnu/bin/../lib/gcc/nios2-elf/5.3.0/../../../../../H-x86_64-pc-linux-gnu/nios2-elf/lib/libc.a(lib_a-printf.o)
 .text._printf_r
                0x0000000008021930       0x30 /package/eda/altera/altera17.0/nios2eds/bin/gnu/H-x86_64-pc-linux-gnu/bin/../lib/gcc/nios2-elf/5.3.0/../../../../../H-x86_64-pc-linux-gnu/nios2-elf/lib/libc.a(lib_a-printf.o)
                0x0000000008021930                _printf_r
 .text.printf   0x0000000008021960       0x3c /package/eda/altera/altera17.0/nios2eds/bin/gnu/H-x86_64-pc-linux-gnu/bin/../lib/gcc/nios2-elf/5.3.0/../../../../../H-x86_64-pc-linux-gnu/nios2-elf/lib/libc.a(lib_a-printf.o)
                0x0000000008021960                printf
 .text          0x000000000802199c        0x0 /package/eda/altera/altera17.0/nios2eds/bin/gnu/H-x86_64-pc-linux-gnu/bin/../lib/gcc/nios2-elf/5.3.0/../../../../../H-x86_64-pc-linux-gnu/nios2-elf/lib/libc.a(lib_a-putc.o)
 .text._putc_r  0x000000000802199c       0xa0 /package/eda/altera/altera17.0/nios2eds/bin/gnu/H-x86_64-pc-linux-gnu/bin/../lib/gcc/nios2-elf/5.3.0/../../../../../H-x86_64-pc-linux-gnu/nios2-elf/lib/libc.a(lib_a-putc.o)
                0x000000000802199c                _putc_r
 .text.putc     0x0000000008021a3c       0xc8 /package/eda/altera/altera17.0/nios2eds/bin/gnu/H-x86_64-pc-linux-gnu/bin/../lib/gcc/nios2-elf/5.3.0/../../../../../H-x86_64-pc-linux-gnu/nios2-elf/lib/libc.a(lib_a-putc.o)
                0x0000000008021a3c                putc
 .text          0x0000000008021b04        0x0 /package/eda/altera/altera17.0/nios2eds/bin/gnu/H-x86_64-pc-linux-gnu/bin/../lib/gcc/nios2-elf/5.3.0/../../../../../H-x86_64-pc-linux-gnu/nios2-elf/lib/libc.a(lib_a-realloc.o)
 .text.realloc  0x0000000008021b04       0x18 /package/eda/altera/altera17.0/nios2eds/bin/gnu/H-x86_64-pc-linux-gnu/bin/../lib/gcc/nios2-elf/5.3.0/../../../../../H-x86_64-pc-linux-gnu/nios2-elf/lib/libc.a(lib_a-realloc.o)
                0x0000000008021b04                realloc
 .text          0x0000000008021b1c        0x0 /package/eda/altera/altera17.0/nios2eds/bin/gnu/H-x86_64-pc-linux-gnu/bin/../lib/gcc/nios2-elf/5.3.0/../../../../../H-x86_64-pc-linux-gnu/nios2-elf/lib/libc.a(lib_a-reallocr.o)
 .text._realloc_r
                0x0000000008021b1c      0x564 /package/eda/altera/altera17.0/nios2eds/bin/gnu/H-x86_64-pc-linux-gnu/bin/../lib/gcc/nios2-elf/5.3.0/../../../../../H-x86_64-pc-linux-gnu/nios2-elf/lib/libc.a(lib_a-reallocr.o)
                0x0000000008021b1c                _realloc_r
 .text          0x0000000008022080        0x0 /package/eda/altera/altera17.0/nios2eds/bin/gnu/H-x86_64-pc-linux-gnu/bin/../lib/gcc/nios2-elf/5.3.0/../../../../../H-x86_64-pc-linux-gnu/nios2-elf/lib/libc.a(lib_a-refill.o)
 .text.lflush   0x0000000008022080       0x1c /package/eda/altera/altera17.0/nios2eds/bin/gnu/H-x86_64-pc-linux-gnu/bin/../lib/gcc/nios2-elf/5.3.0/../../../../../H-x86_64-pc-linux-gnu/nios2-elf/lib/libc.a(lib_a-refill.o)
 .text.__srefill_r
                0x000000000802209c      0x1d4 /package/eda/altera/altera17.0/nios2eds/bin/gnu/H-x86_64-pc-linux-gnu/bin/../lib/gcc/nios2-elf/5.3.0/../../../../../H-x86_64-pc-linux-gnu/nios2-elf/lib/libc.a(lib_a-refill.o)
                0x000000000802209c                __srefill_r
 .text          0x0000000008022270        0x0 /package/eda/altera/altera17.0/nios2eds/bin/gnu/H-x86_64-pc-linux-gnu/bin/../lib/gcc/nios2-elf/5.3.0/../../../../../H-x86_64-pc-linux-gnu/nios2-elf/lib/libc.a(lib_a-sbrkr.o)
 .text._sbrk_r  0x0000000008022270       0x54 /package/eda/altera/altera17.0/nios2eds/bin/gnu/H-x86_64-pc-linux-gnu/bin/../lib/gcc/nios2-elf/5.3.0/../../../../../H-x86_64-pc-linux-gnu/nios2-elf/lib/libc.a(lib_a-sbrkr.o)
                0x0000000008022270                _sbrk_r
 .text          0x00000000080222c4        0x0 /package/eda/altera/altera17.0/nios2eds/bin/gnu/H-x86_64-pc-linux-gnu/bin/../lib/gcc/nios2-elf/5.3.0/../../../../../H-x86_64-pc-linux-gnu/nios2-elf/lib/libc.a(lib_a-signal.o)
 .text._init_signal_r
                0x00000000080222c4       0x6c /package/eda/altera/altera17.0/nios2eds/bin/gnu/H-x86_64-pc-linux-gnu/bin/../lib/gcc/nios2-elf/5.3.0/../../../../../H-x86_64-pc-linux-gnu/nios2-elf/lib/libc.a(lib_a-signal.o)
                0x00000000080222c4                _init_signal_r
 .text._signal_r
                0x0000000008022330       0x84 /package/eda/altera/altera17.0/nios2eds/bin/gnu/H-x86_64-pc-linux-gnu/bin/../lib/gcc/nios2-elf/5.3.0/../../../../../H-x86_64-pc-linux-gnu/nios2-elf/lib/libc.a(lib_a-signal.o)
                0x0000000008022330                _signal_r
 .text._raise_r
                0x00000000080223b4       0xbc /package/eda/altera/altera17.0/nios2eds/bin/gnu/H-x86_64-pc-linux-gnu/bin/../lib/gcc/nios2-elf/5.3.0/../../../../../H-x86_64-pc-linux-gnu/nios2-elf/lib/libc.a(lib_a-signal.o)
                0x00000000080223b4                _raise_r
 .text.__sigtramp_r
                0x0000000008022470       0xa8 /package/eda/altera/altera17.0/nios2eds/bin/gnu/H-x86_64-pc-linux-gnu/bin/../lib/gcc/nios2-elf/5.3.0/../../../../../H-x86_64-pc-linux-gnu/nios2-elf/lib/libc.a(lib_a-signal.o)
                0x0000000008022470                __sigtramp_r
 .text.raise    0x0000000008022518       0x14 /package/eda/altera/altera17.0/nios2eds/bin/gnu/H-x86_64-pc-linux-gnu/bin/../lib/gcc/nios2-elf/5.3.0/../../../../../H-x86_64-pc-linux-gnu/nios2-elf/lib/libc.a(lib_a-signal.o)
                0x0000000008022518                raise
 .text.signal   0x000000000802252c       0x18 /package/eda/altera/altera17.0/nios2eds/bin/gnu/H-x86_64-pc-linux-gnu/bin/../lib/gcc/nios2-elf/5.3.0/../../../../../H-x86_64-pc-linux-gnu/nios2-elf/lib/libc.a(lib_a-signal.o)
                0x000000000802252c                signal
 .text._init_signal
                0x0000000008022544       0x10 /package/eda/altera/altera17.0/nios2eds/bin/gnu/H-x86_64-pc-linux-gnu/bin/../lib/gcc/nios2-elf/5.3.0/../../../../../H-x86_64-pc-linux-gnu/nios2-elf/lib/libc.a(lib_a-signal.o)
                0x0000000008022544                _init_signal
 .text.__sigtramp
                0x0000000008022554       0x14 /package/eda/altera/altera17.0/nios2eds/bin/gnu/H-x86_64-pc-linux-gnu/bin/../lib/gcc/nios2-elf/5.3.0/../../../../../H-x86_64-pc-linux-gnu/nios2-elf/lib/libc.a(lib_a-signal.o)
                0x0000000008022554                __sigtramp
 .text          0x0000000008022568        0x0 /package/eda/altera/altera17.0/nios2eds/bin/gnu/H-x86_64-pc-linux-gnu/bin/../lib/gcc/nios2-elf/5.3.0/../../../../../H-x86_64-pc-linux-gnu/nios2-elf/lib/libc.a(lib_a-signalr.o)
 .text._kill_r  0x0000000008022568       0x5c /package/eda/altera/altera17.0/nios2eds/bin/gnu/H-x86_64-pc-linux-gnu/bin/../lib/gcc/nios2-elf/5.3.0/../../../../../H-x86_64-pc-linux-gnu/nios2-elf/lib/libc.a(lib_a-signalr.o)
                0x0000000008022568                _kill_r
 .text._getpid_r
                0x00000000080225c4        0x4 /package/eda/altera/altera17.0/nios2eds/bin/gnu/H-x86_64-pc-linux-gnu/bin/../lib/gcc/nios2-elf/5.3.0/../../../../../H-x86_64-pc-linux-gnu/nios2-elf/lib/libc.a(lib_a-signalr.o)
                0x00000000080225c4                _getpid_r
 .text          0x00000000080225c8        0x0 /package/eda/altera/altera17.0/nios2eds/bin/gnu/H-x86_64-pc-linux-gnu/bin/../lib/gcc/nios2-elf/5.3.0/../../../../../H-x86_64-pc-linux-gnu/nios2-elf/lib/libc.a(lib_a-stdio.o)
 .text.__sread  0x00000000080225c8       0x54 /package/eda/altera/altera17.0/nios2eds/bin/gnu/H-x86_64-pc-linux-gnu/bin/../lib/gcc/nios2-elf/5.3.0/../../../../../H-x86_64-pc-linux-gnu/nios2-elf/lib/libc.a(lib_a-stdio.o)
                0x00000000080225c8                __sread
 .text.__seofread
                0x000000000802261c        0x8 /package/eda/altera/altera17.0/nios2eds/bin/gnu/H-x86_64-pc-linux-gnu/bin/../lib/gcc/nios2-elf/5.3.0/../../../../../H-x86_64-pc-linux-gnu/nios2-elf/lib/libc.a(lib_a-stdio.o)
                0x000000000802261c                __seofread
 .text.__swrite
                0x0000000008022624       0x7c /package/eda/altera/altera17.0/nios2eds/bin/gnu/H-x86_64-pc-linux-gnu/bin/../lib/gcc/nios2-elf/5.3.0/../../../../../H-x86_64-pc-linux-gnu/nios2-elf/lib/libc.a(lib_a-stdio.o)
                0x0000000008022624                __swrite
 .text.__sseek  0x00000000080226a0       0x5c /package/eda/altera/altera17.0/nios2eds/bin/gnu/H-x86_64-pc-linux-gnu/bin/../lib/gcc/nios2-elf/5.3.0/../../../../../H-x86_64-pc-linux-gnu/nios2-elf/lib/libc.a(lib_a-stdio.o)
                0x00000000080226a0                __sseek
 .text.__sclose
                0x00000000080226fc        0x8 /package/eda/altera/altera17.0/nios2eds/bin/gnu/H-x86_64-pc-linux-gnu/bin/../lib/gcc/nios2-elf/5.3.0/../../../../../H-x86_64-pc-linux-gnu/nios2-elf/lib/libc.a(lib_a-stdio.o)
                0x00000000080226fc                __sclose
 .text          0x0000000008022704        0x0 /package/eda/altera/altera17.0/nios2eds/bin/gnu/H-x86_64-pc-linux-gnu/bin/../lib/gcc/nios2-elf/5.3.0/../../../../../H-x86_64-pc-linux-gnu/nios2-elf/lib/libc.a(lib_a-strcmp.o)
 .text.strcmp   0x0000000008022704       0xdc /package/eda/altera/altera17.0/nios2eds/bin/gnu/H-x86_64-pc-linux-gnu/bin/../lib/gcc/nios2-elf/5.3.0/../../../../../H-x86_64-pc-linux-gnu/nios2-elf/lib/libc.a(lib_a-strcmp.o)
                0x0000000008022704                strcmp
 .text          0x00000000080227e0        0x0 /package/eda/altera/altera17.0/nios2eds/bin/gnu/H-x86_64-pc-linux-gnu/bin/../lib/gcc/nios2-elf/5.3.0/../../../../../H-x86_64-pc-linux-gnu/nios2-elf/lib/libc.a(lib_a-strdup.o)
 .text.strdup   0x00000000080227e0       0x14 /package/eda/altera/altera17.0/nios2eds/bin/gnu/H-x86_64-pc-linux-gnu/bin/../lib/gcc/nios2-elf/5.3.0/../../../../../H-x86_64-pc-linux-gnu/nios2-elf/lib/libc.a(lib_a-strdup.o)
                0x00000000080227e0                strdup
 .text          0x00000000080227f4        0x0 /package/eda/altera/altera17.0/nios2eds/bin/gnu/H-x86_64-pc-linux-gnu/bin/../lib/gcc/nios2-elf/5.3.0/../../../../../H-x86_64-pc-linux-gnu/nios2-elf/lib/libc.a(lib_a-strdup_r.o)
 .text._strdup_r
                0x00000000080227f4       0x68 /package/eda/altera/altera17.0/nios2eds/bin/gnu/H-x86_64-pc-linux-gnu/bin/../lib/gcc/nios2-elf/5.3.0/../../../../../H-x86_64-pc-linux-gnu/nios2-elf/lib/libc.a(lib_a-strdup_r.o)
                0x00000000080227f4                _strdup_r
 .text          0x000000000802285c        0x0 /package/eda/altera/altera17.0/nios2eds/bin/gnu/H-x86_64-pc-linux-gnu/bin/../lib/gcc/nios2-elf/5.3.0/../../../../../H-x86_64-pc-linux-gnu/nios2-elf/lib/libc.a(lib_a-strlen.o)
 .text.strlen   0x000000000802285c       0x98 /package/eda/altera/altera17.0/nios2eds/bin/gnu/H-x86_64-pc-linux-gnu/bin/../lib/gcc/nios2-elf/5.3.0/../../../../../H-x86_64-pc-linux-gnu/nios2-elf/lib/libc.a(lib_a-strlen.o)
                0x000000000802285c                strlen
 .text          0x00000000080228f4        0x0 /package/eda/altera/altera17.0/nios2eds/bin/gnu/H-x86_64-pc-linux-gnu/bin/../lib/gcc/nios2-elf/5.3.0/../../../../../H-x86_64-pc-linux-gnu/nios2-elf/lib/libc.a(lib_a-strncmp.o)
 .text.strncmp  0x00000000080228f4       0xd0 /package/eda/altera/altera17.0/nios2eds/bin/gnu/H-x86_64-pc-linux-gnu/bin/../lib/gcc/nios2-elf/5.3.0/../../../../../H-x86_64-pc-linux-gnu/nios2-elf/lib/libc.a(lib_a-strncmp.o)
                0x00000000080228f4                strncmp
 .text          0x00000000080229c4        0x0 /package/eda/altera/altera17.0/nios2eds/bin/gnu/H-x86_64-pc-linux-gnu/bin/../lib/gcc/nios2-elf/5.3.0/../../../../../H-x86_64-pc-linux-gnu/nios2-elf/lib/libc.a(lib_a-strtod.o)
 .text.sulp     0x00000000080229c4       0x64 /package/eda/altera/altera17.0/nios2eds/bin/gnu/H-x86_64-pc-linux-gnu/bin/../lib/gcc/nios2-elf/5.3.0/../../../../../H-x86_64-pc-linux-gnu/nios2-elf/lib/libc.a(lib_a-strtod.o)
 .text._strtod_r
                0x0000000008022a28     0x15f8 /package/eda/altera/altera17.0/nios2eds/bin/gnu/H-x86_64-pc-linux-gnu/bin/../lib/gcc/nios2-elf/5.3.0/../../../../../H-x86_64-pc-linux-gnu/nios2-elf/lib/libc.a(lib_a-strtod.o)
                0x0000000008022a28                _strtod_r
 .text.strtod   0x0000000008024020       0x18 /package/eda/altera/altera17.0/nios2eds/bin/gnu/H-x86_64-pc-linux-gnu/bin/../lib/gcc/nios2-elf/5.3.0/../../../../../H-x86_64-pc-linux-gnu/nios2-elf/lib/libc.a(lib_a-strtod.o)
                0x0000000008024020                strtod
 .text.strtof   0x0000000008024038      0x100 /package/eda/altera/altera17.0/nios2eds/bin/gnu/H-x86_64-pc-linux-gnu/bin/../lib/gcc/nios2-elf/5.3.0/../../../../../H-x86_64-pc-linux-gnu/nios2-elf/lib/libc.a(lib_a-strtod.o)
                0x0000000008024038                strtof
 .text          0x0000000008024138        0x0 /package/eda/altera/altera17.0/nios2eds/bin/gnu/H-x86_64-pc-linux-gnu/bin/../lib/gcc/nios2-elf/5.3.0/../../../../../H-x86_64-pc-linux-gnu/nios2-elf/lib/libc.a(lib_a-vfiprintfr_1.o)
 .text._vfiprintf_r
                0x0000000008024138       0x18 /package/eda/altera/altera17.0/nios2eds/bin/gnu/H-x86_64-pc-linux-gnu/bin/../lib/gcc/nios2-elf/5.3.0/../../../../../H-x86_64-pc-linux-gnu/nios2-elf/lib/libc.a(lib_a-vfiprintfr_1.o)
                0x0000000008024138                _vfiprintf_r
 .text          0x0000000008024150        0x0 /package/eda/altera/altera17.0/nios2eds/bin/gnu/H-x86_64-pc-linux-gnu/bin/../lib/gcc/nios2-elf/5.3.0/../../../../../H-x86_64-pc-linux-gnu/nios2-elf/lib/libc.a(lib_a-vfprintf.o)
 .text.___vfprintf_internal_r
                0x0000000008024150     0x21f8 /package/eda/altera/altera17.0/nios2eds/bin/gnu/H-x86_64-pc-linux-gnu/bin/../lib/gcc/nios2-elf/5.3.0/../../../../../H-x86_64-pc-linux-gnu/nios2-elf/lib/libc.a(lib_a-vfprintf.o)
                0x0000000008024150                ___vfprintf_internal_r
 .text.__vfprintf_internal
                0x0000000008026348       0x1c /package/eda/altera/altera17.0/nios2eds/bin/gnu/H-x86_64-pc-linux-gnu/bin/../lib/gcc/nios2-elf/5.3.0/../../../../../H-x86_64-pc-linux-gnu/nios2-elf/lib/libc.a(lib_a-vfprintf.o)
                0x0000000008026348                __vfprintf_internal
 .text.__sbprintf
                0x0000000008026364       0xbc /package/eda/altera/altera17.0/nios2eds/bin/gnu/H-x86_64-pc-linux-gnu/bin/../lib/gcc/nios2-elf/5.3.0/../../../../../H-x86_64-pc-linux-gnu/nios2-elf/lib/libc.a(lib_a-vfprintf.o)
 .text          0x0000000008026420        0x0 /package/eda/altera/altera17.0/nios2eds/bin/gnu/H-x86_64-pc-linux-gnu/bin/../lib/gcc/nios2-elf/5.3.0/../../../../../H-x86_64-pc-linux-gnu/nios2-elf/lib/libc.a(lib_a-wbuf.o)
 .text.__swbuf_r
                0x0000000008026420      0x140 /package/eda/altera/altera17.0/nios2eds/bin/gnu/H-x86_64-pc-linux-gnu/bin/../lib/gcc/nios2-elf/5.3.0/../../../../../H-x86_64-pc-linux-gnu/nios2-elf/lib/libc.a(lib_a-wbuf.o)
                0x0000000008026420                __swbuf_r
 .text.__swbuf  0x0000000008026560       0x18 /package/eda/altera/altera17.0/nios2eds/bin/gnu/H-x86_64-pc-linux-gnu/bin/../lib/gcc/nios2-elf/5.3.0/../../../../../H-x86_64-pc-linux-gnu/nios2-elf/lib/libc.a(lib_a-wbuf.o)
                0x0000000008026560                __swbuf
 .text          0x0000000008026578        0x0 /package/eda/altera/altera17.0/nios2eds/bin/gnu/H-x86_64-pc-linux-gnu/bin/../lib/gcc/nios2-elf/5.3.0/../../../../../H-x86_64-pc-linux-gnu/nios2-elf/lib/libc.a(lib_a-writer.o)
 .text._write_r
                0x0000000008026578       0x60 /package/eda/altera/altera17.0/nios2eds/bin/gnu/H-x86_64-pc-linux-gnu/bin/../lib/gcc/nios2-elf/5.3.0/../../../../../H-x86_64-pc-linux-gnu/nios2-elf/lib/libc.a(lib_a-writer.o)
                0x0000000008026578                _write_r
 .text          0x00000000080265d8        0x0 /package/eda/altera/altera17.0/nios2eds/bin/gnu/H-x86_64-pc-linux-gnu/bin/../lib/gcc/nios2-elf/5.3.0/../../../../../H-x86_64-pc-linux-gnu/nios2-elf/lib/libc.a(lib_a-wsetup.o)
 .text.__swsetup_r
                0x00000000080265d8      0x154 /package/eda/altera/altera17.0/nios2eds/bin/gnu/H-x86_64-pc-linux-gnu/bin/../lib/gcc/nios2-elf/5.3.0/../../../../../H-x86_64-pc-linux-gnu/nios2-elf/lib/libc.a(lib_a-wsetup.o)
                0x00000000080265d8                __swsetup_r
 .text          0x000000000802672c        0x0 /package/eda/altera/altera17.0/nios2eds/bin/gnu/H-x86_64-pc-linux-gnu/bin/../lib/gcc/nios2-elf/5.3.0/../../../../../H-x86_64-pc-linux-gnu/nios2-elf/lib/libc.a(closer.o)
 .text._close_r
                0x000000000802672c       0x54 /package/eda/altera/altera17.0/nios2eds/bin/gnu/H-x86_64-pc-linux-gnu/bin/../lib/gcc/nios2-elf/5.3.0/../../../../../H-x86_64-pc-linux-gnu/nios2-elf/lib/libc.a(closer.o)
                0x000000000802672c                _close_r
 .text          0x0000000008026780        0x0 /package/eda/altera/altera17.0/nios2eds/bin/gnu/H-x86_64-pc-linux-gnu/bin/../lib/gcc/nios2-elf/5.3.0/../../../../../H-x86_64-pc-linux-gnu/nios2-elf/lib/libc.a(lib_a-__call_atexit.o)
 .text.__call_exitprocs
                0x0000000008026780      0x180 /package/eda/altera/altera17.0/nios2eds/bin/gnu/H-x86_64-pc-linux-gnu/bin/../lib/gcc/nios2-elf/5.3.0/../../../../../H-x86_64-pc-linux-gnu/nios2-elf/lib/libc.a(lib_a-__call_atexit.o)
                0x0000000008026780                __call_exitprocs
 .text          0x0000000008026900        0x0 /package/eda/altera/altera17.0/nios2eds/bin/gnu/H-x86_64-pc-linux-gnu/bin/../lib/gcc/nios2-elf/5.3.0/../../../../../H-x86_64-pc-linux-gnu/nios2-elf/lib/libc.a(lib_a-dtoa.o)
 .text.quorem   0x0000000008026900      0x200 /package/eda/altera/altera17.0/nios2eds/bin/gnu/H-x86_64-pc-linux-gnu/bin/../lib/gcc/nios2-elf/5.3.0/../../../../../H-x86_64-pc-linux-gnu/nios2-elf/lib/libc.a(lib_a-dtoa.o)
 .text._dtoa_r  0x0000000008026b00     0x1688 /package/eda/altera/altera17.0/nios2eds/bin/gnu/H-x86_64-pc-linux-gnu/bin/../lib/gcc/nios2-elf/5.3.0/../../../../../H-x86_64-pc-linux-gnu/nios2-elf/lib/libc.a(lib_a-dtoa.o)
                0x0000000008026b00                _dtoa_r
 .text          0x0000000008028188        0x0 /package/eda/altera/altera17.0/nios2eds/bin/gnu/H-x86_64-pc-linux-gnu/bin/../lib/gcc/nios2-elf/5.3.0/../../../../../H-x86_64-pc-linux-gnu/nios2-elf/lib/libc.a(lib_a-flags.o)
 .text.__sflags
                0x0000000008028188       0xac /package/eda/altera/altera17.0/nios2eds/bin/gnu/H-x86_64-pc-linux-gnu/bin/../lib/gcc/nios2-elf/5.3.0/../../../../../H-x86_64-pc-linux-gnu/nios2-elf/lib/libc.a(lib_a-flags.o)
                0x0000000008028188                __sflags
 .text          0x0000000008028234        0x0 /package/eda/altera/altera17.0/nios2eds/bin/gnu/H-x86_64-pc-linux-gnu/bin/../lib/gcc/nios2-elf/5.3.0/../../../../../H-x86_64-pc-linux-gnu/nios2-elf/lib/libc.a(lib_a-gdtoa-gethex.o)
 .text.rshift   0x0000000008028234      0x100 /package/eda/altera/altera17.0/nios2eds/bin/gnu/H-x86_64-pc-linux-gnu/bin/../lib/gcc/nios2-elf/5.3.0/../../../../../H-x86_64-pc-linux-gnu/nios2-elf/lib/libc.a(lib_a-gdtoa-gethex.o)
 .text.__gethex
                0x0000000008028334      0x830 /package/eda/altera/altera17.0/nios2eds/bin/gnu/H-x86_64-pc-linux-gnu/bin/../lib/gcc/nios2-elf/5.3.0/../../../../../H-x86_64-pc-linux-gnu/nios2-elf/lib/libc.a(lib_a-gdtoa-gethex.o)
                0x0000000008028334                __gethex
 .text          0x0000000008028b64        0x0 /package/eda/altera/altera17.0/nios2eds/bin/gnu/H-x86_64-pc-linux-gnu/bin/../lib/gcc/nios2-elf/5.3.0/../../../../../H-x86_64-pc-linux-gnu/nios2-elf/lib/libc.a(lib_a-gdtoa-hexnan.o)
 .text.__hexnan
                0x0000000008028b64      0x25c /package/eda/altera/altera17.0/nios2eds/bin/gnu/H-x86_64-pc-linux-gnu/bin/../lib/gcc/nios2-elf/5.3.0/../../../../../H-x86_64-pc-linux-gnu/nios2-elf/lib/libc.a(lib_a-gdtoa-hexnan.o)
                0x0000000008028b64                __hexnan
 .text          0x0000000008028dc0        0x0 /package/eda/altera/altera17.0/nios2eds/bin/gnu/H-x86_64-pc-linux-gnu/bin/../lib/gcc/nios2-elf/5.3.0/../../../../../H-x86_64-pc-linux-gnu/nios2-elf/lib/libc.a(lib_a-isattyr.o)
 .text._isatty_r
                0x0000000008028dc0       0x54 /package/eda/altera/altera17.0/nios2eds/bin/gnu/H-x86_64-pc-linux-gnu/bin/../lib/gcc/nios2-elf/5.3.0/../../../../../H-x86_64-pc-linux-gnu/nios2-elf/lib/libc.a(lib_a-isattyr.o)
                0x0000000008028dc0                _isatty_r
 .text          0x0000000008028e14        0x0 /package/eda/altera/altera17.0/nios2eds/bin/gnu/H-x86_64-pc-linux-gnu/bin/../lib/gcc/nios2-elf/5.3.0/../../../../../H-x86_64-pc-linux-gnu/nios2-elf/lib/libc.a(lib_a-locale.o)
 .text._setlocale_r
                0x0000000008028e14       0x7c /package/eda/altera/altera17.0/nios2eds/bin/gnu/H-x86_64-pc-linux-gnu/bin/../lib/gcc/nios2-elf/5.3.0/../../../../../H-x86_64-pc-linux-gnu/nios2-elf/lib/libc.a(lib_a-locale.o)
                0x0000000008028e14                _setlocale_r
 .text.__locale_charset
                0x0000000008028e90        0xc /package/eda/altera/altera17.0/nios2eds/bin/gnu/H-x86_64-pc-linux-gnu/bin/../lib/gcc/nios2-elf/5.3.0/../../../../../H-x86_64-pc-linux-gnu/nios2-elf/lib/libc.a(lib_a-locale.o)
                0x0000000008028e90                __locale_charset
 .text.__locale_mb_cur_max
                0x0000000008028e9c       0x10 /package/eda/altera/altera17.0/nios2eds/bin/gnu/H-x86_64-pc-linux-gnu/bin/../lib/gcc/nios2-elf/5.3.0/../../../../../H-x86_64-pc-linux-gnu/nios2-elf/lib/libc.a(lib_a-locale.o)
                0x0000000008028e9c                __locale_mb_cur_max
 .text.__locale_msgcharset
                0x0000000008028eac        0xc /package/eda/altera/altera17.0/nios2eds/bin/gnu/H-x86_64-pc-linux-gnu/bin/../lib/gcc/nios2-elf/5.3.0/../../../../../H-x86_64-pc-linux-gnu/nios2-elf/lib/libc.a(lib_a-locale.o)
                0x0000000008028eac                __locale_msgcharset
 .text.__locale_cjk_lang
                0x0000000008028eb8        0x8 /package/eda/altera/altera17.0/nios2eds/bin/gnu/H-x86_64-pc-linux-gnu/bin/../lib/gcc/nios2-elf/5.3.0/../../../../../H-x86_64-pc-linux-gnu/nios2-elf/lib/libc.a(lib_a-locale.o)
                0x0000000008028eb8                __locale_cjk_lang
 .text._localeconv_r
                0x0000000008028ec0        0xc /package/eda/altera/altera17.0/nios2eds/bin/gnu/H-x86_64-pc-linux-gnu/bin/../lib/gcc/nios2-elf/5.3.0/../../../../../H-x86_64-pc-linux-gnu/nios2-elf/lib/libc.a(lib_a-locale.o)
                0x0000000008028ec0                _localeconv_r
 .text.setlocale
                0x0000000008028ecc       0x18 /package/eda/altera/altera17.0/nios2eds/bin/gnu/H-x86_64-pc-linux-gnu/bin/../lib/gcc/nios2-elf/5.3.0/../../../../../H-x86_64-pc-linux-gnu/nios2-elf/lib/libc.a(lib_a-locale.o)
                0x0000000008028ecc                setlocale
 .text.localeconv
                0x0000000008028ee4        0xc /package/eda/altera/altera17.0/nios2eds/bin/gnu/H-x86_64-pc-linux-gnu/bin/../lib/gcc/nios2-elf/5.3.0/../../../../../H-x86_64-pc-linux-gnu/nios2-elf/lib/libc.a(lib_a-locale.o)
                0x0000000008028ee4                localeconv
 .text          0x0000000008028ef0        0x0 /package/eda/altera/altera17.0/nios2eds/bin/gnu/H-x86_64-pc-linux-gnu/bin/../lib/gcc/nios2-elf/5.3.0/../../../../../H-x86_64-pc-linux-gnu/nios2-elf/lib/libc.a(lib_a-lseekr.o)
 .text._lseek_r
                0x0000000008028ef0       0x60 /package/eda/altera/altera17.0/nios2eds/bin/gnu/H-x86_64-pc-linux-gnu/bin/../lib/gcc/nios2-elf/5.3.0/../../../../../H-x86_64-pc-linux-gnu/nios2-elf/lib/libc.a(lib_a-lseekr.o)
                0x0000000008028ef0                _lseek_r
 .text          0x0000000008028f50        0x0 /package/eda/altera/altera17.0/nios2eds/bin/gnu/H-x86_64-pc-linux-gnu/bin/../lib/gcc/nios2-elf/5.3.0/../../../../../H-x86_64-pc-linux-gnu/nios2-elf/lib/libc.a(lib_a-mprec.o)
 .text._Balloc  0x0000000008028f50       0xa8 /package/eda/altera/altera17.0/nios2eds/bin/gnu/H-x86_64-pc-linux-gnu/bin/../lib/gcc/nios2-elf/5.3.0/../../../../../H-x86_64-pc-linux-gnu/nios2-elf/lib/libc.a(lib_a-mprec.o)
                0x0000000008028f50                _Balloc
 .text._Bfree   0x0000000008028ff8       0x28 /package/eda/altera/altera17.0/nios2eds/bin/gnu/H-x86_64-pc-linux-gnu/bin/../lib/gcc/nios2-elf/5.3.0/../../../../../H-x86_64-pc-linux-gnu/nios2-elf/lib/libc.a(lib_a-mprec.o)
                0x0000000008028ff8                _Bfree
 .text.__multadd
                0x0000000008029020      0x120 /package/eda/altera/altera17.0/nios2eds/bin/gnu/H-x86_64-pc-linux-gnu/bin/../lib/gcc/nios2-elf/5.3.0/../../../../../H-x86_64-pc-linux-gnu/nios2-elf/lib/libc.a(lib_a-mprec.o)
                0x0000000008029020                __multadd
 .text.__s2b    0x0000000008029140      0x104 /package/eda/altera/altera17.0/nios2eds/bin/gnu/H-x86_64-pc-linux-gnu/bin/../lib/gcc/nios2-elf/5.3.0/../../../../../H-x86_64-pc-linux-gnu/nios2-elf/lib/libc.a(lib_a-mprec.o)
                0x0000000008029140                __s2b
 .text.__hi0bits
                0x0000000008029244       0x68 /package/eda/altera/altera17.0/nios2eds/bin/gnu/H-x86_64-pc-linux-gnu/bin/../lib/gcc/nios2-elf/5.3.0/../../../../../H-x86_64-pc-linux-gnu/nios2-elf/lib/libc.a(lib_a-mprec.o)
                0x0000000008029244                __hi0bits
 .text.__lo0bits
                0x00000000080292ac       0xb0 /package/eda/altera/altera17.0/nios2eds/bin/gnu/H-x86_64-pc-linux-gnu/bin/../lib/gcc/nios2-elf/5.3.0/../../../../../H-x86_64-pc-linux-gnu/nios2-elf/lib/libc.a(lib_a-mprec.o)
                0x00000000080292ac                __lo0bits
 .text.__i2b    0x000000000802935c       0x3c /package/eda/altera/altera17.0/nios2eds/bin/gnu/H-x86_64-pc-linux-gnu/bin/../lib/gcc/nios2-elf/5.3.0/../../../../../H-x86_64-pc-linux-gnu/nios2-elf/lib/libc.a(lib_a-mprec.o)
                0x000000000802935c                __i2b
 .text.__multiply
                0x0000000008029398      0x1f8 /package/eda/altera/altera17.0/nios2eds/bin/gnu/H-x86_64-pc-linux-gnu/bin/../lib/gcc/nios2-elf/5.3.0/../../../../../H-x86_64-pc-linux-gnu/nios2-elf/lib/libc.a(lib_a-mprec.o)
                0x0000000008029398                __multiply
 .text.__pow5mult
                0x0000000008029590      0x140 /package/eda/altera/altera17.0/nios2eds/bin/gnu/H-x86_64-pc-linux-gnu/bin/../lib/gcc/nios2-elf/5.3.0/../../../../../H-x86_64-pc-linux-gnu/nios2-elf/lib/libc.a(lib_a-mprec.o)
                0x0000000008029590                __pow5mult
 .text.__lshift
                0x00000000080296d0      0x148 /package/eda/altera/altera17.0/nios2eds/bin/gnu/H-x86_64-pc-linux-gnu/bin/../lib/gcc/nios2-elf/5.3.0/../../../../../H-x86_64-pc-linux-gnu/nios2-elf/lib/libc.a(lib_a-mprec.o)
                0x00000000080296d0                __lshift
 .text.__mcmp   0x0000000008029818       0x60 /package/eda/altera/altera17.0/nios2eds/bin/gnu/H-x86_64-pc-linux-gnu/bin/../lib/gcc/nios2-elf/5.3.0/../../../../../H-x86_64-pc-linux-gnu/nios2-elf/lib/libc.a(lib_a-mprec.o)
                0x0000000008029818                __mcmp
 .text.__mdiff  0x0000000008029878      0x1fc /package/eda/altera/altera17.0/nios2eds/bin/gnu/H-x86_64-pc-linux-gnu/bin/../lib/gcc/nios2-elf/5.3.0/../../../../../H-x86_64-pc-linux-gnu/nios2-elf/lib/libc.a(lib_a-mprec.o)
                0x0000000008029878                __mdiff
 .text.__ulp    0x0000000008029a74       0x64 /package/eda/altera/altera17.0/nios2eds/bin/gnu/H-x86_64-pc-linux-gnu/bin/../lib/gcc/nios2-elf/5.3.0/../../../../../H-x86_64-pc-linux-gnu/nios2-elf/lib/libc.a(lib_a-mprec.o)
                0x0000000008029a74                __ulp
 .text.__b2d    0x0000000008029ad8      0x10c /package/eda/altera/altera17.0/nios2eds/bin/gnu/H-x86_64-pc-linux-gnu/bin/../lib/gcc/nios2-elf/5.3.0/../../../../../H-x86_64-pc-linux-gnu/nios2-elf/lib/libc.a(lib_a-mprec.o)
                0x0000000008029ad8                __b2d
 .text.__d2b    0x0000000008029be4      0x14c /package/eda/altera/altera17.0/nios2eds/bin/gnu/H-x86_64-pc-linux-gnu/bin/../lib/gcc/nios2-elf/5.3.0/../../../../../H-x86_64-pc-linux-gnu/nios2-elf/lib/libc.a(lib_a-mprec.o)
                0x0000000008029be4                __d2b
 .text.__ratio  0x0000000008029d30       0xa4 /package/eda/altera/altera17.0/nios2eds/bin/gnu/H-x86_64-pc-linux-gnu/bin/../lib/gcc/nios2-elf/5.3.0/../../../../../H-x86_64-pc-linux-gnu/nios2-elf/lib/libc.a(lib_a-mprec.o)
                0x0000000008029d30                __ratio
 .text._mprec_log10
                0x0000000008029dd4       0x74 /package/eda/altera/altera17.0/nios2eds/bin/gnu/H-x86_64-pc-linux-gnu/bin/../lib/gcc/nios2-elf/5.3.0/../../../../../H-x86_64-pc-linux-gnu/nios2-elf/lib/libc.a(lib_a-mprec.o)
                0x0000000008029dd4                _mprec_log10
 .text.__copybits
                0x0000000008029e48       0x78 /package/eda/altera/altera17.0/nios2eds/bin/gnu/H-x86_64-pc-linux-gnu/bin/../lib/gcc/nios2-elf/5.3.0/../../../../../H-x86_64-pc-linux-gnu/nios2-elf/lib/libc.a(lib_a-mprec.o)
                0x0000000008029e48                __copybits
 .text.__any_on
                0x0000000008029ec0       0x8c /package/eda/altera/altera17.0/nios2eds/bin/gnu/H-x86_64-pc-linux-gnu/bin/../lib/gcc/nios2-elf/5.3.0/../../../../../H-x86_64-pc-linux-gnu/nios2-elf/lib/libc.a(lib_a-mprec.o)
                0x0000000008029ec0                __any_on
 .text          0x0000000008029f4c        0x0 /package/eda/altera/altera17.0/nios2eds/bin/gnu/H-x86_64-pc-linux-gnu/bin/../lib/gcc/nios2-elf/5.3.0/../../../../../H-x86_64-pc-linux-gnu/nios2-elf/lib/libc.a(lib_a-readr.o)
 .text._read_r  0x0000000008029f4c       0x60 /package/eda/altera/altera17.0/nios2eds/bin/gnu/H-x86_64-pc-linux-gnu/bin/../lib/gcc/nios2-elf/5.3.0/../../../../../H-x86_64-pc-linux-gnu/nios2-elf/lib/libc.a(lib_a-readr.o)
                0x0000000008029f4c                _read_r
 .text          0x0000000008029fac        0x0 /package/eda/altera/altera17.0/nios2eds/bin/gnu/H-x86_64-pc-linux-gnu/bin/../lib/gcc/nios2-elf/5.3.0/../../../../../H-x86_64-pc-linux-gnu/nios2-elf/lib/libc.a(lib_a-vfiprintf.o)
 .text.__sprint_r.part.0
                0x0000000008029fac       0xfc /package/eda/altera/altera17.0/nios2eds/bin/gnu/H-x86_64-pc-linux-gnu/bin/../lib/gcc/nios2-elf/5.3.0/../../../../../H-x86_64-pc-linux-gnu/nios2-elf/lib/libc.a(lib_a-vfiprintf.o)
 .text.__sprint_r
                0x000000000802a0a8       0x18 /package/eda/altera/altera17.0/nios2eds/bin/gnu/H-x86_64-pc-linux-gnu/bin/../lib/gcc/nios2-elf/5.3.0/../../../../../H-x86_64-pc-linux-gnu/nios2-elf/lib/libc.a(lib_a-vfiprintf.o)
                0x000000000802a0a8                __sprint_r
 .text.___vfiprintf_internal_r
                0x000000000802a0c0     0x145c /package/eda/altera/altera17.0/nios2eds/bin/gnu/H-x86_64-pc-linux-gnu/bin/../lib/gcc/nios2-elf/5.3.0/../../../../../H-x86_64-pc-linux-gnu/nios2-elf/lib/libc.a(lib_a-vfiprintf.o)
                0x000000000802a0c0                ___vfiprintf_internal_r
 .text.__vfiprintf_internal
                0x000000000802b51c       0x1c /package/eda/altera/altera17.0/nios2eds/bin/gnu/H-x86_64-pc-linux-gnu/bin/../lib/gcc/nios2-elf/5.3.0/../../../../../H-x86_64-pc-linux-gnu/nios2-elf/lib/libc.a(lib_a-vfiprintf.o)
                0x000000000802b51c                __vfiprintf_internal
 .text.__sbprintf
                0x000000000802b538       0xbc /package/eda/altera/altera17.0/nios2eds/bin/gnu/H-x86_64-pc-linux-gnu/bin/../lib/gcc/nios2-elf/5.3.0/../../../../../H-x86_64-pc-linux-gnu/nios2-elf/lib/libc.a(lib_a-vfiprintf.o)
 .text          0x000000000802b5f4        0x0 /package/eda/altera/altera17.0/nios2eds/bin/gnu/H-x86_64-pc-linux-gnu/bin/../lib/gcc/nios2-elf/5.3.0/../../../../../H-x86_64-pc-linux-gnu/nios2-elf/lib/libc.a(lib_a-fputwc.o)
 .text.__fputwc
                0x000000000802b5f4      0x164 /package/eda/altera/altera17.0/nios2eds/bin/gnu/H-x86_64-pc-linux-gnu/bin/../lib/gcc/nios2-elf/5.3.0/../../../../../H-x86_64-pc-linux-gnu/nios2-elf/lib/libc.a(lib_a-fputwc.o)
                0x000000000802b5f4                __fputwc
 .text._fputwc_r
                0x000000000802b758       0x24 /package/eda/altera/altera17.0/nios2eds/bin/gnu/H-x86_64-pc-linux-gnu/bin/../lib/gcc/nios2-elf/5.3.0/../../../../../H-x86_64-pc-linux-gnu/nios2-elf/lib/libc.a(lib_a-fputwc.o)
                0x000000000802b758                _fputwc_r
 .text.fputwc   0x000000000802b77c       0x80 /package/eda/altera/altera17.0/nios2eds/bin/gnu/H-x86_64-pc-linux-gnu/bin/../lib/gcc/nios2-elf/5.3.0/../../../../../H-x86_64-pc-linux-gnu/nios2-elf/lib/libc.a(lib_a-fputwc.o)
                0x000000000802b77c                fputwc
 .text          0x000000000802b7fc        0x0 /package/eda/altera/altera17.0/nios2eds/bin/gnu/H-x86_64-pc-linux-gnu/bin/../lib/gcc/nios2-elf/5.3.0/../../../../../H-x86_64-pc-linux-gnu/nios2-elf/lib/libc.a(lib_a-wcrtomb.o)
 .text._wcrtomb_r
                0x000000000802b7fc       0x9c /package/eda/altera/altera17.0/nios2eds/bin/gnu/H-x86_64-pc-linux-gnu/bin/../lib/gcc/nios2-elf/5.3.0/../../../../../H-x86_64-pc-linux-gnu/nios2-elf/lib/libc.a(lib_a-wcrtomb.o)
                0x000000000802b7fc                _wcrtomb_r
 .text.wcrtomb  0x000000000802b898       0xc0 /package/eda/altera/altera17.0/nios2eds/bin/gnu/H-x86_64-pc-linux-gnu/bin/../lib/gcc/nios2-elf/5.3.0/../../../../../H-x86_64-pc-linux-gnu/nios2-elf/lib/libc.a(lib_a-wcrtomb.o)
                0x000000000802b898                wcrtomb
 .text          0x000000000802b958        0x0 /package/eda/altera/altera17.0/nios2eds/bin/gnu/H-x86_64-pc-linux-gnu/bin/../lib/gcc/nios2-elf/5.3.0/../../../../../H-x86_64-pc-linux-gnu/nios2-elf/lib/libc.a(lib_a-wctomb_r.o)
 .text.__ascii_wctomb
                0x000000000802b958       0x30 /package/eda/altera/altera17.0/nios2eds/bin/gnu/H-x86_64-pc-linux-gnu/bin/../lib/gcc/nios2-elf/5.3.0/../../../../../H-x86_64-pc-linux-gnu/nios2-elf/lib/libc.a(lib_a-wctomb_r.o)
                0x000000000802b958                __ascii_wctomb
 .text._wctomb_r